                                        
                           Design Compiler Graphical 
                                 DC Ultra (TM)
                                  DFTMAX (TM)
                              Power Compiler (TM)
                                 DesignWare (R)
                                 DC Expert (TM)
                               Design Vision (TM)
                               HDL Compiler (TM)
                               VHDL Compiler (TM)
                                  DFT Compiler
                               Design Compiler(R)
                                        
                 Version K-2015.06 for linux64 - May 28, 2015 
                                        
                    Copyright (c) 1988 - 2015 Synopsys, Inc.
   This software and the associated documentation are proprietary to Synopsys,
 Inc. This software may only be used in accordance with the terms and conditions
 of a written license agreement with Synopsys, Inc. All other use, reproduction,
            or distribution of this software is strictly prohibited.
Initializing...
Initializing gui preferences from file  /home/IC/.synopsys_dv_prefs.tcl
########################### Define Top Module ############################
set top_module SYS_TOP_dft
SYS_TOP_dft
##################### Define Working Library Directory ######################
define_design_lib work -path ./work
1
############################# Formality Setup File ##########################
set_svf $top_module.svf
1
################## Design Compiler Library Files #setup ######################
puts "###########################################"
###########################################
puts "#      #setting Design Libraries          #"
#      #setting Design Libraries          #
puts "###########################################"
###########################################
#Add the path of the libraries to the search_path variable
lappend search_path /home/IC/tsmc_fb_cl013g_sc/aci/sc-m/synopsys
. /opt/Synopsys/Synplify2015/libraries/syn /opt/Synopsys/Synplify2015/minpower/syn /opt/Synopsys/Synplify2015/dw/syn_ver /opt/Synopsys/Synplify2015/dw/sim_ver /home/IC/tsmc_fb_cl013g_sc/aci/sc-m/synopsys
set SSLIB "scmetro_tsmc_cl013g_rvt_ss_1p08v_125c.db"
scmetro_tsmc_cl013g_rvt_ss_1p08v_125c.db
set TTLIB "scmetro_tsmc_cl013g_rvt_tt_1p2v_25c.db"
scmetro_tsmc_cl013g_rvt_tt_1p2v_25c.db
set FFLIB "scmetro_tsmc_cl013g_rvt_ff_1p32v_m40c.db"
scmetro_tsmc_cl013g_rvt_ff_1p32v_m40c.db
## Standard Cell libraries 
set target_library [list $SSLIB $TTLIB $FFLIB]
scmetro_tsmc_cl013g_rvt_ss_1p08v_125c.db scmetro_tsmc_cl013g_rvt_tt_1p2v_25c.db scmetro_tsmc_cl013g_rvt_ff_1p32v_m40c.db
## Standard Cell & Hard Macros libraries 
set link_library [list * $SSLIB $TTLIB $FFLIB]  
* scmetro_tsmc_cl013g_rvt_ss_1p08v_125c.db scmetro_tsmc_cl013g_rvt_tt_1p2v_25c.db scmetro_tsmc_cl013g_rvt_ff_1p32v_m40c.db
######################## Reading RTL Files #################################
puts "###########################################"
###########################################
puts "#             Reading RTL Files           #"
#             Reading RTL Files           #
puts "###########################################"
###########################################
set file_format verilog
verilog
set fh [open system.lst r+]
file11
set rtl [read $fh]
/home/IC/Projects/System/RTL/ALU/ALU.v
/home/IC/Projects/System/RTL/ASYNC_FIFO/DATA_SYNC_FIFO.v
/home/IC/Projects/System/RTL/ASYNC_FIFO/FIFO_MEMORY.v
/home/IC/Projects/System/RTL/ASYNC_FIFO/FIFO_RPTR_EMPTY.v
/home/IC/Projects/System/RTL/ASYNC_FIFO/FIFO_TOP.v
/home/IC/Projects/System/RTL/ASYNC_FIFO/FIFO_WPTR_FULL.v
/home/IC/Projects/System/RTL/CLKDIV_MUX/CLKDIV_MUX.v
/home/IC/Projects/System/RTL/Clock_Divider/ClkDiv.v
/home/IC/Projects/System/RTL/Clock_Gating/CLK_GATE_dft.v
/home/IC/Projects/System/RTL/DATA_SYNC/DATA_SYNC.v
/home/IC/Projects/System/RTL/PULSE_GEN/PULSE_GEN.v
/home/IC/Projects/System/RTL/RegFile/RegFile.v
/home/IC/Projects/System/RTL/RST_SYNC/RST_SYNC.v
/home/IC/Projects/System/RTL/SYS_CTRL/SYS_CTRL.v
/home/IC/Projects/System/RTL/UART/UART_RX/data_sampling.v
/home/IC/Projects/System/RTL/UART/UART_RX/deserializer.v
/home/IC/Projects/System/RTL/UART/UART_RX/edge_bit_counter.v
/home/IC/Projects/System/RTL/UART/UART_RX/par_chk.v
/home/IC/Projects/System/RTL/UART/UART_RX/stp_chk.v
/home/IC/Projects/System/RTL/UART/UART_RX/strt_chk.v
/home/IC/Projects/System/RTL/UART/UART_RX/UART_RX.v
/home/IC/Projects/System/RTL/UART/UART_RX/uart_rx_fsm.v
/home/IC/Projects/System/RTL/UART/UART_TX/FSM.v
/home/IC/Projects/System/RTL/UART/UART_TX/MUX.v
/home/IC/Projects/System/RTL/UART/UART_TX/Parity_Calc.v
/home/IC/Projects/System/RTL/UART/UART_TX/Serializer.v
/home/IC/Projects/System/RTL/UART/UART_TX/UART_TX.v
/home/IC/Projects/System/RTL/UART/UART_TOP/UART.v
/home/IC/Projects/System/RTL/SYS_TOP/SYS_TOP_dft.v
/home/IC/Projects/System/RTL/mux2X1/mux2X1.v


set designs ""
regsub -all "\n" $rtl " " designs
31
analyze -format $file_format $designs
Running PRESTO HDLC
Compiling source file /home/IC/Projects/System/RTL/ALU/ALU.v
Compiling source file /home/IC/Projects/System/RTL/ASYNC_FIFO/DATA_SYNC_FIFO.v
Compiling source file /home/IC/Projects/System/RTL/ASYNC_FIFO/FIFO_MEMORY.v
Compiling source file /home/IC/Projects/System/RTL/ASYNC_FIFO/FIFO_RPTR_EMPTY.v
Compiling source file /home/IC/Projects/System/RTL/ASYNC_FIFO/FIFO_TOP.v
Compiling source file /home/IC/Projects/System/RTL/ASYNC_FIFO/FIFO_WPTR_FULL.v
Compiling source file /home/IC/Projects/System/RTL/CLKDIV_MUX/CLKDIV_MUX.v
Compiling source file /home/IC/Projects/System/RTL/Clock_Divider/ClkDiv.v
Compiling source file /home/IC/Projects/System/RTL/Clock_Gating/CLK_GATE_dft.v
Compiling source file /home/IC/Projects/System/RTL/DATA_SYNC/DATA_SYNC.v
Compiling source file /home/IC/Projects/System/RTL/PULSE_GEN/PULSE_GEN.v
Compiling source file /home/IC/Projects/System/RTL/RegFile/RegFile.v
Compiling source file /home/IC/Projects/System/RTL/RST_SYNC/RST_SYNC.v
Compiling source file /home/IC/Projects/System/RTL/SYS_CTRL/SYS_CTRL.v
Compiling source file /home/IC/Projects/System/RTL/UART/UART_RX/data_sampling.v
Compiling source file /home/IC/Projects/System/RTL/UART/UART_RX/deserializer.v
Compiling source file /home/IC/Projects/System/RTL/UART/UART_RX/edge_bit_counter.v
Compiling source file /home/IC/Projects/System/RTL/UART/UART_RX/par_chk.v
Compiling source file /home/IC/Projects/System/RTL/UART/UART_RX/stp_chk.v
Compiling source file /home/IC/Projects/System/RTL/UART/UART_RX/strt_chk.v
Compiling source file /home/IC/Projects/System/RTL/UART/UART_RX/UART_RX.v
Compiling source file /home/IC/Projects/System/RTL/UART/UART_RX/uart_rx_fsm.v
Compiling source file /home/IC/Projects/System/RTL/UART/UART_TX/FSM.v
Compiling source file /home/IC/Projects/System/RTL/UART/UART_TX/MUX.v
Compiling source file /home/IC/Projects/System/RTL/UART/UART_TX/Parity_Calc.v
Compiling source file /home/IC/Projects/System/RTL/UART/UART_TX/Serializer.v
Compiling source file /home/IC/Projects/System/RTL/UART/UART_TX/UART_TX.v
Compiling source file /home/IC/Projects/System/RTL/UART/UART_TOP/UART.v
Compiling source file /home/IC/Projects/System/RTL/SYS_TOP/SYS_TOP_dft.v
Compiling source file /home/IC/Projects/System/RTL/mux2X1/mux2X1.v
Presto compilation completed successfully.
Loading db file '/home/IC/tsmc_fb_cl013g_sc/aci/sc-m/synopsys/scmetro_tsmc_cl013g_rvt_ss_1p08v_125c.db'
Loading db file '/home/IC/tsmc_fb_cl013g_sc/aci/sc-m/synopsys/scmetro_tsmc_cl013g_rvt_tt_1p2v_25c.db'
Loading db file '/home/IC/tsmc_fb_cl013g_sc/aci/sc-m/synopsys/scmetro_tsmc_cl013g_rvt_ff_1p32v_m40c.db'
1
elaborate -lib work $top_module
Loading db file '/opt/Synopsys/Synplify2015/libraries/syn/gtech.db'
Loading db file '/opt/Synopsys/Synplify2015/libraries/syn/standard.sldb'
  Loading link library 'scmetro_tsmc_cl013g_rvt_ss_1p08v_125c'
  Loading link library 'scmetro_tsmc_cl013g_rvt_tt_1p2v_25c'
  Loading link library 'scmetro_tsmc_cl013g_rvt_ff_1p32v_m40c'
  Loading link library 'gtech'
Running PRESTO HDLC
Presto compilation completed successfully.
Elaborated 1 design.
Current design is now 'SYS_TOP_dft'.
Information: Building the design 'mux2X1'. (HDL-193)
Presto compilation completed successfully.
Information: Building the design 'RST_SYNC' instantiated from design 'SYS_TOP_dft' with
	the parameters "NUM_STAGES=2". (HDL-193)

Inferred memory devices in process
	in routine RST_SYNC_NUM_STAGES2 line 16 in file
		'/home/IC/Projects/System/RTL/RST_SYNC/RST_SYNC.v'.
===============================================================================
|    Register Name    |   Type    | Width | Bus | MB | AR | AS | SR | SS | ST |
===============================================================================
|    sync_reg_reg     | Flip-flop |   2   |  Y  | N  | Y  | N  | N  | N  | N  |
===============================================================================
Presto compilation completed successfully.
Information: Building the design 'DATA_SYNC' instantiated from design 'SYS_TOP_dft' with
	the parameters "NUM_STAGES=2,BUS_WIDTH=8". (HDL-193)

Inferred memory devices in process
	in routine DATA_SYNC_NUM_STAGES2_BUS_WIDTH8 line 17 in file
		'/home/IC/Projects/System/RTL/DATA_SYNC/DATA_SYNC.v'.
===============================================================================
|    Register Name    |   Type    | Width | Bus | MB | AR | AS | SR | SS | ST |
===============================================================================
|    sync_bus_reg     | Flip-flop |   8   |  Y  | N  | Y  | N  | N  | N  | N  |
===============================================================================

Inferred memory devices in process
	in routine DATA_SYNC_NUM_STAGES2_BUS_WIDTH8 line 33 in file
		'/home/IC/Projects/System/RTL/DATA_SYNC/DATA_SYNC.v'.
===============================================================================
|    Register Name    |   Type    | Width | Bus | MB | AR | AS | SR | SS | ST |
===============================================================================
|   enable_out_reg    | Flip-flop |   1   |  N  | N  | Y  | N  | N  | N  | N  |
===============================================================================

Inferred memory devices in process
	in routine DATA_SYNC_NUM_STAGES2_BUS_WIDTH8 line 46 in file
		'/home/IC/Projects/System/RTL/DATA_SYNC/DATA_SYNC.v'.
===============================================================================
|    Register Name    |   Type    | Width | Bus | MB | AR | AS | SR | SS | ST |
===============================================================================
|  enable_pulse_reg   | Flip-flop |   1   |  N  | N  | Y  | N  | N  | N  | N  |
===============================================================================

Inferred memory devices in process
	in routine DATA_SYNC_NUM_STAGES2_BUS_WIDTH8 line 59 in file
		'/home/IC/Projects/System/RTL/DATA_SYNC/DATA_SYNC.v'.
===============================================================================
|    Register Name    |   Type    | Width | Bus | MB | AR | AS | SR | SS | ST |
===============================================================================
|    bit_sync_reg     | Flip-flop |   2   |  Y  | N  | Y  | N  | N  | N  | N  |
===============================================================================
Presto compilation completed successfully.
Information: Building the design 'FIFO_TOP' instantiated from design 'SYS_TOP_dft' with
	the parameters "DATA_WIDTH=8". (HDL-193)
Presto compilation completed successfully.
Information: Building the design 'PULSE_GEN'. (HDL-193)

Inferred memory devices in process
	in routine PULSE_GEN line 19 in file
		'/home/IC/Projects/System/RTL/PULSE_GEN/PULSE_GEN.v'.
===============================================================================
|    Register Name    |   Type    | Width | Bus | MB | AR | AS | SR | SS | ST |
===============================================================================
|    rcv_flop_reg     | Flip-flop |   1   |  N  | N  | Y  | N  | N  | N  | N  |
|    pls_flop_reg     | Flip-flop |   1   |  N  | N  | Y  | N  | N  | N  | N  |
===============================================================================
Presto compilation completed successfully.
Information: Building the design 'ClkDiv'. (HDL-193)

Inferred memory devices in process
	in routine ClkDiv line 27 in file
		'/home/IC/Projects/System/RTL/Clock_Divider/ClkDiv.v'.
===============================================================================
|    Register Name    |   Type    | Width | Bus | MB | AR | AS | SR | SS | ST |
===============================================================================
|  odd_edge_tog_reg   | Flip-flop |   1   |  N  | N  | N  | Y  | N  | N  | N  |
|     div_clk_reg     | Flip-flop |   1   |  N  | N  | Y  | N  | N  | N  | N  |
|      count_reg      | Flip-flop |   7   |  Y  | N  | Y  | N  | N  | N  | N  |
===============================================================================
Presto compilation completed successfully.
Information: Building the design 'CLKDIV_MUX'. (HDL-193)

Statistics for case statements in always block at line 8 in file
	'/home/IC/Projects/System/RTL/CLKDIV_MUX/CLKDIV_MUX.v'
===============================================
|           Line           |  full/ parallel  |
===============================================
|            10            |    auto/auto     |
===============================================
Presto compilation completed successfully.
Information: Building the design 'UART'. (HDL-193)
Presto compilation completed successfully.
Information: Building the design 'SYS_CTRL'. (HDL-193)

Statistics for case statements in always block at line 82 in file
	'/home/IC/Projects/System/RTL/SYS_CTRL/SYS_CTRL.v'
===============================================
|           Line           |  full/ parallel  |
===============================================
|            84            |    auto/auto     |
|            88            |    auto/auto     |
===============================================

Statistics for case statements in always block at line 194 in file
	'/home/IC/Projects/System/RTL/SYS_CTRL/SYS_CTRL.v'
===============================================
|           Line           |  full/ parallel  |
===============================================
|           208            |    auto/auto     |
===============================================

Inferred memory devices in process
	in routine SYS_CTRL line 44 in file
		'/home/IC/Projects/System/RTL/SYS_CTRL/SYS_CTRL.v'.
===============================================================================
|    Register Name    |   Type    | Width | Bus | MB | AR | AS | SR | SS | ST |
===============================================================================
|   stored_addr_reg   | Flip-flop |   4   |  Y  | N  | Y  | N  | N  | N  | N  |
===============================================================================

Inferred memory devices in process
	in routine SYS_CTRL line 56 in file
		'/home/IC/Projects/System/RTL/SYS_CTRL/SYS_CTRL.v'.
===============================================================================
|    Register Name    |   Type    | Width | Bus | MB | AR | AS | SR | SS | ST |
===============================================================================
|   stored_out_reg    | Flip-flop |  16   |  Y  | N  | Y  | N  | N  | N  | N  |
===============================================================================

Inferred memory devices in process
	in routine SYS_CTRL line 69 in file
		'/home/IC/Projects/System/RTL/SYS_CTRL/SYS_CTRL.v'.
===============================================================================
|    Register Name    |   Type    | Width | Bus | MB | AR | AS | SR | SS | ST |
===============================================================================
|       C_S_reg       | Flip-flop |   4   |  Y  | N  | Y  | N  | N  | N  | N  |
===============================================================================
Presto compilation completed successfully.
Information: Building the design 'RegFile'. (HDL-193)

Inferred memory devices in process
	in routine RegFile line 24 in file
		'/home/IC/Projects/System/RTL/RegFile/RegFile.v'.
===============================================================================
|    Register Name    |   Type    | Width | Bus | MB | AR | AS | SR | SS | ST |
===============================================================================
|     regArr_reg      | Flip-flop |  125  |  Y  | N  | Y  | N  | N  | N  | N  |
|     regArr_reg      | Flip-flop |   3   |  Y  | N  | N  | Y  | N  | N  | N  |
|   RdData_VLD_reg    | Flip-flop |   1   |  N  | N  | Y  | N  | N  | N  | N  |
|     RdData_reg      | Flip-flop |   8   |  Y  | N  | Y  | N  | N  | N  | N  |
===============================================================================
Statistics for MUX_OPs
===========================================================
| block name/line  | Inputs | Outputs | # sel inputs | MB |
===========================================================
|    RegFile/46    |   16   |    8    |      4       | N  |
===========================================================
Presto compilation completed successfully.
Information: Building the design 'ALU'. (HDL-193)

Statistics for case statements in always block at line 34 in file
	'/home/IC/Projects/System/RTL/ALU/ALU.v'
===============================================
|           Line           |  full/ parallel  |
===============================================
|            41            |    auto/auto     |
===============================================

Inferred memory devices in process
	in routine ALU line 20 in file
		'/home/IC/Projects/System/RTL/ALU/ALU.v'.
===============================================================================
|    Register Name    |   Type    | Width | Bus | MB | AR | AS | SR | SS | ST |
===============================================================================
|     ALU_OUT_reg     | Flip-flop |  16   |  Y  | N  | Y  | N  | N  | N  | N  |
|    OUT_VALID_reg    | Flip-flop |   1   |  N  | N  | Y  | N  | N  | N  | N  |
===============================================================================
Presto compilation completed successfully.
Information: Building the design 'CLK_GATE'. (HDL-193)
Presto compilation completed successfully.
Information: Building the design 'FIFO_MEMORY'. (HDL-193)

Inferred memory devices in process
	in routine FIFO_MEMORY line 20 in file
		'/home/IC/Projects/System/RTL/ASYNC_FIFO/FIFO_MEMORY.v'.
===============================================================================
|    Register Name    |   Type    | Width | Bus | MB | AR | AS | SR | SS | ST |
===============================================================================
|       MEM_reg       | Flip-flop |  64   |  Y  | N  | Y  | N  | N  | N  | N  |
===============================================================================
Statistics for MUX_OPs
===========================================================
| block name/line  | Inputs | Outputs | # sel inputs | MB |
===========================================================
|  FIFO_MEMORY/34  |   8    |    8    |      3       | N  |
===========================================================
Presto compilation completed successfully.
Information: Building the design 'FIFO_RPTR_EMPTY'. (HDL-193)

Inferred memory devices in process
	in routine FIFO_RPTR_EMPTY line 14 in file
		'/home/IC/Projects/System/RTL/ASYNC_FIFO/FIFO_RPTR_EMPTY.v'.
===============================================================================
|    Register Name    |   Type    | Width | Bus | MB | AR | AS | SR | SS | ST |
===============================================================================
|    R_COUNTER_reg    | Flip-flop |   4   |  Y  | N  | Y  | N  | N  | N  | N  |
===============================================================================
Presto compilation completed successfully.
Information: Building the design 'DATA_SYNC_FIFO'. (HDL-193)

Inferred memory devices in process
	in routine DATA_SYNC_FIFO line 15 in file
		'/home/IC/Projects/System/RTL/ASYNC_FIFO/DATA_SYNC_FIFO.v'.
===============================================================================
|    Register Name    |   Type    | Width | Bus | MB | AR | AS | SR | SS | ST |
===============================================================================
|    sync_reg_reg     | Flip-flop |   8   |  Y  | N  | Y  | N  | N  | N  | N  |
===============================================================================
Presto compilation completed successfully.
Information: Building the design 'FIFO_WPTR_FULL'. (HDL-193)

Inferred memory devices in process
	in routine FIFO_WPTR_FULL line 14 in file
		'/home/IC/Projects/System/RTL/ASYNC_FIFO/FIFO_WPTR_FULL.v'.
===============================================================================
|    Register Name    |   Type    | Width | Bus | MB | AR | AS | SR | SS | ST |
===============================================================================
|    W_COUNTER_reg    | Flip-flop |   4   |  Y  | N  | Y  | N  | N  | N  | N  |
===============================================================================
Presto compilation completed successfully.
Information: Building the design 'UART_TX'. (HDL-193)
Presto compilation completed successfully.
Information: Building the design 'UART_RX'. (HDL-193)
Presto compilation completed successfully.
Information: Building the design 'FSM'. (HDL-193)

Statistics for case statements in always block at line 36 in file
	'/home/IC/Projects/System/RTL/UART/UART_TX/FSM.v'
===============================================
|           Line           |  full/ parallel  |
===============================================
|            38            |    auto/auto     |
===============================================

Statistics for case statements in always block at line 82 in file
	'/home/IC/Projects/System/RTL/UART/UART_TX/FSM.v'
===============================================
|           Line           |  full/ parallel  |
===============================================
|            84            |    auto/auto     |
===============================================

Inferred memory devices in process
	in routine FSM line 23 in file
		'/home/IC/Projects/System/RTL/UART/UART_TX/FSM.v'.
===============================================================================
|    Register Name    |   Type    | Width | Bus | MB | AR | AS | SR | SS | ST |
===============================================================================
|       C_S_reg       | Flip-flop |   3   |  Y  | N  | Y  | N  | N  | N  | N  |
===============================================================================
Presto compilation completed successfully.
Information: Building the design 'MUX'. (HDL-193)

Statistics for case statements in always block at line 12 in file
	'/home/IC/Projects/System/RTL/UART/UART_TX/MUX.v'
===============================================
|           Line           |  full/ parallel  |
===============================================
|            14            |    auto/auto     |
===============================================
Presto compilation completed successfully.
Information: Building the design 'Parity_Calc'. (HDL-193)

Inferred memory devices in process
	in routine Parity_Calc line 13 in file
		'/home/IC/Projects/System/RTL/UART/UART_TX/Parity_Calc.v'.
===============================================================================
|    Register Name    |   Type    | Width | Bus | MB | AR | AS | SR | SS | ST |
===============================================================================
|     par_bit_reg     | Flip-flop |   1   |  N  | N  | Y  | N  | N  | N  | N  |
===============================================================================
Presto compilation completed successfully.
Information: Building the design 'Serializer'. (HDL-193)

Inferred memory devices in process
	in routine Serializer line 15 in file
		'/home/IC/Projects/System/RTL/UART/UART_TX/Serializer.v'.
===============================================================================
|    Register Name    |   Type    | Width | Bus | MB | AR | AS | SR | SS | ST |
===============================================================================
|    ser_data_reg     | Flip-flop |   1   |  N  | N  | Y  | N  | N  | N  | N  |
|    ser_done_reg     | Flip-flop |   1   |  N  | N  | Y  | N  | N  | N  | N  |
|   ser_counter_reg   | Flip-flop |   3   |  Y  | N  | Y  | N  | N  | N  | N  |
|    para_data_reg    | Flip-flop |   8   |  Y  | N  | Y  | N  | N  | N  | N  |
===============================================================================
Statistics for MUX_OPs
===========================================================
| block name/line  | Inputs | Outputs | # sel inputs | MB |
===========================================================
|  Serializer/32   |   8    |    1    |      3       | N  |
===========================================================
Presto compilation completed successfully.
Information: Building the design 'uart_rx_fsm' instantiated from design 'UART_RX' with
	the parameters "DATA_WIDTH=8". (HDL-193)

Statistics for case statements in always block at line 57 in file
	'/home/IC/Projects/System/RTL/UART/UART_RX/uart_rx_fsm.v'
===============================================
|           Line           |  full/ parallel  |
===============================================
|            59            |    auto/auto     |
===============================================

Statistics for case statements in always block at line 148 in file
	'/home/IC/Projects/System/RTL/UART/UART_RX/uart_rx_fsm.v'
===============================================
|           Line           |  full/ parallel  |
===============================================
|           157            |    auto/auto     |
===============================================

Inferred memory devices in process
	in routine uart_rx_fsm_DATA_WIDTH8 line 43 in file
		'/home/IC/Projects/System/RTL/UART/UART_RX/uart_rx_fsm.v'.
===============================================================================
|    Register Name    |   Type    | Width | Bus | MB | AR | AS | SR | SS | ST |
===============================================================================
|  current_state_reg  | Flip-flop |   3   |  Y  | N  | Y  | N  | N  | N  | N  |
===============================================================================
Presto compilation completed successfully.
Information: Building the design 'edge_bit_counter'. (HDL-193)

Inferred memory devices in process
	in routine edge_bit_counter line 17 in file
		'/home/IC/Projects/System/RTL/UART/UART_RX/edge_bit_counter.v'.
===============================================================================
|    Register Name    |   Type    | Width | Bus | MB | AR | AS | SR | SS | ST |
===============================================================================
|   edge_count_reg    | Flip-flop |   6   |  Y  | N  | Y  | N  | N  | N  | N  |
===============================================================================

Inferred memory devices in process
	in routine edge_bit_counter line 44 in file
		'/home/IC/Projects/System/RTL/UART/UART_RX/edge_bit_counter.v'.
===============================================================================
|    Register Name    |   Type    | Width | Bus | MB | AR | AS | SR | SS | ST |
===============================================================================
|    bit_count_reg    | Flip-flop |   4   |  Y  | N  | Y  | N  | N  | N  | N  |
===============================================================================
Presto compilation completed successfully.
Information: Building the design 'data_sampling'. (HDL-193)

Statistics for case statements in always block at line 57 in file
	'/home/IC/Projects/System/RTL/UART/UART_RX/data_sampling.v'
===============================================
|           Line           |  full/ parallel  |
===============================================
|            67            |    auto/auto     |
===============================================

Inferred memory devices in process
	in routine data_sampling line 25 in file
		'/home/IC/Projects/System/RTL/UART/UART_RX/data_sampling.v'.
===============================================================================
|    Register Name    |   Type    | Width | Bus | MB | AR | AS | SR | SS | ST |
===============================================================================
|     Samples_reg     | Flip-flop |   3   |  Y  | N  | Y  | N  | N  | N  | N  |
===============================================================================

Inferred memory devices in process
	in routine data_sampling line 57 in file
		'/home/IC/Projects/System/RTL/UART/UART_RX/data_sampling.v'.
===============================================================================
|    Register Name    |   Type    | Width | Bus | MB | AR | AS | SR | SS | ST |
===============================================================================
|   sampled_bit_reg   | Flip-flop |   1   |  N  | N  | Y  | N  | N  | N  | N  |
===============================================================================
Presto compilation completed successfully.
Information: Building the design 'deserializer' instantiated from design 'UART_RX' with
	the parameters "DATA_WIDTH=8". (HDL-193)

Inferred memory devices in process
	in routine deserializer_DATA_WIDTH8 line 16 in file
		'/home/IC/Projects/System/RTL/UART/UART_RX/deserializer.v'.
===============================================================================
|    Register Name    |   Type    | Width | Bus | MB | AR | AS | SR | SS | ST |
===============================================================================
|     P_DATA_reg      | Flip-flop |   8   |  Y  | N  | Y  | N  | N  | N  | N  |
===============================================================================
Presto compilation completed successfully.
Information: Building the design 'strt_chk'. (HDL-193)

Inferred memory devices in process
	in routine strt_chk line 13 in file
		'/home/IC/Projects/System/RTL/UART/UART_RX/strt_chk.v'.
===============================================================================
|    Register Name    |   Type    | Width | Bus | MB | AR | AS | SR | SS | ST |
===============================================================================
|   strt_glitch_reg   | Flip-flop |   1   |  N  | N  | Y  | N  | N  | N  | N  |
===============================================================================
Presto compilation completed successfully.
Information: Building the design 'par_chk' instantiated from design 'UART_RX' with
	the parameters "DATA_WIDTH=8". (HDL-193)

Statistics for case statements in always block at line 18 in file
	'/home/IC/Projects/System/RTL/UART/UART_RX/par_chk.v'
===============================================
|           Line           |  full/ parallel  |
===============================================
|            20            |    auto/auto     |
===============================================

Inferred memory devices in process
	in routine par_chk_DATA_WIDTH8 line 32 in file
		'/home/IC/Projects/System/RTL/UART/UART_RX/par_chk.v'.
===============================================================================
|    Register Name    |   Type    | Width | Bus | MB | AR | AS | SR | SS | ST |
===============================================================================
|     par_err_reg     | Flip-flop |   1   |  N  | N  | Y  | N  | N  | N  | N  |
===============================================================================
Presto compilation completed successfully.
Information: Building the design 'stp_chk'. (HDL-193)

Inferred memory devices in process
	in routine stp_chk line 13 in file
		'/home/IC/Projects/System/RTL/UART/UART_RX/stp_chk.v'.
===============================================================================
|    Register Name    |   Type    | Width | Bus | MB | AR | AS | SR | SS | ST |
===============================================================================
|     stp_err_reg     | Flip-flop |   1   |  N  | N  | Y  | N  | N  | N  | N  |
===============================================================================
Presto compilation completed successfully.
1
###################### Defining toplevel ###################################
current_design $top_module
Current design is 'SYS_TOP_dft'.
{SYS_TOP_dft}
#################### Liniking All The Design Parts #########################
puts "###############################################"
###############################################
puts "######## Liniking All The Design Parts ########"
######## Liniking All The Design Parts ########
puts "###############################################"
###############################################
link 

  Linking design 'SYS_TOP_dft'
  Using the following designs and libraries:
  --------------------------------------------------------------------------
  * (30 designs)              /home/IC/Projects/System/DFT/SYS_TOP_dft.db, etc
  scmetro_tsmc_cl013g_rvt_ss_1p08v_125c (library) /home/IC/tsmc_fb_cl013g_sc/aci/sc-m/synopsys/scmetro_tsmc_cl013g_rvt_ss_1p08v_125c.db
  scmetro_tsmc_cl013g_rvt_tt_1p2v_25c (library) /home/IC/tsmc_fb_cl013g_sc/aci/sc-m/synopsys/scmetro_tsmc_cl013g_rvt_tt_1p2v_25c.db
  scmetro_tsmc_cl013g_rvt_ff_1p32v_m40c (library) /home/IC/tsmc_fb_cl013g_sc/aci/sc-m/synopsys/scmetro_tsmc_cl013g_rvt_ff_1p32v_m40c.db

1
#################### Liniking All The Design Parts #########################
puts "###############################################"
###############################################
puts "######## checking design consistency ##########"
######## checking design consistency ##########
puts "###############################################"
###############################################
check_design
 
****************************************
check_design summary:
Version:     K-2015.06
Date:        Sat Sep 27 11:37:15 2025
****************************************

                   Name                                            Total
--------------------------------------------------------------------------------
Inputs/Outputs                                                     18
    Unconnected ports (LINT-28)                                    10
    Shorted outputs (LINT-31)                                       3
    Constant outputs (LINT-52)                                      5

Cells                                                              21
    Cells do not drive (LINT-1)                                    19
    Connected to power or ground (LINT-32)                          2
--------------------------------------------------------------------------------

Warning: In design 'ClkDiv', cell 'C120' does not drive any nets. (LINT-1)
Warning: In design 'ALU', cell 'C342' does not drive any nets. (LINT-1)
Warning: In design 'ALU', cell 'C343' does not drive any nets. (LINT-1)
Warning: In design 'ALU', cell 'C344' does not drive any nets. (LINT-1)
Warning: In design 'ALU', cell 'C345' does not drive any nets. (LINT-1)
Warning: In design 'ALU', cell 'C370' does not drive any nets. (LINT-1)
Warning: In design 'ALU', cell 'C372' does not drive any nets. (LINT-1)
Warning: In design 'ALU', cell 'C374' does not drive any nets. (LINT-1)
Warning: In design 'FIFO_RPTR_EMPTY', cell 'C43' does not drive any nets. (LINT-1)
Warning: In design 'FIFO_WPTR_FULL', cell 'C46' does not drive any nets. (LINT-1)
Warning: In design 'Serializer', cell 'C125' does not drive any nets. (LINT-1)
Warning: In design 'uart_rx_fsm_DATA_WIDTH8', cell 'B_17' does not drive any nets. (LINT-1)
Warning: In design 'uart_rx_fsm_DATA_WIDTH8', cell 'B_18' does not drive any nets. (LINT-1)
Warning: In design 'uart_rx_fsm_DATA_WIDTH8', cell 'B_19' does not drive any nets. (LINT-1)
Warning: In design 'uart_rx_fsm_DATA_WIDTH8', cell 'C282' does not drive any nets. (LINT-1)
Warning: In design 'edge_bit_counter', cell 'C101' does not drive any nets. (LINT-1)
Warning: In design 'edge_bit_counter', cell 'C108' does not drive any nets. (LINT-1)
Warning: In design 'data_sampling', cell 'C127' does not drive any nets. (LINT-1)
Warning: In design 'deserializer_DATA_WIDTH8', cell 'B_0' does not drive any nets. (LINT-1)
Warning: In design 'SYS_TOP_dft', port 'SE' is not connected to any nets. (LINT-28)
Warning: In design 'SYS_TOP_dft', port 'SI[3]' is not connected to any nets. (LINT-28)
Warning: In design 'SYS_TOP_dft', port 'SI[2]' is not connected to any nets. (LINT-28)
Warning: In design 'SYS_TOP_dft', port 'SI[1]' is not connected to any nets. (LINT-28)
Warning: In design 'SYS_TOP_dft', port 'SI[0]' is not connected to any nets. (LINT-28)
Warning: In design 'SYS_TOP_dft', port 'SO[3]' is not connected to any nets. (LINT-28)
Warning: In design 'SYS_TOP_dft', port 'SO[2]' is not connected to any nets. (LINT-28)
Warning: In design 'SYS_TOP_dft', port 'SO[1]' is not connected to any nets. (LINT-28)
Warning: In design 'SYS_TOP_dft', port 'SO[0]' is not connected to any nets. (LINT-28)
Warning: In design 'data_sampling', port 'Prescale[0]' is not connected to any nets. (LINT-28)
Warning: In design 'CLKDIV_MUX', output port 'OUT[7]' is connected directly to output port 'OUT[4]'. (LINT-31)
Warning: In design 'CLKDIV_MUX', output port 'OUT[7]' is connected directly to output port 'OUT[5]'. (LINT-31)
Warning: In design 'CLKDIV_MUX', output port 'OUT[7]' is connected directly to output port 'OUT[6]'. (LINT-31)
Warning: In design 'UART_TX', a pin on submodule 'U2' is connected to logic 1 or logic 0. (LINT-32)
   Pin 'start_bit' is connected to logic 0. 
Warning: In design 'UART_TX', a pin on submodule 'U2' is connected to logic 1 or logic 0. (LINT-32)
   Pin 'stop_bit' is connected to logic 1. 
Warning: In design 'CLKDIV_MUX', output port 'OUT[7]' is connected directly to 'logic 0'. (LINT-52)
Warning: In design 'CLKDIV_MUX', output port 'OUT[6]' is connected directly to 'logic 0'. (LINT-52)
Warning: In design 'CLKDIV_MUX', output port 'OUT[5]' is connected directly to 'logic 0'. (LINT-52)
Warning: In design 'CLKDIV_MUX', output port 'OUT[4]' is connected directly to 'logic 0'. (LINT-52)
Warning: In design 'SYS_CTRL', output port 'CLKDIV_EN' is connected directly to 'logic 1'. (LINT-52)
1
############################### Path groups ################################
puts "###############################################"
###############################################
puts "################ Path groups ##################"
################ Path groups ##################
puts "###############################################"
###############################################
group_path -name INREG -from [all_inputs]
1
group_path -name REGOUT -to [all_outputs]
1
group_path -name INOUT -from [all_inputs] -to [all_outputs]
1
#################### Define Design Constraints #########################
puts "###############################################"
###############################################
puts "############ Design Constraints #### ##########"
############ Design Constraints #### ##########
puts "###############################################"
###############################################
source ./cons.tcl
Warning: Design rule attributes from the driving cell will be
	set on the port. (UID-401)
Warning: Design rule attributes from the driving cell will be
	set on the port. (UID-401)
Warning: Design rule attributes from the driving cell will be
	set on the port. (UID-401)
Warning: Design rule attributes from the driving cell will be
	set on the port. (UID-401)
Warning: Design rule attributes from the driving cell will be
	set on the port. (UID-401)
Warning: Design rule attributes from the driving cell will be
	set on the port. (UID-401)
Warning: Design rule attributes from the driving cell will be
	set on the port. (UID-401)
Using operating conditions 'scmetro_tsmc_cl013g_rvt_ss_1p08v_125c' found in library 'scmetro_tsmc_cl013g_rvt_ss_1p08v_125c'.
Using operating conditions 'scmetro_tsmc_cl013g_rvt_ff_1p32v_m40c' found in library 'scmetro_tsmc_cl013g_rvt_ff_1p32v_m40c'.
#################### Archirecture Scan Chains #########################
puts "###############################################"
###############################################
puts "############ Configure scan chains ############"
############ Configure scan chains ############
puts "###############################################"
###############################################
set_scan_configuration -clock_mixing no_mix  -style multiplexed_flip_flop -replace true -max_length 100
Accepted scan configuration for modes: all_dft
1
###################### Mapping and optimization ########################
puts "###############################################"
###############################################
puts "########## Mapping & Optimization #############"
########## Mapping & Optimization #############
puts "###############################################"
###############################################
#test_ready compile
compile -scan
Information: Choosing a test methodology will restrict the optimization of sequential cells. (UIO-12)
Information: Evaluating DesignWare library utilization. (UISN-27)

============================================================================
| DesignWare Building Block Library  |         Version         | Available |
============================================================================
| Basic DW Building Blocks           | K-2015.06-DWBB_201506.0 |     *     |
| Licensed DW Building Blocks        |                         |           |
============================================================================


Information: There are 39 potential problems in your design. Please run 'check_design' for more information. (LINT-99)


Warning: Operating condition scmetro_tsmc_cl013g_rvt_ss_1p08v_125c set on design SYS_TOP_dft has different process,
voltage and temperatures parameters than the parameters at which target library 
scmetro_tsmc_cl013g_rvt_tt_1p2v_25c is characterized. Delays may be inaccurate as a result. (OPT-998)

  Beginning Pass 1 Mapping
  ------------------------
  Processing 'CLK_GATE'
  Processing 'ALU'
  Processing 'RegFile'
  Processing 'SYS_CTRL'
  Processing 'stp_chk'
  Processing 'par_chk_DATA_WIDTH8'
  Processing 'strt_chk'
  Processing 'deserializer_DATA_WIDTH8'
  Processing 'data_sampling'
  Processing 'edge_bit_counter'
  Processing 'uart_rx_fsm_DATA_WIDTH8'
  Processing 'UART_RX'
  Processing 'Serializer'
  Processing 'Parity_Calc'
  Processing 'MUX'
  Processing 'FSM'
  Processing 'UART_TX'
  Processing 'UART'
  Processing 'ClkDiv_0'
  Processing 'CLKDIV_MUX'
  Processing 'PULSE_GEN'
  Processing 'DATA_SYNC_FIFO_0'
  Processing 'FIFO_WPTR_FULL'
  Processing 'FIFO_RPTR_EMPTY'
  Processing 'FIFO_MEMORY'
  Processing 'FIFO_TOP_DATA_WIDTH8'
  Processing 'DATA_SYNC_NUM_STAGES2_BUS_WIDTH8'
  Processing 'RST_SYNC_NUM_STAGES2_0'
  Processing 'mux2X1_0'
  Processing 'SYS_TOP_dft'

  Updating timing information
Information: Updating design information... (UID-85)

  Beginning Implementation Selection
  ----------------------------------
  Processing 'ALU_DW_div_uns_0'
  Processing 'ALU_DW01_sub_0'
  Processing 'ALU_DW01_add_0'
  Processing 'ALU_DW01_cmp6_0'
  Processing 'deserializer_DATA_WIDTH8_DW01_cmp6_0'
  Processing 'deserializer_DATA_WIDTH8_DW01_dec_0'
  Processing 'data_sampling_DW01_cmp6_0'
  Processing 'data_sampling_DW01_cmp6_1'
  Processing 'data_sampling_DW01_cmp6_2'
  Processing 'data_sampling_DW01_dec_0'
  Processing 'data_sampling_DW01_inc_0'
  Processing 'data_sampling_DW01_dec_1'
  Processing 'edge_bit_counter_DW01_inc_0'
  Processing 'edge_bit_counter_DW01_cmp6_0'
  Processing 'edge_bit_counter_DW01_dec_0'
  Processing 'uart_rx_fsm_DATA_WIDTH8_DW01_cmp6_0'
  Processing 'uart_rx_fsm_DATA_WIDTH8_DW01_sub_0'
  Processing 'uart_rx_fsm_DATA_WIDTH8_DW01_cmp6_1'
  Processing 'uart_rx_fsm_DATA_WIDTH8_DW01_dec_0'
  Processing 'ClkDiv_1_DW01_inc_0'
  Processing 'ClkDiv_1_DW01_cmp6_0'
  Processing 'ClkDiv_1_DW01_cmp6_1'
  Processing 'ClkDiv_1_DW01_dec_0'
  Processing 'ClkDiv_0_DW01_inc_0'
  Processing 'ClkDiv_0_DW01_cmp6_0'
  Processing 'ClkDiv_0_DW01_cmp6_1'
  Processing 'ClkDiv_0_DW01_dec_0'
  Processing 'ALU_DW02_mult_0'
  Processing 'ALU_DW01_add_1'

  Beginning Mapping Optimizations  (Medium effort)
  -------------------------------
  Mapping Optimization (Phase 1)

                                  TOTAL                                      
   ELAPSED            WORST NEG   SETUP    DESIGN                            
    TIME      AREA      SLACK     COST    RULE COST         ENDPOINT         
  --------- --------- --------- --------- --------- -------------------------
    0:00:04   46093.7      0.00       0.0       0.5                          
    0:00:04   46093.7      0.00       0.0       0.5                          
    0:00:04   46093.7      0.00       0.0       0.5                          
    0:00:04   46093.7      0.00       0.0       0.5                          
    0:00:04   46093.7      0.00       0.0       0.5                          
    0:00:05   25133.1      0.00       0.0       0.0                          
    0:00:05   25088.4      0.00       0.0       0.0                          
    0:00:05   25088.4      0.00       0.0       0.0                          
    0:00:05   25088.4      0.00       0.0       0.0                          
    0:00:05   25088.4      0.00       0.0       0.0                          
    0:00:05   25088.4      0.00       0.0       0.0                          
    0:00:05   25088.4      0.00       0.0       0.0                          
    0:00:05   25088.4      0.00       0.0       0.0                          
    0:00:05   25088.4      0.00       0.0       0.0                          



  Beginning Delay Optimization Phase
  ----------------------------------

                                  TOTAL                                      
   ELAPSED            WORST NEG   SETUP    DESIGN                            
    TIME      AREA      SLACK     COST    RULE COST         ENDPOINT         
  --------- --------- --------- --------- --------- -------------------------
    0:00:05   25088.4      0.00       0.0       0.0                          
    0:00:05   25088.4      0.00       0.0       0.0                          
    0:00:06   25083.7      0.00       0.0       0.0                          


  Beginning Design Rule Fixing  (max_capacitance)
  ----------------------------

                                  TOTAL                                      
   ELAPSED            WORST NEG   SETUP    DESIGN                            
    TIME      AREA      SLACK     COST    RULE COST         ENDPOINT         
  --------- --------- --------- --------- --------- -------------------------
    0:00:06   25083.7      0.00       0.0       0.0                          
    0:00:06   25083.7      0.00       0.0       0.0                          


  Beginning Area-Recovery Phase  (cleanup)
  -----------------------------

                                  TOTAL                                      
   ELAPSED            WORST NEG   SETUP    DESIGN                            
    TIME      AREA      SLACK     COST    RULE COST         ENDPOINT         
  --------- --------- --------- --------- --------- -------------------------
    0:00:06   25083.7      0.00       0.0       0.0                          
    0:00:06   25083.7      0.00       0.0       0.0                          
    0:00:06   25013.1      0.00       0.0       0.0                          
    0:00:06   24989.6      0.00       0.0       0.0                          
    0:00:06   24974.3      0.00       0.0       0.0                          
    0:00:06   24962.5      0.00       0.0       0.0                          
    0:00:06   24959.0      0.00       0.0       0.0                          
    0:00:06   24959.0      0.00       0.0       0.0                          
    0:00:06   24959.0      0.00       0.0       0.0                          
    0:00:06   24957.8      0.00       0.0       0.0                          
    0:00:06   24957.8      0.00       0.0       0.0                          
    0:00:06   24957.8      0.00       0.0       0.0                          
    0:00:06   24957.8      0.00       0.0       0.0                          
    0:00:06   24957.8      0.00       0.0       0.0                          
    0:00:06   24957.8      0.00       0.0       0.0                          
    0:00:06   24975.5      0.00       0.0       0.0                          
Loading db file '/home/IC/tsmc_fb_cl013g_sc/aci/sc-m/synopsys/scmetro_tsmc_cl013g_rvt_ss_1p08v_125c.db'
Loading db file '/home/IC/tsmc_fb_cl013g_sc/aci/sc-m/synopsys/scmetro_tsmc_cl013g_rvt_tt_1p2v_25c.db'
Loading db file '/home/IC/tsmc_fb_cl013g_sc/aci/sc-m/synopsys/scmetro_tsmc_cl013g_rvt_ff_1p32v_m40c.db'


Note: Symbol # after min delay cost means estimated hold TNS across all active scenarios 


  Optimization Complete
  ---------------------
1
################################################################### 
# Setting Test Timing Variables
################################################################### 
# Preclock Measure Protocol (default protocol)
set test_default_period 100
100
set test_default_delay 0
0
set test_default_bidir_delay 0
0
set test_default_strobe 20
20
set test_default_strobe_width 0
0
########################## Define DFT Signals ##########################
set_dft_signal -port [get_ports scan_clk]  -type ScanClock   -view existing_dft  -timing {50 100}
Accepted dft signal specification for modes: all_dft
1
set_dft_signal -port [get_ports scan_rst]  -type Reset       -view existing_dft  -active_state 0
Accepted dft signal specification for modes: all_dft
1
set_dft_signal -port [get_ports test_mode] -type Constant    -view existing_dft  -active_state 1 
Accepted dft signal specification for modes: all_dft
1
set_dft_signal -port [get_ports test_mode] -type TestMode    -view spec          -active_state 1 
Accepted dft signal specification for modes: all_dft
1
set_dft_signal -port [get_ports SE]        -type ScanEnable  -view spec          -active_state 1   -usage scan
Accepted dft signal specification for modes: all_dft
1
set_dft_signal -port [get_ports SI]        -type ScanDataIn  -view spec 
Accepted dft signal specification for modes: all_dft
1
set_dft_signal -port [get_ports SO]        -type ScanDataOut -view spec  
Accepted dft signal specification for modes: all_dft
1
############################# Create Test Protocol #######################
create_test_protocol
In mode: all_dft...

Information: Starting test protocol creation. (TEST-219)
  ...reading user specified clock signals...
Information: Identified system/test clock port scan_clk (50.0,100.0). (TEST-265)
  ...reading user specified asynchronous signals...
Information: Identified active low asynchronous control port scan_rst. (TEST-266)
1
###################### Pre-DFT Design Rule Checking #######################
dft_drc -verbose
In mode: all_dft...
  Pre-DFT DRC enabled

Information: Starting test design rule checking. (TEST-222)
  Loading test protocol
  ...basic checks...
  ...basic sequential cell checks...
  	...checking for scan equivalents...
  ...checking vector rules...
  ...checking pre-dft rules...

-----------------------------------------------------------------
Begin Other violations...

Warning: Cell U0_CLK_GATE/U0_TLATNCAX12M has constant 1 value. (TEST-505)

Other violations completed...
-----------------------------------------------------------------

-----------------------------------------------------------------
  DRC Report

  Total violations: 1

-----------------------------------------------------------------

1 OTHER VIOLATION
     1 Cell is constant 1 violation (TEST-505)


Warning: Violations occurred during test design rule checking. (TEST-124)

-----------------------------------------------------------------
  Sequential Cell Report

  1 out of 348 sequential cells have violations

-----------------------------------------------------------------

SEQUENTIAL CELLS WITH VIOLATIONS
      *   1 cell has constant 1 value
         U0_CLK_GATE/U0_TLATNCAX12M
SEQUENTIAL CELLS WITHOUT VIOLATIONS
      * 347 cells are valid scan cells
         U0_RST_SYNC/sync_reg_reg[0]
         U0_RST_SYNC/sync_reg_reg[1]
         U0_ref_sync/bit_sync_reg[1]
         U0_ref_sync/enable_out_reg
         U0_ref_sync/enable_pulse_reg
         U0_ref_sync/bit_sync_reg[0]
         U0_ref_sync/sync_bus_reg[7]
         U0_ref_sync/sync_bus_reg[6]
         U0_ref_sync/sync_bus_reg[5]
         U0_ref_sync/sync_bus_reg[4]
         U0_ref_sync/sync_bus_reg[3]
         U0_ref_sync/sync_bus_reg[2]
         U0_ref_sync/sync_bus_reg[1]
         U0_ref_sync/sync_bus_reg[0]
         U0_PULSE_GEN/pls_flop_reg
         U0_PULSE_GEN/rcv_flop_reg
         U0_ClkDiv/div_clk_reg
         U0_ClkDiv/odd_edge_tog_reg
         U0_ClkDiv/count_reg[6]
         U0_ClkDiv/count_reg[0]
         U0_ClkDiv/count_reg[5]
         U0_ClkDiv/count_reg[4]
         U0_ClkDiv/count_reg[3]
         U0_ClkDiv/count_reg[2]
         U0_ClkDiv/count_reg[1]
         U0_SYS_CTRL/stored_out_reg[7]
         U0_SYS_CTRL/stored_out_reg[6]
         U0_SYS_CTRL/stored_out_reg[5]
         U0_SYS_CTRL/stored_out_reg[4]
         U0_SYS_CTRL/stored_out_reg[3]
         U0_SYS_CTRL/stored_out_reg[2]
         U0_SYS_CTRL/stored_out_reg[1]
         U0_SYS_CTRL/stored_out_reg[0]
         U0_SYS_CTRL/stored_addr_reg[0]
         U0_SYS_CTRL/stored_addr_reg[3]
         U0_SYS_CTRL/stored_addr_reg[1]
         U0_SYS_CTRL/stored_addr_reg[2]
         U0_SYS_CTRL/C_S_reg[3]
         U0_SYS_CTRL/C_S_reg[1]
         U0_SYS_CTRL/C_S_reg[2]
         U0_SYS_CTRL/C_S_reg[0]
         U0_SYS_CTRL/stored_out_reg[15]
         U0_SYS_CTRL/stored_out_reg[14]
         U0_SYS_CTRL/stored_out_reg[13]
         U0_SYS_CTRL/stored_out_reg[12]
         U0_SYS_CTRL/stored_out_reg[11]
         U0_SYS_CTRL/stored_out_reg[10]
         U0_SYS_CTRL/stored_out_reg[9]
         U0_SYS_CTRL/stored_out_reg[8]
         U0_RegFile/regArr_reg[2][0]
         U0_RegFile/regArr_reg[13][7]
         U0_RegFile/regArr_reg[13][6]
         U0_RegFile/regArr_reg[13][5]
         U0_RegFile/regArr_reg[13][4]
         U0_RegFile/regArr_reg[13][3]
         U0_RegFile/regArr_reg[13][2]
         U0_RegFile/regArr_reg[13][1]
         U0_RegFile/regArr_reg[13][0]
         U0_RegFile/regArr_reg[9][7]
         U0_RegFile/regArr_reg[9][6]
         U0_RegFile/regArr_reg[9][5]
         U0_RegFile/regArr_reg[9][4]
         U0_RegFile/regArr_reg[9][3]
         U0_RegFile/regArr_reg[9][2]
         U0_RegFile/regArr_reg[9][1]
         U0_RegFile/regArr_reg[9][0]
         U0_RegFile/regArr_reg[5][7]
         U0_RegFile/regArr_reg[5][6]
         U0_RegFile/regArr_reg[5][5]
         U0_RegFile/regArr_reg[5][4]
         U0_RegFile/regArr_reg[5][3]
         U0_RegFile/regArr_reg[5][2]
         U0_RegFile/regArr_reg[5][1]
         U0_RegFile/regArr_reg[5][0]
         U0_RegFile/regArr_reg[15][7]
         U0_RegFile/regArr_reg[15][6]
         U0_RegFile/regArr_reg[15][5]
         U0_RegFile/regArr_reg[15][4]
         U0_RegFile/regArr_reg[15][3]
         U0_RegFile/regArr_reg[15][2]
         U0_RegFile/regArr_reg[15][1]
         U0_RegFile/regArr_reg[15][0]
         U0_RegFile/regArr_reg[11][7]
         U0_RegFile/regArr_reg[11][6]
         U0_RegFile/regArr_reg[11][5]
         U0_RegFile/regArr_reg[11][4]
         U0_RegFile/regArr_reg[11][3]
         U0_RegFile/regArr_reg[11][2]
         U0_RegFile/regArr_reg[11][1]
         U0_RegFile/regArr_reg[11][0]
         U0_RegFile/regArr_reg[7][7]
         U0_RegFile/regArr_reg[7][6]
         U0_RegFile/regArr_reg[7][5]
         U0_RegFile/regArr_reg[7][4]
         U0_RegFile/regArr_reg[7][3]
         U0_RegFile/regArr_reg[7][2]
         U0_RegFile/regArr_reg[7][1]
         U0_RegFile/regArr_reg[7][0]
         U0_RegFile/regArr_reg[14][7]
         U0_RegFile/regArr_reg[14][6]
         U0_RegFile/regArr_reg[14][5]
         U0_RegFile/regArr_reg[14][4]
         U0_RegFile/regArr_reg[14][3]
         U0_RegFile/regArr_reg[14][2]
         U0_RegFile/regArr_reg[14][1]
         U0_RegFile/regArr_reg[14][0]
         U0_RegFile/regArr_reg[10][7]
         U0_RegFile/regArr_reg[10][6]
         U0_RegFile/regArr_reg[10][5]
         U0_RegFile/regArr_reg[10][4]
         U0_RegFile/regArr_reg[10][3]
         U0_RegFile/regArr_reg[10][2]
         U0_RegFile/regArr_reg[10][1]
         U0_RegFile/regArr_reg[10][0]
         U0_RegFile/regArr_reg[6][7]
         U0_RegFile/regArr_reg[6][6]
         U0_RegFile/regArr_reg[6][5]
         U0_RegFile/regArr_reg[6][4]
         U0_RegFile/regArr_reg[6][3]
         U0_RegFile/regArr_reg[6][2]
         U0_RegFile/regArr_reg[6][1]
         U0_RegFile/regArr_reg[6][0]
         U0_RegFile/regArr_reg[12][7]
         U0_RegFile/regArr_reg[12][6]
         U0_RegFile/regArr_reg[12][5]
         U0_RegFile/regArr_reg[12][4]
         U0_RegFile/regArr_reg[12][3]
         U0_RegFile/regArr_reg[12][2]
         U0_RegFile/regArr_reg[12][1]
         U0_RegFile/regArr_reg[12][0]
         U0_RegFile/regArr_reg[8][7]
         U0_RegFile/regArr_reg[8][6]
         U0_RegFile/regArr_reg[8][5]
         U0_RegFile/regArr_reg[8][4]
         U0_RegFile/regArr_reg[8][3]
         U0_RegFile/regArr_reg[8][2]
         U0_RegFile/regArr_reg[8][1]
         U0_RegFile/regArr_reg[8][0]
         U0_RegFile/regArr_reg[4][7]
         U0_RegFile/regArr_reg[4][6]
         U0_RegFile/regArr_reg[4][5]
         U0_RegFile/regArr_reg[4][4]
         U0_RegFile/regArr_reg[4][3]
         U0_RegFile/regArr_reg[4][2]
         U0_RegFile/regArr_reg[4][1]
         U0_RegFile/regArr_reg[4][0]
         U0_RegFile/RdData_reg[7]
         U0_RegFile/RdData_reg[6]
         U0_RegFile/RdData_reg[5]
         U0_RegFile/RdData_reg[4]
         U0_RegFile/RdData_reg[3]
         U0_RegFile/RdData_reg[2]
         U0_RegFile/RdData_reg[1]
         U0_RegFile/RdData_reg[0]
         U0_RegFile/regArr_reg[3][0]
         U0_RegFile/regArr_reg[1][6]
         U0_RegFile/regArr_reg[0][7]
         U0_RegFile/regArr_reg[0][6]
         U0_RegFile/regArr_reg[0][5]
         U0_RegFile/regArr_reg[0][4]
         U0_RegFile/regArr_reg[0][3]
         U0_RegFile/regArr_reg[0][2]
         U0_RegFile/regArr_reg[0][1]
         U0_RegFile/regArr_reg[0][0]
         U0_RegFile/regArr_reg[2][1]
         U0_RegFile/regArr_reg[1][1]
         U0_RegFile/regArr_reg[1][5]
         U0_RegFile/regArr_reg[1][4]
         U0_RegFile/regArr_reg[1][7]
         U0_RegFile/regArr_reg[1][3]
         U0_RegFile/regArr_reg[1][2]
         U0_RegFile/regArr_reg[1][0]
         U0_RegFile/regArr_reg[3][6]
         U0_RegFile/regArr_reg[3][7]
         U0_RegFile/regArr_reg[3][5]
         U0_RegFile/regArr_reg[3][4]
         U0_RegFile/regArr_reg[3][2]
         U0_RegFile/regArr_reg[3][3]
         U0_RegFile/regArr_reg[3][1]
         U0_RegFile/regArr_reg[2][2]
         U0_RegFile/regArr_reg[2][4]
         U0_RegFile/regArr_reg[2][3]
         U0_RegFile/regArr_reg[2][6]
         U0_RegFile/regArr_reg[2][5]
         U0_RegFile/regArr_reg[2][7]
         U0_RegFile/RdData_VLD_reg
         U0_ALU/ALU_OUT_reg[7]
         U0_ALU/ALU_OUT_reg[6]
         U0_ALU/ALU_OUT_reg[5]
         U0_ALU/ALU_OUT_reg[4]
         U0_ALU/ALU_OUT_reg[3]
         U0_ALU/ALU_OUT_reg[2]
         U0_ALU/ALU_OUT_reg[1]
         U0_ALU/ALU_OUT_reg[0]
         U0_ALU/ALU_OUT_reg[15]
         U0_ALU/ALU_OUT_reg[14]
         U0_ALU/ALU_OUT_reg[13]
         U0_ALU/ALU_OUT_reg[12]
         U0_ALU/ALU_OUT_reg[11]
         U0_ALU/ALU_OUT_reg[10]
         U0_ALU/ALU_OUT_reg[9]
         U0_ALU/ALU_OUT_reg[8]
         U0_ALU/OUT_VALID_reg
         U0_UART_FIFO/U1/MEM_reg[5][7]
         U0_UART_FIFO/U1/MEM_reg[5][6]
         U0_UART_FIFO/U1/MEM_reg[5][5]
         U0_UART_FIFO/U1/MEM_reg[5][4]
         U0_UART_FIFO/U1/MEM_reg[5][3]
         U0_UART_FIFO/U1/MEM_reg[5][2]
         U0_UART_FIFO/U1/MEM_reg[5][1]
         U0_UART_FIFO/U1/MEM_reg[5][0]
         U0_UART_FIFO/U1/MEM_reg[1][7]
         U0_UART_FIFO/U1/MEM_reg[1][6]
         U0_UART_FIFO/U1/MEM_reg[1][5]
         U0_UART_FIFO/U1/MEM_reg[1][4]
         U0_UART_FIFO/U1/MEM_reg[1][3]
         U0_UART_FIFO/U1/MEM_reg[1][2]
         U0_UART_FIFO/U1/MEM_reg[1][1]
         U0_UART_FIFO/U1/MEM_reg[1][0]
         U0_UART_FIFO/U1/MEM_reg[7][7]
         U0_UART_FIFO/U1/MEM_reg[7][6]
         U0_UART_FIFO/U1/MEM_reg[7][5]
         U0_UART_FIFO/U1/MEM_reg[7][4]
         U0_UART_FIFO/U1/MEM_reg[7][3]
         U0_UART_FIFO/U1/MEM_reg[7][2]
         U0_UART_FIFO/U1/MEM_reg[7][1]
         U0_UART_FIFO/U1/MEM_reg[7][0]
         U0_UART_FIFO/U1/MEM_reg[3][7]
         U0_UART_FIFO/U1/MEM_reg[3][6]
         U0_UART_FIFO/U1/MEM_reg[3][5]
         U0_UART_FIFO/U1/MEM_reg[3][4]
         U0_UART_FIFO/U1/MEM_reg[3][3]
         U0_UART_FIFO/U1/MEM_reg[3][2]
         U0_UART_FIFO/U1/MEM_reg[3][1]
         U0_UART_FIFO/U1/MEM_reg[3][0]
         U0_UART_FIFO/U1/MEM_reg[6][7]
         U0_UART_FIFO/U1/MEM_reg[6][6]
         U0_UART_FIFO/U1/MEM_reg[6][5]
         U0_UART_FIFO/U1/MEM_reg[6][4]
         U0_UART_FIFO/U1/MEM_reg[6][3]
         U0_UART_FIFO/U1/MEM_reg[6][2]
         U0_UART_FIFO/U1/MEM_reg[6][1]
         U0_UART_FIFO/U1/MEM_reg[6][0]
         U0_UART_FIFO/U1/MEM_reg[2][7]
         U0_UART_FIFO/U1/MEM_reg[2][6]
         U0_UART_FIFO/U1/MEM_reg[2][5]
         U0_UART_FIFO/U1/MEM_reg[2][4]
         U0_UART_FIFO/U1/MEM_reg[2][3]
         U0_UART_FIFO/U1/MEM_reg[2][2]
         U0_UART_FIFO/U1/MEM_reg[2][1]
         U0_UART_FIFO/U1/MEM_reg[2][0]
         U0_UART_FIFO/U1/MEM_reg[4][7]
         U0_UART_FIFO/U1/MEM_reg[4][6]
         U0_UART_FIFO/U1/MEM_reg[4][5]
         U0_UART_FIFO/U1/MEM_reg[4][4]
         U0_UART_FIFO/U1/MEM_reg[4][3]
         U0_UART_FIFO/U1/MEM_reg[4][2]
         U0_UART_FIFO/U1/MEM_reg[4][1]
         U0_UART_FIFO/U1/MEM_reg[4][0]
         U0_UART_FIFO/U1/MEM_reg[0][7]
         U0_UART_FIFO/U1/MEM_reg[0][6]
         U0_UART_FIFO/U1/MEM_reg[0][5]
         U0_UART_FIFO/U1/MEM_reg[0][4]
         U0_UART_FIFO/U1/MEM_reg[0][3]
         U0_UART_FIFO/U1/MEM_reg[0][2]
         U0_UART_FIFO/U1/MEM_reg[0][1]
         U0_UART_FIFO/U1/MEM_reg[0][0]
         U0_UART_FIFO/U2/R_COUNTER_reg[0]
         U0_UART_FIFO/U2/R_COUNTER_reg[2]
         U0_UART_FIFO/U2/R_COUNTER_reg[1]
         U0_UART_FIFO/U2/R_COUNTER_reg[3]
         U0_UART_FIFO/U3/sync_reg_reg[3][1]
         U0_UART_FIFO/U3/sync_reg_reg[2][1]
         U0_UART_FIFO/U3/sync_reg_reg[1][1]
         U0_UART_FIFO/U3/sync_reg_reg[0][1]
         U0_UART_FIFO/U3/sync_reg_reg[3][0]
         U0_UART_FIFO/U3/sync_reg_reg[0][0]
         U0_UART_FIFO/U3/sync_reg_reg[2][0]
         U0_UART_FIFO/U3/sync_reg_reg[1][0]
         U0_UART_FIFO/U4/W_COUNTER_reg[3]
         U0_UART_FIFO/U4/W_COUNTER_reg[2]
         U0_UART_FIFO/U4/W_COUNTER_reg[0]
         U0_UART_FIFO/U4/W_COUNTER_reg[1]
         U0_UART/U0_UART_TX/U1/C_S_reg[2]
         U0_UART/U0_UART_TX/U1/C_S_reg[1]
         U0_UART/U0_UART_TX/U1/C_S_reg[0]
         U0_UART/U0_UART_TX/U3/par_bit_reg
         U0_UART/U0_UART_TX/U4/ser_counter_reg[2]
         U0_UART/U0_UART_TX/U4/ser_data_reg
         U0_UART/U0_UART_TX/U4/ser_done_reg
         U0_UART/U0_UART_TX/U4/ser_counter_reg[0]
         U0_UART/U0_UART_TX/U4/ser_counter_reg[1]
         U0_UART/U0_UART_TX/U4/para_data_reg[7]
         U0_UART/U0_UART_TX/U4/para_data_reg[6]
         U0_UART/U0_UART_TX/U4/para_data_reg[5]
         U0_UART/U0_UART_TX/U4/para_data_reg[4]
         U0_UART/U0_UART_TX/U4/para_data_reg[3]
         U0_UART/U0_UART_TX/U4/para_data_reg[2]
         U0_UART/U0_UART_TX/U4/para_data_reg[1]
         U0_UART/U0_UART_TX/U4/para_data_reg[0]
         U0_UART/U0_UART_RX/U0_uart_fsm/current_state_reg[2]
         U0_UART/U0_UART_RX/U0_uart_fsm/current_state_reg[0]
         U0_UART/U0_UART_RX/U0_uart_fsm/current_state_reg[1]
         U0_UART/U0_UART_RX/U0_edge_bit_counter/bit_count_reg[3]
         U0_UART/U0_UART_RX/U0_edge_bit_counter/bit_count_reg[2]
         U0_UART/U0_UART_RX/U0_edge_bit_counter/bit_count_reg[1]
         U0_UART/U0_UART_RX/U0_edge_bit_counter/bit_count_reg[0]
         U0_UART/U0_UART_RX/U0_edge_bit_counter/edge_count_reg[0]
         U0_UART/U0_UART_RX/U0_edge_bit_counter/edge_count_reg[4]
         U0_UART/U0_UART_RX/U0_edge_bit_counter/edge_count_reg[3]
         U0_UART/U0_UART_RX/U0_edge_bit_counter/edge_count_reg[2]
         U0_UART/U0_UART_RX/U0_edge_bit_counter/edge_count_reg[1]
         U0_UART/U0_UART_RX/U0_edge_bit_counter/edge_count_reg[5]
         U0_UART/U0_UART_RX/U0_data_sampling/Samples_reg[2]
         U0_UART/U0_UART_RX/U0_data_sampling/Samples_reg[1]
         U0_UART/U0_UART_RX/U0_data_sampling/Samples_reg[0]
         U0_UART/U0_UART_RX/U0_data_sampling/sampled_bit_reg
         U0_UART/U0_UART_RX/U0_deserializer/P_DATA_reg[5]
         U0_UART/U0_UART_RX/U0_deserializer/P_DATA_reg[1]
         U0_UART/U0_UART_RX/U0_deserializer/P_DATA_reg[4]
         U0_UART/U0_UART_RX/U0_deserializer/P_DATA_reg[7]
         U0_UART/U0_UART_RX/U0_deserializer/P_DATA_reg[3]
         U0_UART/U0_UART_RX/U0_deserializer/P_DATA_reg[6]
         U0_UART/U0_UART_RX/U0_deserializer/P_DATA_reg[2]
         U0_UART/U0_UART_RX/U0_deserializer/P_DATA_reg[0]
         U0_UART/U0_UART_RX/U0_strt_chk/strt_glitch_reg
         U0_UART/U0_UART_RX/U0_par_chk/par_err_reg
         U0_UART/U0_UART_RX/U0_stp_chk/stp_err_reg
         U1_RST_SYNC/sync_reg_reg[0]
         U1_RST_SYNC/sync_reg_reg[1]
         U1_ClkDiv/div_clk_reg
         U1_ClkDiv/count_reg[6]
         U1_ClkDiv/count_reg[0]
         U1_ClkDiv/count_reg[5]
         U1_ClkDiv/count_reg[4]
         U1_ClkDiv/count_reg[3]
         U1_ClkDiv/count_reg[2]
         U1_ClkDiv/count_reg[1]
         U1_ClkDiv/odd_edge_tog_reg
         U0_UART_FIFO/U5/sync_reg_reg[1][1]
         U0_UART_FIFO/U5/sync_reg_reg[0][1]
         U0_UART_FIFO/U5/sync_reg_reg[3][1]
         U0_UART_FIFO/U5/sync_reg_reg[2][1]
         U0_UART_FIFO/U5/sync_reg_reg[3][0]
         U0_UART_FIFO/U5/sync_reg_reg[2][0]
         U0_UART_FIFO/U5/sync_reg_reg[1][0]
         U0_UART_FIFO/U5/sync_reg_reg[0][0]

Information: Test design rule checking completed. (TEST-123)
1
############################# Preview DFT ##############################
preview_dft -show scan_summary
  Information: Using test design rule information from previous dft_drc run.
  Architecting Scan Chains

****************************************
Preview_dft report
For    : 'Insert_dft' command
Design : SYS_TOP_dft
Version: K-2015.06
Date   : Sat Sep 27 11:37:35 2025
****************************************

Number of chains: 4
Scan methodology: full_scan
Scan style: multiplexed_flip_flop
Clock domain: no_mix

Chain      Scan Ports (si --> so)        # of Cells   Inst/Chain               Clock (port, time, edge)
-----      ----------------------        ----------   ----------               ------------------------
S 1        SI[3] -->  SO[3]                      87   U0_ALU/ALU_OUT_reg[0]    (scan_clk, 50.0, rising) 
S 2        SI[2] -->  SO[2]                      87   U0_RegFile/regArr_reg[6][0]
                            (scan_clk, 50.0, rising) 
S 3        SI[1] -->  SO[1]                      87   U0_SYS_CTRL/stored_addr_reg[3]
                            (scan_clk, 50.0, rising) 
S 4        SI[0] -->  SO[0]                      86   U0_UART_FIFO/U1/MEM_reg[3][1]
                            (scan_clk, 50.0, rising) 
1
############################# Insert DFT ##############################
insert_dft
Loading db file '/home/IC/tsmc_fb_cl013g_sc/aci/sc-m/synopsys/scmetro_tsmc_cl013g_rvt_ss_1p08v_125c.db'
Loading db file '/home/IC/tsmc_fb_cl013g_sc/aci/sc-m/synopsys/scmetro_tsmc_cl013g_rvt_tt_1p2v_25c.db'
Loading db file '/home/IC/tsmc_fb_cl013g_sc/aci/sc-m/synopsys/scmetro_tsmc_cl013g_rvt_ff_1p32v_m40c.db'
  Information: Using test design rule information from previous dft_drc run.
  Architecting Scan Chains
  Routing Scan Chains
  Routing Global Signals
  Mapping New Logic
Resetting current test mode
  Beginning Mapping Optimizations
  -------------------------------

                                  TOTAL                                      
   ELAPSED            WORST NEG   SETUP    DESIGN                            
    TIME      AREA      SLACK     COST    RULE COST         ENDPOINT         
  --------- --------- --------- --------- --------- -------------------------


  Beginning Phase 1 Design Rule Fixing  (max_transition)  (max_capacitance)
  ------------------------------------

                                  TOTAL                                      
   ELAPSED            WORST NEG   SETUP    DESIGN                            
    TIME      AREA      SLACK     COST    RULE COST         ENDPOINT         
  --------- --------- --------- --------- --------- -------------------------
    0:00:23   24975.5      0.00       0.0       8.0 U0_UART_FIFO/U2/R_ADDR[1]
    0:00:23   24993.1      0.00       0.0      15.4 SE                       
    0:00:23   24993.1      0.00       0.0      15.4 SE                       
    0:00:23   24993.1      0.00       0.0      15.4 SE                       
    0:00:23   25003.7      0.00       0.0      15.2 net12129                 
    0:00:23   25003.7      0.00       0.0      15.2 net12129                 
    0:00:23   25003.7      0.00       0.0      15.2 net12129                 
    0:00:23   25013.1      0.00       0.0      13.1 net12136                 
    0:00:23   25027.2      0.00       0.0      11.8 net12126                 
    0:00:23   25027.2      0.00       0.0      11.8 net12126                 
    0:00:23   25027.2      0.00       0.0      11.8 net12126                 
    0:00:23   25036.6      0.00       0.0      10.4 net12144                 
    0:00:23   25033.1      0.00       0.0       7.5 net12127                 
    0:00:23   25033.1      0.00       0.0       7.5 net12127                 
    0:00:23   25043.7      0.00       0.0       7.5 net12128                 
    0:00:23   25043.7      0.00       0.0       7.5 net12128                 
    0:00:23   25043.7      0.00       0.0       7.5 net12128                 
    0:00:23   25054.3      0.00       0.0       7.5 net12126                 
    0:00:23   25054.3      0.00       0.0       7.5 net12126                 
    0:00:23   25054.3      0.00       0.0       7.5 net12126                 
    0:00:23   25063.7      0.00       0.0       7.4 net12160                 
    0:00:23   25070.8      0.00       0.0       7.4 U0_UART/U0_UART_RX/U0_stp_chk/stp_err
    0:00:23   25057.8      0.00       0.0       6.0 net12141                 
    0:00:23   25061.4      0.00       0.0       6.0 SE                       
    0:00:23   25070.8      0.00       0.0       5.3 net12171                 
    0:00:23   25057.8      0.00       0.0       5.3 net12151                 
    0:00:23   25095.5      0.00       0.0       1.7 U0_RegFile/test_se       
    0:00:23   25095.5      0.00       0.0       1.7 U0_RegFile/test_se       
    0:00:23   25095.5      0.00       0.0       1.7 U0_RegFile/test_se       
    0:00:23   25104.9      0.00       0.0       0.9 U0_UART_FIFO/U1/test_se  
    0:00:23   25112.0      0.00       0.0       0.5 U0_UART/U0_UART_TX/U4/test_se
    0:00:23   25119.0      0.00       0.0       0.5 U0_UART/U0_UART_RX/framing_error
    0:00:23   25126.1      0.00       0.0       0.5 mux_ref_rst/IN_0         
    0:00:23   25135.5      0.00       0.0       0.2 framing_error            
    0:00:23   25135.5      0.00       0.0       0.2 U0_RegFile/net12176      


  Beginning Phase 2 Design Rule Fixing  (max_transition)  (max_capacitance)
  ------------------------------------

                                  TOTAL                                      
   ELAPSED            WORST NEG   SETUP    DESIGN                            
    TIME      AREA      SLACK     COST    RULE COST         ENDPOINT         
  --------- --------- --------- --------- --------- -------------------------
    0:00:23   25154.3      0.00       0.0       0.4 SYNC_REF_RST             
    0:00:23   25154.3      0.00       0.0       0.4 SYNC_REF_RST             
    0:00:23   25154.3      0.00       0.0       0.4 SYNC_REF_RST             

1
######################## Optimize Logic post DFT #######################
compile -scan -incremental
Information: Choosing a test methodology will restrict the optimization of sequential cells. (UIO-12)

Information: There are 58 potential problems in your design. Please run 'check_design' for more information. (LINT-99)


Warning: Operating condition scmetro_tsmc_cl013g_rvt_ss_1p08v_125c set on design SYS_TOP_dft has different process,
voltage and temperatures parameters than the parameters at which target library 
scmetro_tsmc_cl013g_rvt_tt_1p2v_25c is characterized. Delays may be inaccurate as a result. (OPT-998)

  Beginning Pass 1 Mapping  (Incremental)
  ------------------------

  Updating timing information
Information: Updating design information... (UID-85)

  Beginning Mapping Optimizations  (Medium effort)  (Incremental)
  -------------------------------

  Beginning Incremental Implementation Selection
  ----------------------------------------------
  Selecting implementations
  Selecting implementations
  Selecting implementations

  Beginning Delay Optimization Phase
  ----------------------------------

                                  TOTAL                                      
   ELAPSED            WORST NEG   SETUP    DESIGN                            
    TIME      AREA      SLACK     COST    RULE COST         ENDPOINT         
  --------- --------- --------- --------- --------- -------------------------
    0:00:02   25136.7      0.00       0.0       0.4                          
    0:00:02   25136.7      0.00       0.0       0.4                          
    0:00:03   25134.3      0.00       0.0       0.4                          


  Beginning Design Rule Fixing  (max_transition)  (max_capacitance)
  ----------------------------

                                  TOTAL                                      
   ELAPSED            WORST NEG   SETUP    DESIGN                            
    TIME      AREA      SLACK     COST    RULE COST         ENDPOINT         
  --------- --------- --------- --------- --------- -------------------------
    0:00:03   25134.3      0.00       0.0       0.4                          
    0:00:03   25144.9      0.00       0.0       0.0                          
Loading db file '/home/IC/tsmc_fb_cl013g_sc/aci/sc-m/synopsys/scmetro_tsmc_cl013g_rvt_ss_1p08v_125c.db'
Loading db file '/home/IC/tsmc_fb_cl013g_sc/aci/sc-m/synopsys/scmetro_tsmc_cl013g_rvt_tt_1p2v_25c.db'
Loading db file '/home/IC/tsmc_fb_cl013g_sc/aci/sc-m/synopsys/scmetro_tsmc_cl013g_rvt_ff_1p32v_m40c.db'


Note: Symbol # after min delay cost means estimated hold TNS across all active scenarios 


  Optimization Complete
  ---------------------
1
###################### Design Rule Checking #######################
dft_drc -verbose -coverage_estimate
In mode: Internal_scan...
  Design has scan chains in this mode
  Design is scan routed
  Post-DFT DRC enabled

Information: Starting test design rule checking. (TEST-222)
  Loading test protocol
  ...basic checks...
  ...basic sequential cell checks...
  ...checking vector rules...
  ...checking clock rules...
  ...checking scan chain rules...
  ...checking scan compression rules...
  ...checking X-state rules...
  ...checking tristate rules...
  ...extracting scan details...

-----------------------------------------------------------------
Begin Other violations...

Warning: Cell U0_CLK_GATE/U0_TLATNCAX12M has constant 1 value. (TEST-505)

Other violations completed...
-----------------------------------------------------------------

-----------------------------------------------------------------
  DRC Report

  Total violations: 1

-----------------------------------------------------------------

1 OTHER VIOLATION
     1 Cell is constant 1 violation (TEST-505)


Warning: Violations occurred during test design rule checking. (TEST-124)

-----------------------------------------------------------------
  Sequential Cell Report

  1 out of 348 sequential cells have violations

-----------------------------------------------------------------

SEQUENTIAL CELLS WITH VIOLATIONS
      *   1 cell has constant 1 value
         U0_CLK_GATE/U0_TLATNCAX12M
SEQUENTIAL CELLS WITHOUT VIOLATIONS
      * 347 cells are valid scan cells
         U0_RST_SYNC/sync_reg_reg[0]
         U0_RST_SYNC/sync_reg_reg[1]
         U0_ref_sync/bit_sync_reg[1]
         U0_ref_sync/enable_out_reg
         U0_ref_sync/enable_pulse_reg
         U0_ref_sync/bit_sync_reg[0]
         U0_ref_sync/sync_bus_reg[7]
         U0_ref_sync/sync_bus_reg[6]
         U0_ref_sync/sync_bus_reg[5]
         U0_ref_sync/sync_bus_reg[4]
         U0_ref_sync/sync_bus_reg[3]
         U0_ref_sync/sync_bus_reg[2]
         U0_ref_sync/sync_bus_reg[1]
         U0_ref_sync/sync_bus_reg[0]
         U0_PULSE_GEN/pls_flop_reg
         U0_PULSE_GEN/rcv_flop_reg
         U0_ClkDiv/div_clk_reg
         U0_ClkDiv/odd_edge_tog_reg
         U0_ClkDiv/count_reg[6]
         U0_ClkDiv/count_reg[0]
         U0_ClkDiv/count_reg[5]
         U0_ClkDiv/count_reg[4]
         U0_ClkDiv/count_reg[3]
         U0_ClkDiv/count_reg[2]
         U0_ClkDiv/count_reg[1]
         U1_ClkDiv/div_clk_reg
         U1_ClkDiv/count_reg[6]
         U1_ClkDiv/count_reg[0]
         U1_ClkDiv/count_reg[5]
         U1_ClkDiv/count_reg[4]
         U1_ClkDiv/count_reg[3]
         U1_ClkDiv/count_reg[2]
         U1_ClkDiv/count_reg[1]
         U1_ClkDiv/odd_edge_tog_reg
         U0_SYS_CTRL/stored_out_reg[7]
         U0_SYS_CTRL/stored_out_reg[6]
         U0_SYS_CTRL/stored_out_reg[5]
         U0_SYS_CTRL/stored_out_reg[4]
         U0_SYS_CTRL/stored_out_reg[3]
         U0_SYS_CTRL/stored_out_reg[2]
         U0_SYS_CTRL/stored_out_reg[1]
         U0_SYS_CTRL/stored_out_reg[0]
         U0_SYS_CTRL/stored_addr_reg[0]
         U0_SYS_CTRL/stored_addr_reg[3]
         U0_SYS_CTRL/stored_addr_reg[1]
         U0_SYS_CTRL/C_S_reg[3]
         U0_SYS_CTRL/C_S_reg[1]
         U0_SYS_CTRL/C_S_reg[2]
         U0_SYS_CTRL/C_S_reg[0]
         U0_SYS_CTRL/stored_out_reg[15]
         U0_SYS_CTRL/stored_out_reg[14]
         U0_SYS_CTRL/stored_out_reg[13]
         U0_SYS_CTRL/stored_out_reg[12]
         U0_SYS_CTRL/stored_out_reg[11]
         U0_SYS_CTRL/stored_out_reg[10]
         U0_SYS_CTRL/stored_out_reg[9]
         U0_SYS_CTRL/stored_out_reg[8]
         U0_SYS_CTRL/stored_addr_reg[2]
         U0_RegFile/regArr_reg[2][0]
         U0_RegFile/regArr_reg[13][7]
         U0_RegFile/regArr_reg[13][6]
         U0_RegFile/regArr_reg[13][5]
         U0_RegFile/regArr_reg[13][4]
         U0_RegFile/regArr_reg[13][3]
         U0_RegFile/regArr_reg[13][2]
         U0_RegFile/regArr_reg[13][1]
         U0_RegFile/regArr_reg[13][0]
         U0_RegFile/regArr_reg[9][7]
         U0_RegFile/regArr_reg[9][6]
         U0_RegFile/regArr_reg[9][5]
         U0_RegFile/regArr_reg[9][4]
         U0_RegFile/regArr_reg[9][3]
         U0_RegFile/regArr_reg[9][2]
         U0_RegFile/regArr_reg[9][1]
         U0_RegFile/regArr_reg[9][0]
         U0_RegFile/regArr_reg[5][7]
         U0_RegFile/regArr_reg[5][6]
         U0_RegFile/regArr_reg[5][5]
         U0_RegFile/regArr_reg[5][4]
         U0_RegFile/regArr_reg[5][3]
         U0_RegFile/regArr_reg[5][2]
         U0_RegFile/regArr_reg[5][1]
         U0_RegFile/regArr_reg[5][0]
         U0_RegFile/regArr_reg[15][7]
         U0_RegFile/regArr_reg[15][6]
         U0_RegFile/regArr_reg[15][5]
         U0_RegFile/regArr_reg[15][4]
         U0_RegFile/regArr_reg[15][3]
         U0_RegFile/regArr_reg[15][2]
         U0_RegFile/regArr_reg[15][1]
         U0_RegFile/regArr_reg[15][0]
         U0_RegFile/regArr_reg[11][7]
         U0_RegFile/regArr_reg[11][6]
         U0_RegFile/regArr_reg[11][5]
         U0_RegFile/regArr_reg[11][4]
         U0_RegFile/regArr_reg[11][3]
         U0_RegFile/regArr_reg[11][2]
         U0_RegFile/regArr_reg[11][1]
         U0_RegFile/regArr_reg[11][0]
         U0_RegFile/regArr_reg[7][7]
         U0_RegFile/regArr_reg[7][6]
         U0_RegFile/regArr_reg[7][5]
         U0_RegFile/regArr_reg[7][4]
         U0_RegFile/regArr_reg[7][3]
         U0_RegFile/regArr_reg[7][2]
         U0_RegFile/regArr_reg[7][1]
         U0_RegFile/regArr_reg[7][0]
         U0_RegFile/regArr_reg[14][7]
         U0_RegFile/regArr_reg[14][6]
         U0_RegFile/regArr_reg[14][5]
         U0_RegFile/regArr_reg[14][4]
         U0_RegFile/regArr_reg[14][3]
         U0_RegFile/regArr_reg[14][2]
         U0_RegFile/regArr_reg[14][1]
         U0_RegFile/regArr_reg[14][0]
         U0_RegFile/regArr_reg[10][7]
         U0_RegFile/regArr_reg[10][6]
         U0_RegFile/regArr_reg[10][5]
         U0_RegFile/regArr_reg[10][4]
         U0_RegFile/regArr_reg[10][3]
         U0_RegFile/regArr_reg[10][2]
         U0_RegFile/regArr_reg[10][1]
         U0_RegFile/regArr_reg[10][0]
         U0_RegFile/regArr_reg[6][7]
         U0_RegFile/regArr_reg[6][6]
         U0_RegFile/regArr_reg[6][5]
         U0_RegFile/regArr_reg[6][4]
         U0_RegFile/regArr_reg[6][3]
         U0_RegFile/regArr_reg[6][2]
         U0_RegFile/regArr_reg[6][1]
         U0_RegFile/regArr_reg[6][0]
         U0_RegFile/regArr_reg[12][7]
         U0_RegFile/regArr_reg[12][6]
         U0_RegFile/regArr_reg[12][5]
         U0_RegFile/regArr_reg[12][4]
         U0_RegFile/regArr_reg[12][3]
         U0_RegFile/regArr_reg[12][2]
         U0_RegFile/regArr_reg[12][1]
         U0_RegFile/regArr_reg[12][0]
         U0_RegFile/regArr_reg[8][7]
         U0_RegFile/regArr_reg[8][6]
         U0_RegFile/regArr_reg[8][5]
         U0_RegFile/regArr_reg[8][4]
         U0_RegFile/regArr_reg[8][3]
         U0_RegFile/regArr_reg[8][2]
         U0_RegFile/regArr_reg[8][1]
         U0_RegFile/regArr_reg[8][0]
         U0_RegFile/regArr_reg[4][7]
         U0_RegFile/regArr_reg[4][6]
         U0_RegFile/regArr_reg[4][5]
         U0_RegFile/regArr_reg[4][4]
         U0_RegFile/regArr_reg[4][3]
         U0_RegFile/regArr_reg[4][2]
         U0_RegFile/regArr_reg[4][1]
         U0_RegFile/regArr_reg[4][0]
         U0_RegFile/RdData_reg[7]
         U0_RegFile/RdData_reg[6]
         U0_RegFile/RdData_reg[5]
         U0_RegFile/RdData_reg[4]
         U0_RegFile/RdData_reg[3]
         U0_RegFile/RdData_reg[2]
         U0_RegFile/RdData_reg[1]
         U0_RegFile/RdData_reg[0]
         U0_RegFile/regArr_reg[3][0]
         U0_RegFile/regArr_reg[1][6]
         U0_RegFile/regArr_reg[0][7]
         U0_RegFile/regArr_reg[0][6]
         U0_RegFile/regArr_reg[0][5]
         U0_RegFile/regArr_reg[0][4]
         U0_RegFile/regArr_reg[0][3]
         U0_RegFile/regArr_reg[0][2]
         U0_RegFile/regArr_reg[0][1]
         U0_RegFile/regArr_reg[0][0]
         U0_RegFile/regArr_reg[2][1]
         U0_RegFile/regArr_reg[1][1]
         U0_RegFile/regArr_reg[1][5]
         U0_RegFile/regArr_reg[1][4]
         U0_RegFile/regArr_reg[1][7]
         U0_RegFile/regArr_reg[1][3]
         U0_RegFile/regArr_reg[1][2]
         U0_RegFile/regArr_reg[1][0]
         U0_RegFile/regArr_reg[3][6]
         U0_RegFile/regArr_reg[3][7]
         U0_RegFile/regArr_reg[3][5]
         U0_RegFile/regArr_reg[3][4]
         U0_RegFile/regArr_reg[3][2]
         U0_RegFile/regArr_reg[3][3]
         U0_RegFile/regArr_reg[3][1]
         U0_RegFile/regArr_reg[2][2]
         U0_RegFile/regArr_reg[2][4]
         U0_RegFile/regArr_reg[2][3]
         U0_RegFile/regArr_reg[2][6]
         U0_RegFile/regArr_reg[2][5]
         U0_RegFile/regArr_reg[2][7]
         U0_RegFile/RdData_VLD_reg
         U0_ALU/ALU_OUT_reg[7]
         U0_ALU/ALU_OUT_reg[6]
         U0_ALU/ALU_OUT_reg[5]
         U0_ALU/ALU_OUT_reg[4]
         U0_ALU/ALU_OUT_reg[3]
         U0_ALU/ALU_OUT_reg[2]
         U0_ALU/ALU_OUT_reg[1]
         U0_ALU/ALU_OUT_reg[0]
         U0_ALU/ALU_OUT_reg[15]
         U0_ALU/ALU_OUT_reg[14]
         U0_ALU/ALU_OUT_reg[13]
         U0_ALU/ALU_OUT_reg[12]
         U0_ALU/ALU_OUT_reg[11]
         U0_ALU/ALU_OUT_reg[10]
         U0_ALU/ALU_OUT_reg[9]
         U0_ALU/ALU_OUT_reg[8]
         U0_ALU/OUT_VALID_reg
         U0_UART_FIFO/U1/MEM_reg[5][7]
         U0_UART_FIFO/U1/MEM_reg[5][6]
         U0_UART_FIFO/U1/MEM_reg[5][5]
         U0_UART_FIFO/U1/MEM_reg[5][4]
         U0_UART_FIFO/U1/MEM_reg[5][3]
         U0_UART_FIFO/U1/MEM_reg[5][2]
         U0_UART_FIFO/U1/MEM_reg[5][1]
         U0_UART_FIFO/U1/MEM_reg[5][0]
         U0_UART_FIFO/U1/MEM_reg[1][7]
         U0_UART_FIFO/U1/MEM_reg[1][6]
         U0_UART_FIFO/U1/MEM_reg[1][5]
         U0_UART_FIFO/U1/MEM_reg[1][4]
         U0_UART_FIFO/U1/MEM_reg[1][3]
         U0_UART_FIFO/U1/MEM_reg[1][2]
         U0_UART_FIFO/U1/MEM_reg[1][1]
         U0_UART_FIFO/U1/MEM_reg[1][0]
         U0_UART_FIFO/U1/MEM_reg[7][7]
         U0_UART_FIFO/U1/MEM_reg[7][6]
         U0_UART_FIFO/U1/MEM_reg[7][5]
         U0_UART_FIFO/U1/MEM_reg[7][4]
         U0_UART_FIFO/U1/MEM_reg[7][3]
         U0_UART_FIFO/U1/MEM_reg[7][2]
         U0_UART_FIFO/U1/MEM_reg[7][1]
         U0_UART_FIFO/U1/MEM_reg[7][0]
         U0_UART_FIFO/U1/MEM_reg[3][7]
         U0_UART_FIFO/U1/MEM_reg[3][6]
         U0_UART_FIFO/U1/MEM_reg[3][5]
         U0_UART_FIFO/U1/MEM_reg[3][4]
         U0_UART_FIFO/U1/MEM_reg[3][3]
         U0_UART_FIFO/U1/MEM_reg[3][2]
         U0_UART_FIFO/U1/MEM_reg[3][1]
         U0_UART_FIFO/U1/MEM_reg[3][0]
         U0_UART_FIFO/U1/MEM_reg[6][7]
         U0_UART_FIFO/U1/MEM_reg[6][6]
         U0_UART_FIFO/U1/MEM_reg[6][5]
         U0_UART_FIFO/U1/MEM_reg[6][4]
         U0_UART_FIFO/U1/MEM_reg[6][3]
         U0_UART_FIFO/U1/MEM_reg[6][2]
         U0_UART_FIFO/U1/MEM_reg[6][1]
         U0_UART_FIFO/U1/MEM_reg[6][0]
         U0_UART_FIFO/U1/MEM_reg[2][7]
         U0_UART_FIFO/U1/MEM_reg[2][6]
         U0_UART_FIFO/U1/MEM_reg[2][5]
         U0_UART_FIFO/U1/MEM_reg[2][4]
         U0_UART_FIFO/U1/MEM_reg[2][3]
         U0_UART_FIFO/U1/MEM_reg[2][2]
         U0_UART_FIFO/U1/MEM_reg[2][1]
         U0_UART_FIFO/U1/MEM_reg[2][0]
         U0_UART_FIFO/U1/MEM_reg[4][7]
         U0_UART_FIFO/U1/MEM_reg[4][6]
         U0_UART_FIFO/U1/MEM_reg[4][5]
         U0_UART_FIFO/U1/MEM_reg[4][4]
         U0_UART_FIFO/U1/MEM_reg[4][3]
         U0_UART_FIFO/U1/MEM_reg[4][2]
         U0_UART_FIFO/U1/MEM_reg[4][1]
         U0_UART_FIFO/U1/MEM_reg[4][0]
         U0_UART_FIFO/U1/MEM_reg[0][7]
         U0_UART_FIFO/U1/MEM_reg[0][6]
         U0_UART_FIFO/U1/MEM_reg[0][5]
         U0_UART_FIFO/U1/MEM_reg[0][4]
         U0_UART_FIFO/U1/MEM_reg[0][3]
         U0_UART_FIFO/U1/MEM_reg[0][2]
         U0_UART_FIFO/U1/MEM_reg[0][1]
         U0_UART_FIFO/U1/MEM_reg[0][0]
         U0_UART_FIFO/U2/R_COUNTER_reg[0]
         U0_UART_FIFO/U2/R_COUNTER_reg[2]
         U0_UART_FIFO/U2/R_COUNTER_reg[1]
         U0_UART_FIFO/U2/R_COUNTER_reg[3]
         U0_UART_FIFO/U3/sync_reg_reg[3][1]
         U0_UART_FIFO/U3/sync_reg_reg[2][1]
         U0_UART_FIFO/U3/sync_reg_reg[1][1]
         U0_UART_FIFO/U3/sync_reg_reg[0][1]
         U0_UART_FIFO/U3/sync_reg_reg[3][0]
         U0_UART_FIFO/U3/sync_reg_reg[0][0]
         U0_UART_FIFO/U3/sync_reg_reg[2][0]
         U0_UART_FIFO/U3/sync_reg_reg[1][0]
         U0_UART_FIFO/U4/W_COUNTER_reg[3]
         U0_UART_FIFO/U4/W_COUNTER_reg[2]
         U0_UART_FIFO/U4/W_COUNTER_reg[0]
         U0_UART_FIFO/U4/W_COUNTER_reg[1]
         U0_UART_FIFO/U5/sync_reg_reg[1][1]
         U0_UART_FIFO/U5/sync_reg_reg[0][1]
         U0_UART_FIFO/U5/sync_reg_reg[3][1]
         U0_UART_FIFO/U5/sync_reg_reg[2][1]
         U0_UART_FIFO/U5/sync_reg_reg[3][0]
         U0_UART_FIFO/U5/sync_reg_reg[2][0]
         U0_UART_FIFO/U5/sync_reg_reg[1][0]
         U0_UART_FIFO/U5/sync_reg_reg[0][0]
         U0_UART/U0_UART_TX/U1/C_S_reg[2]
         U0_UART/U0_UART_TX/U1/C_S_reg[1]
         U0_UART/U0_UART_TX/U1/C_S_reg[0]
         U0_UART/U0_UART_TX/U3/par_bit_reg
         U0_UART/U0_UART_TX/U4/ser_counter_reg[2]
         U0_UART/U0_UART_TX/U4/ser_data_reg
         U0_UART/U0_UART_TX/U4/ser_done_reg
         U0_UART/U0_UART_TX/U4/ser_counter_reg[0]
         U0_UART/U0_UART_TX/U4/ser_counter_reg[1]
         U0_UART/U0_UART_TX/U4/para_data_reg[7]
         U0_UART/U0_UART_TX/U4/para_data_reg[6]
         U0_UART/U0_UART_TX/U4/para_data_reg[5]
         U0_UART/U0_UART_TX/U4/para_data_reg[4]
         U0_UART/U0_UART_TX/U4/para_data_reg[3]
         U0_UART/U0_UART_TX/U4/para_data_reg[2]
         U0_UART/U0_UART_TX/U4/para_data_reg[1]
         U0_UART/U0_UART_TX/U4/para_data_reg[0]
         U0_UART/U0_UART_RX/U0_uart_fsm/current_state_reg[2]
         U0_UART/U0_UART_RX/U0_uart_fsm/current_state_reg[0]
         U0_UART/U0_UART_RX/U0_uart_fsm/current_state_reg[1]
         U0_UART/U0_UART_RX/U0_edge_bit_counter/bit_count_reg[3]
         U0_UART/U0_UART_RX/U0_edge_bit_counter/bit_count_reg[2]
         U0_UART/U0_UART_RX/U0_edge_bit_counter/bit_count_reg[1]
         U0_UART/U0_UART_RX/U0_edge_bit_counter/bit_count_reg[0]
         U0_UART/U0_UART_RX/U0_edge_bit_counter/edge_count_reg[0]
         U0_UART/U0_UART_RX/U0_edge_bit_counter/edge_count_reg[4]
         U0_UART/U0_UART_RX/U0_edge_bit_counter/edge_count_reg[3]
         U0_UART/U0_UART_RX/U0_edge_bit_counter/edge_count_reg[2]
         U0_UART/U0_UART_RX/U0_edge_bit_counter/edge_count_reg[1]
         U0_UART/U0_UART_RX/U0_edge_bit_counter/edge_count_reg[5]
         U0_UART/U0_UART_RX/U0_data_sampling/Samples_reg[2]
         U0_UART/U0_UART_RX/U0_data_sampling/Samples_reg[1]
         U0_UART/U0_UART_RX/U0_data_sampling/Samples_reg[0]
         U0_UART/U0_UART_RX/U0_data_sampling/sampled_bit_reg
         U0_UART/U0_UART_RX/U0_deserializer/P_DATA_reg[5]
         U0_UART/U0_UART_RX/U0_deserializer/P_DATA_reg[1]
         U0_UART/U0_UART_RX/U0_deserializer/P_DATA_reg[4]
         U0_UART/U0_UART_RX/U0_deserializer/P_DATA_reg[7]
         U0_UART/U0_UART_RX/U0_deserializer/P_DATA_reg[3]
         U0_UART/U0_UART_RX/U0_deserializer/P_DATA_reg[6]
         U0_UART/U0_UART_RX/U0_deserializer/P_DATA_reg[2]
         U0_UART/U0_UART_RX/U0_deserializer/P_DATA_reg[0]
         U0_UART/U0_UART_RX/U0_strt_chk/strt_glitch_reg
         U0_UART/U0_UART_RX/U0_par_chk/par_err_reg
         U0_UART/U0_UART_RX/U0_stp_chk/stp_err_reg
         U1_RST_SYNC/sync_reg_reg[0]
         U1_RST_SYNC/sync_reg_reg[1]

....Inferring feed-through connections....
Information: Test design rule checking completed. (TEST-123)
  Running test coverage estimation...
 15340 faults were added to fault list.
 ATPG performed for stuck fault model using internal pattern source.
 ----------------------------------------------------------
 #patterns     #faults     #ATPG faults  test      process
 stored     detect/active  red/au/abort  coverage  CPU time
 ---------  -------------  ------------  --------  --------
 Begin deterministic ATPG: #uncollapsed_faults=12223, abort_limit=10...
 0            6180   6043         0/0/0    60.07%      0.01
 0            2395   3646         2/0/0    75.75%      0.01
 0             851   2793         4/0/0    81.32%      0.01
 0             624   2165         6/0/0    85.43%      0.01
 0             558   1604         9/0/0    89.09%      0.01
 0             356   1235        14/0/0    91.50%      0.01
 0             172   1057        18/0/0    92.66%      0.02
 0             197    857        21/0/0    93.97%      0.02
 0             132    714        29/0/1    94.91%      0.02
 0             107    601        33/0/1    95.65%      0.02
 0             111    480        40/0/2    96.44%      0.02
 0              95    373        49/0/2    97.14%      0.02
 0              75    287        57/0/3    97.70%      0.02
 0              57    215        67/0/4    98.17%      0.03
 0              68    131        80/0/5    98.73%      0.03
 0              48     38       102/0/5    99.34%      0.03
 0              27     10       103/0/6    99.52%      0.03
 
            Pattern Summary Report
 -----------------------------------------------
 #internal patterns                           0
 -----------------------------------------------
 

     Uncollapsed Stuck Fault Summary Report
 -----------------------------------------------
 fault class                     code   #faults
 ------------------------------  ----  ---------
 Detected                         DT      15059
 Possibly detected                PT          1
 Undetectable                     UD        208
 ATPG untestable                  AU         63
 Not detected                     ND          9
 -----------------------------------------------
 total faults                             15340
 test coverage                            99.52%
 -----------------------------------------------
  Information: The test coverage above may be inferior
               than the real test coverage with customized
               protocol and test simulation library.
1
###################################################################
set_svf -off
1
#############################################################################
# Write out files
#############################################################################
write_file -format verilog -hierarchy -output netlists/$top_module.ddc
Writing verilog file '/home/IC/Projects/System/DFT/netlists/SYS_TOP_dft.ddc'.
Warning: Verilog 'assign' or 'tran' statements are written out. (VO-4)
Warning: Verilog writer has added 4 nets to module SYS_TOP_dft using SYNOPSYS_UNCONNECTED_ as prefix.  Please use the change_names command to make the correct changes before invoking the verilog writer.  (VO-11)
1
write_file -format verilog -hierarchy -output netlists/$top_module.v
Writing verilog file '/home/IC/Projects/System/DFT/netlists/SYS_TOP_dft.v'.
Warning: Verilog 'assign' or 'tran' statements are written out. (VO-4)
Warning: Verilog writer has added 4 nets to module SYS_TOP_dft using SYNOPSYS_UNCONNECTED_ as prefix.  Please use the change_names command to make the correct changes before invoking the verilog writer.  (VO-11)
1
write_sdf  sdf/$top_module.sdf
Information: Annotated 'cell' delays are assumed to include load delay. (UID-282)
Information: Writing timing information to file '/home/IC/Projects/System/DFT/sdf/SYS_TOP_dft.sdf'. (WT-3)
Information: Updating design information... (UID-85)
1
write_sdc  -nosplit sdc/$top_module.sdc
1
####################### reporting ##########################################
report_area -hierarchy > reports/area.rpt
report_power -hierarchy > reports/power.rpt
report_timing -delay_type min > reports/hold.rpt
report_timing -delay_type max > reports/setup.rpt
report_clock -attributes > reports/clocks.rpt
report_constraint -all_violators -nosplit > reports/constraints.rpt
check_design >> reports/check_design.rpt
################# starting graphical user interface #######################
#gui_start
#exit
dc_shell> exit

Memory usage for main task 320 Mbytes.
Memory usage for this session 320 Mbytes.
CPU usage for this session 19 seconds ( 0.01 hours ).

Thank you...
