/home/IC/Projects/System/RTL/ALU/ALU.v
/home/IC/Projects/System/RTL/ASYNC_FIFO/DATA_SYNC_FIFO.v
/home/IC/Projects/System/RTL/ASYNC_FIFO/FIFO_MEMORY.v
/home/IC/Projects/System/RTL/ASYNC_FIFO/FIFO_RPTR_EMPTY.v
/home/IC/Projects/System/RTL/ASYNC_FIFO/FIFO_TOP.v
/home/IC/Projects/System/RTL/ASYNC_FIFO/FIFO_WPTR_FULL.v
/home/IC/Projects/System/RTL/CLKDIV_MUX/CLKDIV_MUX.v
/home/IC/Projects/System/RTL/Clock_Divider/ClkDiv.v
/home/IC/Projects/System/RTL/Clock_Gating/CLK_GATE.v
/home/IC/Projects/System/RTL/DATA_SYNC/DATA_SYNC.v
/home/IC/Projects/System/RTL/PULSE_GEN/PULSE_GEN.v
/home/IC/Projects/System/RTL/RegFile/RegFile.v
/home/IC/Projects/System/RTL/RST_SYNC/RST_SYNC.v
/home/IC/Projects/System/RTL/SYS_CTRL/SYS_CTRL.v
/home/IC/Projects/System/RTL/Top/SYS_TOP.v
/home/IC/Projects/System/RTL/UART/UART_RX/data_sampling.v
/home/IC/Projects/System/RTL/UART/UART_RX/deserializer.v
/home/IC/Projects/System/RTL/UART/UART_RX/edge_bit_counter.v
/home/IC/Projects/System/RTL/UART/UART_RX/par_chk.v
/home/IC/Projects/System/RTL/UART/UART_RX/stp_chk.v
/home/IC/Projects/System/RTL/UART/UART_RX/strt_chk.v
/home/IC/Projects/System/RTL/UART/UART_RX/UART_RX.v
/home/IC/Projects/System/RTL/UART/UART_RX/uart_rx_fsm.v
/home/IC/Projects/System/RTL/UART/UART_TX/FSM.v
/home/IC/Projects/System/RTL/UART/UART_TX/MUX.v
/home/IC/Projects/System/RTL/UART/UART_TX/Parity_Calc.v
/home/IC/Projects/System/RTL/UART/UART_TX/Serializer.v
/home/IC/Projects/System/RTL/UART/UART_TX/UART_TX.v
/home/IC/Projects/System/RTL/UART/UART_TOP/UART.v
