Info:  Net Ref:/WORK/SYS_TOP_dft/SO[3] is undriven.
Info:  Net Ref:/WORK/SYS_TOP_dft/SO[2] is undriven.
Info:  Net Ref:/WORK/SYS_TOP_dft/SO[1] is undriven.
Info:  Net Ref:/WORK/SYS_TOP_dft/SO[0] is undriven.
Info:  Net Imp:/WORK/ALU_DW_div_uns_0/remainder[7] is undriven.
Info:  Net Imp:/WORK/ALU_DW_div_uns_0/remainder[6] is undriven.
Info:  Net Imp:/WORK/ALU_DW_div_uns_0/remainder[5] is undriven.
Info:  Net Imp:/WORK/ALU_DW_div_uns_0/remainder[4] is undriven.
Info:  Net Imp:/WORK/ALU_DW_div_uns_0/remainder[3] is undriven.
Info:  Net Imp:/WORK/ALU_DW_div_uns_0/remainder[2] is undriven.
Info:  Net Imp:/WORK/ALU_DW_div_uns_0/remainder[1] is undriven.
Info:  Net Imp:/WORK/ALU_DW_div_uns_0/remainder[0] is undriven.
Info:  Net Imp:/WORK/ALU_DW_div_uns_0/divide_by_0 is undriven.
Info:  Net Imp:/WORK/ALU_DW01_sub_0/CO is undriven.
Info:  Net Imp:/WORK/ALU_DW01_add_0/CO is undriven.
Info:  Net Imp:/WORK/ALU_DW01_add_1/CO is undriven.
Info:  guide_uniquify 90 (Line: 654)  Cannot find object "U1_ClkDiv/U11" in design 'SYS_TOP_dft'.
Info:  SVF Operation 90 (Line: 654) - uniquify.  Status: rejected
Info:  guide_uniquify 90 (Line: 654)  Cannot find object "U0_ClkDiv/U11" in design 'SYS_TOP_dft'.
Info:  guide_uniquify 90 (Line: 654)  Cannot find object "mux_ref_rst/U1" in design 'SYS_TOP_dft'.
Info:  guide_uniquify 90 (Line: 654)  Cannot find object "mux_uart_rst/U1" in design 'SYS_TOP_dft'.
Info:  guide_uniquify 90 (Line: 654)  Cannot find object "mux_rst_n/U1" in design 'SYS_TOP_dft'.
Info:  guide_uniquify 90 (Line: 654)  Cannot find object "mux_tx_clk/U1" in design 'SYS_TOP_dft'.
Info:  guide_uniquify 90 (Line: 654)  Cannot find object "mux_rx_clk/U1" in design 'SYS_TOP_dft'.
Info:  guide_uniquify 90 (Line: 654)  Cannot find object "mux_uart_clk/U1" in design 'SYS_TOP_dft'.
Info:  guide_uniquify 90 (Line: 654)  Cannot find object "mux_ref_clk/U1" in design 'SYS_TOP_dft'.
Info:  guide_uniquify 98 (Line: 708)  Cannot find object "U0_ALU/dp_cluster_0/mult_49" in design 'SYS_TOP_dft'.
Info:  Pre-verification of Ref:/WORK/ALU/div_52 SUCCEEDED.
Info:  Pre-verification of Ref:/WORK/ALU/mult_49 SUCCEEDED.
