                                        
                           Design Compiler Graphical 
                                 DC Ultra (TM)
                                  DFTMAX (TM)
                              Power Compiler (TM)
                                 DesignWare (R)
                                 DC Expert (TM)
                               Design Vision (TM)
                               HDL Compiler (TM)
                               VHDL Compiler (TM)
                                  DFT Compiler
                               Design Compiler(R)
                                        
                 Version K-2015.06 for linux64 - May 28, 2015 
                                        
                    Copyright (c) 1988 - 2015 Synopsys, Inc.
   This software and the associated documentation are proprietary to Synopsys,
 Inc. This software may only be used in accordance with the terms and conditions
 of a written license agreement with Synopsys, Inc. All other use, reproduction,
            or distribution of this software is strictly prohibited.
Initializing...
Initializing gui preferences from file  /home/IC/.synopsys_dv_prefs.tcl
########################### Define Top Module ############################
set top_module SYS_TOP
SYS_TOP
##################### Define Working Library Directory ######################
define_design_lib work -path ./work
1
############################# Formality Setup File ##########################
set_svf $top_module.svf
1
################## Design Compiler Library Files #setup ######################
puts "###########################################"
###########################################
puts "#      #setting Design Libraries          #"
#      #setting Design Libraries          #
puts "###########################################"
###########################################
#Add the path of the libraries to the search_path variable
lappend search_path /home/IC/tsmc_fb_cl013g_sc/aci/sc-m/synopsys
. /opt/Synopsys/Synplify2015/libraries/syn /opt/Synopsys/Synplify2015/minpower/syn /opt/Synopsys/Synplify2015/dw/syn_ver /opt/Synopsys/Synplify2015/dw/sim_ver /home/IC/tsmc_fb_cl013g_sc/aci/sc-m/synopsys
set SSLIB "scmetro_tsmc_cl013g_rvt_ss_1p08v_125c.db"
scmetro_tsmc_cl013g_rvt_ss_1p08v_125c.db
set TTLIB "scmetro_tsmc_cl013g_rvt_tt_1p2v_25c.db"
scmetro_tsmc_cl013g_rvt_tt_1p2v_25c.db
set FFLIB "scmetro_tsmc_cl013g_rvt_ff_1p32v_m40c.db"
scmetro_tsmc_cl013g_rvt_ff_1p32v_m40c.db
## Standard Cell libraries 
set target_library [list $SSLIB $TTLIB $FFLIB]
scmetro_tsmc_cl013g_rvt_ss_1p08v_125c.db scmetro_tsmc_cl013g_rvt_tt_1p2v_25c.db scmetro_tsmc_cl013g_rvt_ff_1p32v_m40c.db
## Standard Cell & Hard Macros libraries 
set link_library [list * $SSLIB $TTLIB $FFLIB]  
* scmetro_tsmc_cl013g_rvt_ss_1p08v_125c.db scmetro_tsmc_cl013g_rvt_tt_1p2v_25c.db scmetro_tsmc_cl013g_rvt_ff_1p32v_m40c.db
######################## Reading RTL Files #################################
puts "###########################################"
###########################################
puts "#             Reading RTL Files           #"
#             Reading RTL Files           #
puts "###########################################"
###########################################
set file_format verilog
verilog
set fh [open system.lst r+]
file11
set rtl [read $fh]
/home/IC/Projects/System/RTL/ALU/ALU.v
/home/IC/Projects/System/RTL/ASYNC_FIFO/DATA_SYNC_FIFO.v
/home/IC/Projects/System/RTL/ASYNC_FIFO/FIFO_MEMORY.v
/home/IC/Projects/System/RTL/ASYNC_FIFO/FIFO_RPTR_EMPTY.v
/home/IC/Projects/System/RTL/ASYNC_FIFO/FIFO_TOP.v
/home/IC/Projects/System/RTL/ASYNC_FIFO/FIFO_WPTR_FULL.v
/home/IC/Projects/System/RTL/CLKDIV_MUX/CLKDIV_MUX.v
/home/IC/Projects/System/RTL/Clock_Divider/ClkDiv.v
/home/IC/Projects/System/RTL/Clock_Gating/CLK_GATE.v
/home/IC/Projects/System/RTL/DATA_SYNC/DATA_SYNC.v
/home/IC/Projects/System/RTL/PULSE_GEN/PULSE_GEN.v
/home/IC/Projects/System/RTL/RegFile/RegFile.v
/home/IC/Projects/System/RTL/RST_SYNC/RST_SYNC.v
/home/IC/Projects/System/RTL/SYS_CTRL/SYS_CTRL.v
/home/IC/Projects/System/RTL/Top/SYS_TOP.v
/home/IC/Projects/System/RTL/UART/UART_RX/data_sampling.v
/home/IC/Projects/System/RTL/UART/UART_RX/deserializer.v
/home/IC/Projects/System/RTL/UART/UART_RX/edge_bit_counter.v
/home/IC/Projects/System/RTL/UART/UART_RX/par_chk.v
/home/IC/Projects/System/RTL/UART/UART_RX/stp_chk.v
/home/IC/Projects/System/RTL/UART/UART_RX/strt_chk.v
/home/IC/Projects/System/RTL/UART/UART_RX/UART_RX.v
/home/IC/Projects/System/RTL/UART/UART_RX/uart_rx_fsm.v
/home/IC/Projects/System/RTL/UART/UART_TX/FSM.v
/home/IC/Projects/System/RTL/UART/UART_TX/MUX.v
/home/IC/Projects/System/RTL/UART/UART_TX/Parity_Calc.v
/home/IC/Projects/System/RTL/UART/UART_TX/Serializer.v
/home/IC/Projects/System/RTL/UART/UART_TX/UART_TX.v
/home/IC/Projects/System/RTL/UART/UART_TOP/UART.v

set designs ""
regsub -all "\n" $rtl " " designs
29
analyze -format $file_format $designs
Running PRESTO HDLC
Compiling source file /home/IC/Projects/System/RTL/ALU/ALU.v
Compiling source file /home/IC/Projects/System/RTL/ASYNC_FIFO/DATA_SYNC_FIFO.v
Compiling source file /home/IC/Projects/System/RTL/ASYNC_FIFO/FIFO_MEMORY.v
Compiling source file /home/IC/Projects/System/RTL/ASYNC_FIFO/FIFO_RPTR_EMPTY.v
Compiling source file /home/IC/Projects/System/RTL/ASYNC_FIFO/FIFO_TOP.v
Compiling source file /home/IC/Projects/System/RTL/ASYNC_FIFO/FIFO_WPTR_FULL.v
Compiling source file /home/IC/Projects/System/RTL/CLKDIV_MUX/CLKDIV_MUX.v
Compiling source file /home/IC/Projects/System/RTL/Clock_Divider/ClkDiv.v
Compiling source file /home/IC/Projects/System/RTL/Clock_Gating/CLK_GATE.v
Compiling source file /home/IC/Projects/System/RTL/DATA_SYNC/DATA_SYNC.v
Compiling source file /home/IC/Projects/System/RTL/PULSE_GEN/PULSE_GEN.v
Compiling source file /home/IC/Projects/System/RTL/RegFile/RegFile.v
Compiling source file /home/IC/Projects/System/RTL/RST_SYNC/RST_SYNC.v
Compiling source file /home/IC/Projects/System/RTL/SYS_CTRL/SYS_CTRL.v
Compiling source file /home/IC/Projects/System/RTL/Top/SYS_TOP.v
Compiling source file /home/IC/Projects/System/RTL/UART/UART_RX/data_sampling.v
Compiling source file /home/IC/Projects/System/RTL/UART/UART_RX/deserializer.v
Compiling source file /home/IC/Projects/System/RTL/UART/UART_RX/edge_bit_counter.v
Compiling source file /home/IC/Projects/System/RTL/UART/UART_RX/par_chk.v
Compiling source file /home/IC/Projects/System/RTL/UART/UART_RX/stp_chk.v
Compiling source file /home/IC/Projects/System/RTL/UART/UART_RX/strt_chk.v
Compiling source file /home/IC/Projects/System/RTL/UART/UART_RX/UART_RX.v
Compiling source file /home/IC/Projects/System/RTL/UART/UART_RX/uart_rx_fsm.v
Compiling source file /home/IC/Projects/System/RTL/UART/UART_TX/FSM.v
Compiling source file /home/IC/Projects/System/RTL/UART/UART_TX/MUX.v
Compiling source file /home/IC/Projects/System/RTL/UART/UART_TX/Parity_Calc.v
Compiling source file /home/IC/Projects/System/RTL/UART/UART_TX/Serializer.v
Compiling source file /home/IC/Projects/System/RTL/UART/UART_TX/UART_TX.v
Compiling source file /home/IC/Projects/System/RTL/UART/UART_TOP/UART.v
Presto compilation completed successfully.
Loading db file '/home/IC/tsmc_fb_cl013g_sc/aci/sc-m/synopsys/scmetro_tsmc_cl013g_rvt_ss_1p08v_125c.db'
Loading db file '/home/IC/tsmc_fb_cl013g_sc/aci/sc-m/synopsys/scmetro_tsmc_cl013g_rvt_tt_1p2v_25c.db'
Loading db file '/home/IC/tsmc_fb_cl013g_sc/aci/sc-m/synopsys/scmetro_tsmc_cl013g_rvt_ff_1p32v_m40c.db'
1
elaborate -lib work $top_module
Loading db file '/opt/Synopsys/Synplify2015/libraries/syn/gtech.db'
Loading db file '/opt/Synopsys/Synplify2015/libraries/syn/standard.sldb'
  Loading link library 'scmetro_tsmc_cl013g_rvt_ss_1p08v_125c'
  Loading link library 'scmetro_tsmc_cl013g_rvt_tt_1p2v_25c'
  Loading link library 'scmetro_tsmc_cl013g_rvt_ff_1p32v_m40c'
  Loading link library 'gtech'
Running PRESTO HDLC
Presto compilation completed successfully.
Elaborated 1 design.
Current design is now 'SYS_TOP'.
Information: Building the design 'RST_SYNC' instantiated from design 'SYS_TOP' with
	the parameters "NUM_STAGES=2". (HDL-193)

Inferred memory devices in process
	in routine RST_SYNC_NUM_STAGES2 line 16 in file
		'/home/IC/Projects/System/RTL/RST_SYNC/RST_SYNC.v'.
===============================================================================
|    Register Name    |   Type    | Width | Bus | MB | AR | AS | SR | SS | ST |
===============================================================================
|    sync_reg_reg     | Flip-flop |   2   |  Y  | N  | Y  | N  | N  | N  | N  |
===============================================================================
Presto compilation completed successfully.
Information: Building the design 'DATA_SYNC' instantiated from design 'SYS_TOP' with
	the parameters "NUM_STAGES=2,BUS_WIDTH=8". (HDL-193)

Inferred memory devices in process
	in routine DATA_SYNC_NUM_STAGES2_BUS_WIDTH8 line 17 in file
		'/home/IC/Projects/System/RTL/DATA_SYNC/DATA_SYNC.v'.
===============================================================================
|    Register Name    |   Type    | Width | Bus | MB | AR | AS | SR | SS | ST |
===============================================================================
|    sync_bus_reg     | Flip-flop |   8   |  Y  | N  | Y  | N  | N  | N  | N  |
===============================================================================

Inferred memory devices in process
	in routine DATA_SYNC_NUM_STAGES2_BUS_WIDTH8 line 33 in file
		'/home/IC/Projects/System/RTL/DATA_SYNC/DATA_SYNC.v'.
===============================================================================
|    Register Name    |   Type    | Width | Bus | MB | AR | AS | SR | SS | ST |
===============================================================================
|   enable_out_reg    | Flip-flop |   1   |  N  | N  | Y  | N  | N  | N  | N  |
===============================================================================

Inferred memory devices in process
	in routine DATA_SYNC_NUM_STAGES2_BUS_WIDTH8 line 46 in file
		'/home/IC/Projects/System/RTL/DATA_SYNC/DATA_SYNC.v'.
===============================================================================
|    Register Name    |   Type    | Width | Bus | MB | AR | AS | SR | SS | ST |
===============================================================================
|  enable_pulse_reg   | Flip-flop |   1   |  N  | N  | Y  | N  | N  | N  | N  |
===============================================================================

Inferred memory devices in process
	in routine DATA_SYNC_NUM_STAGES2_BUS_WIDTH8 line 59 in file
		'/home/IC/Projects/System/RTL/DATA_SYNC/DATA_SYNC.v'.
===============================================================================
|    Register Name    |   Type    | Width | Bus | MB | AR | AS | SR | SS | ST |
===============================================================================
|    bit_sync_reg     | Flip-flop |   2   |  Y  | N  | Y  | N  | N  | N  | N  |
===============================================================================
Presto compilation completed successfully.
Information: Building the design 'FIFO_TOP' instantiated from design 'SYS_TOP' with
	the parameters "DATA_WIDTH=8". (HDL-193)
Presto compilation completed successfully.
Information: Building the design 'PULSE_GEN'. (HDL-193)

Inferred memory devices in process
	in routine PULSE_GEN line 19 in file
		'/home/IC/Projects/System/RTL/PULSE_GEN/PULSE_GEN.v'.
===============================================================================
|    Register Name    |   Type    | Width | Bus | MB | AR | AS | SR | SS | ST |
===============================================================================
|    rcv_flop_reg     | Flip-flop |   1   |  N  | N  | Y  | N  | N  | N  | N  |
|    pls_flop_reg     | Flip-flop |   1   |  N  | N  | Y  | N  | N  | N  | N  |
===============================================================================
Presto compilation completed successfully.
Information: Building the design 'ClkDiv'. (HDL-193)

Inferred memory devices in process
	in routine ClkDiv line 27 in file
		'/home/IC/Projects/System/RTL/Clock_Divider/ClkDiv.v'.
===============================================================================
|    Register Name    |   Type    | Width | Bus | MB | AR | AS | SR | SS | ST |
===============================================================================
|  odd_edge_tog_reg   | Flip-flop |   1   |  N  | N  | N  | Y  | N  | N  | N  |
|     div_clk_reg     | Flip-flop |   1   |  N  | N  | Y  | N  | N  | N  | N  |
|      count_reg      | Flip-flop |   7   |  Y  | N  | Y  | N  | N  | N  | N  |
===============================================================================
Presto compilation completed successfully.
Information: Building the design 'CLKDIV_MUX'. (HDL-193)

Statistics for case statements in always block at line 8 in file
	'/home/IC/Projects/System/RTL/CLKDIV_MUX/CLKDIV_MUX.v'
===============================================
|           Line           |  full/ parallel  |
===============================================
|            10            |    auto/auto     |
===============================================
Presto compilation completed successfully.
Information: Building the design 'UART'. (HDL-193)
Presto compilation completed successfully.
Information: Building the design 'SYS_CTRL'. (HDL-193)

Statistics for case statements in always block at line 82 in file
	'/home/IC/Projects/System/RTL/SYS_CTRL/SYS_CTRL.v'
===============================================
|           Line           |  full/ parallel  |
===============================================
|            84            |    auto/auto     |
|            88            |    auto/auto     |
===============================================

Statistics for case statements in always block at line 194 in file
	'/home/IC/Projects/System/RTL/SYS_CTRL/SYS_CTRL.v'
===============================================
|           Line           |  full/ parallel  |
===============================================
|           208            |    auto/auto     |
===============================================

Inferred memory devices in process
	in routine SYS_CTRL line 44 in file
		'/home/IC/Projects/System/RTL/SYS_CTRL/SYS_CTRL.v'.
===============================================================================
|    Register Name    |   Type    | Width | Bus | MB | AR | AS | SR | SS | ST |
===============================================================================
|   stored_addr_reg   | Flip-flop |   4   |  Y  | N  | Y  | N  | N  | N  | N  |
===============================================================================

Inferred memory devices in process
	in routine SYS_CTRL line 56 in file
		'/home/IC/Projects/System/RTL/SYS_CTRL/SYS_CTRL.v'.
===============================================================================
|    Register Name    |   Type    | Width | Bus | MB | AR | AS | SR | SS | ST |
===============================================================================
|   stored_out_reg    | Flip-flop |  16   |  Y  | N  | Y  | N  | N  | N  | N  |
===============================================================================

Inferred memory devices in process
	in routine SYS_CTRL line 69 in file
		'/home/IC/Projects/System/RTL/SYS_CTRL/SYS_CTRL.v'.
===============================================================================
|    Register Name    |   Type    | Width | Bus | MB | AR | AS | SR | SS | ST |
===============================================================================
|       C_S_reg       | Flip-flop |   4   |  Y  | N  | Y  | N  | N  | N  | N  |
===============================================================================
Presto compilation completed successfully.
Information: Building the design 'RegFile'. (HDL-193)

Inferred memory devices in process
	in routine RegFile line 24 in file
		'/home/IC/Projects/System/RTL/RegFile/RegFile.v'.
===============================================================================
|    Register Name    |   Type    | Width | Bus | MB | AR | AS | SR | SS | ST |
===============================================================================
|     regArr_reg      | Flip-flop |  125  |  Y  | N  | Y  | N  | N  | N  | N  |
|     regArr_reg      | Flip-flop |   3   |  Y  | N  | N  | Y  | N  | N  | N  |
|   RdData_VLD_reg    | Flip-flop |   1   |  N  | N  | Y  | N  | N  | N  | N  |
|     RdData_reg      | Flip-flop |   8   |  Y  | N  | Y  | N  | N  | N  | N  |
===============================================================================
Statistics for MUX_OPs
===========================================================
| block name/line  | Inputs | Outputs | # sel inputs | MB |
===========================================================
|    RegFile/46    |   16   |    8    |      4       | N  |
===========================================================
Presto compilation completed successfully.
Information: Building the design 'ALU'. (HDL-193)

Statistics for case statements in always block at line 34 in file
	'/home/IC/Projects/System/RTL/ALU/ALU.v'
===============================================
|           Line           |  full/ parallel  |
===============================================
|            41            |    auto/auto     |
===============================================

Inferred memory devices in process
	in routine ALU line 20 in file
		'/home/IC/Projects/System/RTL/ALU/ALU.v'.
===============================================================================
|    Register Name    |   Type    | Width | Bus | MB | AR | AS | SR | SS | ST |
===============================================================================
|     ALU_OUT_reg     | Flip-flop |  16   |  Y  | N  | Y  | N  | N  | N  | N  |
|    OUT_VALID_reg    | Flip-flop |   1   |  N  | N  | Y  | N  | N  | N  | N  |
===============================================================================
Presto compilation completed successfully.
Information: Building the design 'CLK_GATE'. (HDL-193)
Presto compilation completed successfully.
Information: Building the design 'FIFO_MEMORY'. (HDL-193)

Inferred memory devices in process
	in routine FIFO_MEMORY line 20 in file
		'/home/IC/Projects/System/RTL/ASYNC_FIFO/FIFO_MEMORY.v'.
===============================================================================
|    Register Name    |   Type    | Width | Bus | MB | AR | AS | SR | SS | ST |
===============================================================================
|       MEM_reg       | Flip-flop |  64   |  Y  | N  | Y  | N  | N  | N  | N  |
===============================================================================
Statistics for MUX_OPs
===========================================================
| block name/line  | Inputs | Outputs | # sel inputs | MB |
===========================================================
|  FIFO_MEMORY/34  |   8    |    8    |      3       | N  |
===========================================================
Presto compilation completed successfully.
Information: Building the design 'FIFO_RPTR_EMPTY'. (HDL-193)

Inferred memory devices in process
	in routine FIFO_RPTR_EMPTY line 14 in file
		'/home/IC/Projects/System/RTL/ASYNC_FIFO/FIFO_RPTR_EMPTY.v'.
===============================================================================
|    Register Name    |   Type    | Width | Bus | MB | AR | AS | SR | SS | ST |
===============================================================================
|    R_COUNTER_reg    | Flip-flop |   4   |  Y  | N  | Y  | N  | N  | N  | N  |
===============================================================================
Presto compilation completed successfully.
Information: Building the design 'DATA_SYNC_FIFO'. (HDL-193)

Inferred memory devices in process
	in routine DATA_SYNC_FIFO line 15 in file
		'/home/IC/Projects/System/RTL/ASYNC_FIFO/DATA_SYNC_FIFO.v'.
===============================================================================
|    Register Name    |   Type    | Width | Bus | MB | AR | AS | SR | SS | ST |
===============================================================================
|    sync_reg_reg     | Flip-flop |   8   |  Y  | N  | Y  | N  | N  | N  | N  |
===============================================================================
Presto compilation completed successfully.
Information: Building the design 'FIFO_WPTR_FULL'. (HDL-193)

Inferred memory devices in process
	in routine FIFO_WPTR_FULL line 14 in file
		'/home/IC/Projects/System/RTL/ASYNC_FIFO/FIFO_WPTR_FULL.v'.
===============================================================================
|    Register Name    |   Type    | Width | Bus | MB | AR | AS | SR | SS | ST |
===============================================================================
|    W_COUNTER_reg    | Flip-flop |   4   |  Y  | N  | Y  | N  | N  | N  | N  |
===============================================================================
Presto compilation completed successfully.
Information: Building the design 'UART_TX'. (HDL-193)
Presto compilation completed successfully.
Information: Building the design 'UART_RX'. (HDL-193)
Presto compilation completed successfully.
Information: Building the design 'FSM'. (HDL-193)

Statistics for case statements in always block at line 36 in file
	'/home/IC/Projects/System/RTL/UART/UART_TX/FSM.v'
===============================================
|           Line           |  full/ parallel  |
===============================================
|            38            |    auto/auto     |
===============================================

Statistics for case statements in always block at line 82 in file
	'/home/IC/Projects/System/RTL/UART/UART_TX/FSM.v'
===============================================
|           Line           |  full/ parallel  |
===============================================
|            84            |    auto/auto     |
===============================================

Inferred memory devices in process
	in routine FSM line 23 in file
		'/home/IC/Projects/System/RTL/UART/UART_TX/FSM.v'.
===============================================================================
|    Register Name    |   Type    | Width | Bus | MB | AR | AS | SR | SS | ST |
===============================================================================
|       C_S_reg       | Flip-flop |   3   |  Y  | N  | Y  | N  | N  | N  | N  |
===============================================================================
Presto compilation completed successfully.
Information: Building the design 'MUX'. (HDL-193)

Statistics for case statements in always block at line 12 in file
	'/home/IC/Projects/System/RTL/UART/UART_TX/MUX.v'
===============================================
|           Line           |  full/ parallel  |
===============================================
|            14            |    auto/auto     |
===============================================
Presto compilation completed successfully.
Information: Building the design 'Parity_Calc'. (HDL-193)

Inferred memory devices in process
	in routine Parity_Calc line 13 in file
		'/home/IC/Projects/System/RTL/UART/UART_TX/Parity_Calc.v'.
===============================================================================
|    Register Name    |   Type    | Width | Bus | MB | AR | AS | SR | SS | ST |
===============================================================================
|     par_bit_reg     | Flip-flop |   1   |  N  | N  | Y  | N  | N  | N  | N  |
===============================================================================
Presto compilation completed successfully.
Information: Building the design 'Serializer'. (HDL-193)

Inferred memory devices in process
	in routine Serializer line 15 in file
		'/home/IC/Projects/System/RTL/UART/UART_TX/Serializer.v'.
===============================================================================
|    Register Name    |   Type    | Width | Bus | MB | AR | AS | SR | SS | ST |
===============================================================================
|    ser_data_reg     | Flip-flop |   1   |  N  | N  | Y  | N  | N  | N  | N  |
|    ser_done_reg     | Flip-flop |   1   |  N  | N  | Y  | N  | N  | N  | N  |
|   ser_counter_reg   | Flip-flop |   3   |  Y  | N  | Y  | N  | N  | N  | N  |
|    para_data_reg    | Flip-flop |   8   |  Y  | N  | Y  | N  | N  | N  | N  |
===============================================================================
Statistics for MUX_OPs
===========================================================
| block name/line  | Inputs | Outputs | # sel inputs | MB |
===========================================================
|  Serializer/32   |   8    |    1    |      3       | N  |
===========================================================
Presto compilation completed successfully.
Information: Building the design 'uart_rx_fsm' instantiated from design 'UART_RX' with
	the parameters "DATA_WIDTH=8". (HDL-193)

Statistics for case statements in always block at line 57 in file
	'/home/IC/Projects/System/RTL/UART/UART_RX/uart_rx_fsm.v'
===============================================
|           Line           |  full/ parallel  |
===============================================
|            59            |    auto/auto     |
===============================================

Statistics for case statements in always block at line 148 in file
	'/home/IC/Projects/System/RTL/UART/UART_RX/uart_rx_fsm.v'
===============================================
|           Line           |  full/ parallel  |
===============================================
|           157            |    auto/auto     |
===============================================

Inferred memory devices in process
	in routine uart_rx_fsm_DATA_WIDTH8 line 43 in file
		'/home/IC/Projects/System/RTL/UART/UART_RX/uart_rx_fsm.v'.
===============================================================================
|    Register Name    |   Type    | Width | Bus | MB | AR | AS | SR | SS | ST |
===============================================================================
|  current_state_reg  | Flip-flop |   3   |  Y  | N  | Y  | N  | N  | N  | N  |
===============================================================================
Presto compilation completed successfully.
Information: Building the design 'edge_bit_counter'. (HDL-193)

Inferred memory devices in process
	in routine edge_bit_counter line 17 in file
		'/home/IC/Projects/System/RTL/UART/UART_RX/edge_bit_counter.v'.
===============================================================================
|    Register Name    |   Type    | Width | Bus | MB | AR | AS | SR | SS | ST |
===============================================================================
|   edge_count_reg    | Flip-flop |   6   |  Y  | N  | Y  | N  | N  | N  | N  |
===============================================================================

Inferred memory devices in process
	in routine edge_bit_counter line 44 in file
		'/home/IC/Projects/System/RTL/UART/UART_RX/edge_bit_counter.v'.
===============================================================================
|    Register Name    |   Type    | Width | Bus | MB | AR | AS | SR | SS | ST |
===============================================================================
|    bit_count_reg    | Flip-flop |   4   |  Y  | N  | Y  | N  | N  | N  | N  |
===============================================================================
Presto compilation completed successfully.
Information: Building the design 'data_sampling'. (HDL-193)

Statistics for case statements in always block at line 57 in file
	'/home/IC/Projects/System/RTL/UART/UART_RX/data_sampling.v'
===============================================
|           Line           |  full/ parallel  |
===============================================
|            67            |    auto/auto     |
===============================================

Inferred memory devices in process
	in routine data_sampling line 25 in file
		'/home/IC/Projects/System/RTL/UART/UART_RX/data_sampling.v'.
===============================================================================
|    Register Name    |   Type    | Width | Bus | MB | AR | AS | SR | SS | ST |
===============================================================================
|     Samples_reg     | Flip-flop |   3   |  Y  | N  | Y  | N  | N  | N  | N  |
===============================================================================

Inferred memory devices in process
	in routine data_sampling line 57 in file
		'/home/IC/Projects/System/RTL/UART/UART_RX/data_sampling.v'.
===============================================================================
|    Register Name    |   Type    | Width | Bus | MB | AR | AS | SR | SS | ST |
===============================================================================
|   sampled_bit_reg   | Flip-flop |   1   |  N  | N  | Y  | N  | N  | N  | N  |
===============================================================================
Presto compilation completed successfully.
Information: Building the design 'deserializer' instantiated from design 'UART_RX' with
	the parameters "DATA_WIDTH=8". (HDL-193)

Inferred memory devices in process
	in routine deserializer_DATA_WIDTH8 line 16 in file
		'/home/IC/Projects/System/RTL/UART/UART_RX/deserializer.v'.
===============================================================================
|    Register Name    |   Type    | Width | Bus | MB | AR | AS | SR | SS | ST |
===============================================================================
|     P_DATA_reg      | Flip-flop |   8   |  Y  | N  | Y  | N  | N  | N  | N  |
===============================================================================
Presto compilation completed successfully.
Information: Building the design 'strt_chk'. (HDL-193)

Inferred memory devices in process
	in routine strt_chk line 13 in file
		'/home/IC/Projects/System/RTL/UART/UART_RX/strt_chk.v'.
===============================================================================
|    Register Name    |   Type    | Width | Bus | MB | AR | AS | SR | SS | ST |
===============================================================================
|   strt_glitch_reg   | Flip-flop |   1   |  N  | N  | Y  | N  | N  | N  | N  |
===============================================================================
Presto compilation completed successfully.
Information: Building the design 'par_chk' instantiated from design 'UART_RX' with
	the parameters "DATA_WIDTH=8". (HDL-193)

Statistics for case statements in always block at line 18 in file
	'/home/IC/Projects/System/RTL/UART/UART_RX/par_chk.v'
===============================================
|           Line           |  full/ parallel  |
===============================================
|            20            |    auto/auto     |
===============================================

Inferred memory devices in process
	in routine par_chk_DATA_WIDTH8 line 32 in file
		'/home/IC/Projects/System/RTL/UART/UART_RX/par_chk.v'.
===============================================================================
|    Register Name    |   Type    | Width | Bus | MB | AR | AS | SR | SS | ST |
===============================================================================
|     par_err_reg     | Flip-flop |   1   |  N  | N  | Y  | N  | N  | N  | N  |
===============================================================================
Presto compilation completed successfully.
Information: Building the design 'stp_chk'. (HDL-193)

Inferred memory devices in process
	in routine stp_chk line 13 in file
		'/home/IC/Projects/System/RTL/UART/UART_RX/stp_chk.v'.
===============================================================================
|    Register Name    |   Type    | Width | Bus | MB | AR | AS | SR | SS | ST |
===============================================================================
|     stp_err_reg     | Flip-flop |   1   |  N  | N  | Y  | N  | N  | N  | N  |
===============================================================================
Presto compilation completed successfully.
1
###################### Defining toplevel ###################################
current_design $top_module
Current design is 'SYS_TOP'.
{SYS_TOP}
#################### Liniking All The Design Parts #########################
puts "###############################################"
###############################################
puts "######## Liniking All The Design Parts ########"
######## Liniking All The Design Parts ########
puts "###############################################"
###############################################
link 

  Linking design 'SYS_TOP'
  Using the following designs and libraries:
  --------------------------------------------------------------------------
  * (29 designs)              /home/IC/Projects/System/Synthesis/SYS_TOP.db, etc
  scmetro_tsmc_cl013g_rvt_ss_1p08v_125c (library) /home/IC/tsmc_fb_cl013g_sc/aci/sc-m/synopsys/scmetro_tsmc_cl013g_rvt_ss_1p08v_125c.db
  scmetro_tsmc_cl013g_rvt_tt_1p2v_25c (library) /home/IC/tsmc_fb_cl013g_sc/aci/sc-m/synopsys/scmetro_tsmc_cl013g_rvt_tt_1p2v_25c.db
  scmetro_tsmc_cl013g_rvt_ff_1p32v_m40c (library) /home/IC/tsmc_fb_cl013g_sc/aci/sc-m/synopsys/scmetro_tsmc_cl013g_rvt_ff_1p32v_m40c.db

1
#################### Liniking All The Design Parts #########################
puts "###############################################"
###############################################
puts "######## checking design consistency ##########"
######## checking design consistency ##########
puts "###############################################"
###############################################
check_design
 
****************************************
check_design summary:
Version:     K-2015.06
Date:        Sat Sep 27 05:06:45 2025
****************************************

                   Name                                            Total
--------------------------------------------------------------------------------
Inputs/Outputs                                                      9
    Unconnected ports (LINT-28)                                     1
    Shorted outputs (LINT-31)                                       3
    Constant outputs (LINT-52)                                      5

Cells                                                              21
    Cells do not drive (LINT-1)                                    19
    Connected to power or ground (LINT-32)                          2
--------------------------------------------------------------------------------

Warning: In design 'ClkDiv', cell 'C120' does not drive any nets. (LINT-1)
Warning: In design 'ALU', cell 'C342' does not drive any nets. (LINT-1)
Warning: In design 'ALU', cell 'C343' does not drive any nets. (LINT-1)
Warning: In design 'ALU', cell 'C344' does not drive any nets. (LINT-1)
Warning: In design 'ALU', cell 'C345' does not drive any nets. (LINT-1)
Warning: In design 'ALU', cell 'C370' does not drive any nets. (LINT-1)
Warning: In design 'ALU', cell 'C372' does not drive any nets. (LINT-1)
Warning: In design 'ALU', cell 'C374' does not drive any nets. (LINT-1)
Warning: In design 'FIFO_RPTR_EMPTY', cell 'C43' does not drive any nets. (LINT-1)
Warning: In design 'FIFO_WPTR_FULL', cell 'C46' does not drive any nets. (LINT-1)
Warning: In design 'Serializer', cell 'C125' does not drive any nets. (LINT-1)
Warning: In design 'uart_rx_fsm_DATA_WIDTH8', cell 'B_17' does not drive any nets. (LINT-1)
Warning: In design 'uart_rx_fsm_DATA_WIDTH8', cell 'B_18' does not drive any nets. (LINT-1)
Warning: In design 'uart_rx_fsm_DATA_WIDTH8', cell 'B_19' does not drive any nets. (LINT-1)
Warning: In design 'uart_rx_fsm_DATA_WIDTH8', cell 'C282' does not drive any nets. (LINT-1)
Warning: In design 'edge_bit_counter', cell 'C101' does not drive any nets. (LINT-1)
Warning: In design 'edge_bit_counter', cell 'C108' does not drive any nets. (LINT-1)
Warning: In design 'data_sampling', cell 'C127' does not drive any nets. (LINT-1)
Warning: In design 'deserializer_DATA_WIDTH8', cell 'B_0' does not drive any nets. (LINT-1)
Warning: In design 'data_sampling', port 'Prescale[0]' is not connected to any nets. (LINT-28)
Warning: In design 'CLKDIV_MUX', output port 'OUT[7]' is connected directly to output port 'OUT[4]'. (LINT-31)
Warning: In design 'CLKDIV_MUX', output port 'OUT[7]' is connected directly to output port 'OUT[5]'. (LINT-31)
Warning: In design 'CLKDIV_MUX', output port 'OUT[7]' is connected directly to output port 'OUT[6]'. (LINT-31)
Warning: In design 'UART_TX', a pin on submodule 'U2' is connected to logic 1 or logic 0. (LINT-32)
   Pin 'start_bit' is connected to logic 0. 
Warning: In design 'UART_TX', a pin on submodule 'U2' is connected to logic 1 or logic 0. (LINT-32)
   Pin 'stop_bit' is connected to logic 1. 
Warning: In design 'CLKDIV_MUX', output port 'OUT[7]' is connected directly to 'logic 0'. (LINT-52)
Warning: In design 'CLKDIV_MUX', output port 'OUT[6]' is connected directly to 'logic 0'. (LINT-52)
Warning: In design 'CLKDIV_MUX', output port 'OUT[5]' is connected directly to 'logic 0'. (LINT-52)
Warning: In design 'CLKDIV_MUX', output port 'OUT[4]' is connected directly to 'logic 0'. (LINT-52)
Warning: In design 'SYS_CTRL', output port 'CLKDIV_EN' is connected directly to 'logic 1'. (LINT-52)
1
#################### Define Design Constraints #########################
puts "###############################################"
###############################################
puts "############ Design Constraints #### ##########"
############ Design Constraints #### ##########
puts "###############################################"
###############################################
source ./cons.tcl
Warning: Design rule attributes from the driving cell will be
	set on the port. (UID-401)
Using operating conditions 'scmetro_tsmc_cl013g_rvt_ss_1p08v_125c' found in library 'scmetro_tsmc_cl013g_rvt_ss_1p08v_125c'.
Using operating conditions 'scmetro_tsmc_cl013g_rvt_ff_1p32v_m40c' found in library 'scmetro_tsmc_cl013g_rvt_ff_1p32v_m40c'.
###################### Mapping and optimization ########################
puts "###############################################"
###############################################
puts "########## Mapping & Optimization #############"
########## Mapping & Optimization #############
puts "###############################################"
###############################################
compile 
Information: Evaluating DesignWare library utilization. (UISN-27)

============================================================================
| DesignWare Building Block Library  |         Version         | Available |
============================================================================
| Basic DW Building Blocks           | K-2015.06-DWBB_201506.0 |     *     |
| Licensed DW Building Blocks        |                         |           |
============================================================================


Information: There are 30 potential problems in your design. Please run 'check_design' for more information. (LINT-99)


Warning: Operating condition scmetro_tsmc_cl013g_rvt_ss_1p08v_125c set on design SYS_TOP has different process,
voltage and temperatures parameters than the parameters at which target library 
scmetro_tsmc_cl013g_rvt_tt_1p2v_25c is characterized. Delays may be inaccurate as a result. (OPT-998)

  Beginning Pass 1 Mapping
  ------------------------
  Processing 'CLK_GATE'
  Processing 'ALU'
  Processing 'RegFile'
  Processing 'SYS_CTRL'
  Processing 'stp_chk'
  Processing 'par_chk_DATA_WIDTH8'
  Processing 'strt_chk'
  Processing 'deserializer_DATA_WIDTH8'
  Processing 'data_sampling'
  Processing 'edge_bit_counter'
  Processing 'uart_rx_fsm_DATA_WIDTH8'
  Processing 'UART_RX'
  Processing 'Serializer'
  Processing 'Parity_Calc'
  Processing 'MUX'
  Processing 'FSM'
  Processing 'UART_TX'
  Processing 'UART'
  Processing 'ClkDiv_0'
  Processing 'CLKDIV_MUX'
  Processing 'PULSE_GEN'
  Processing 'DATA_SYNC_FIFO_0'
  Processing 'FIFO_WPTR_FULL'
  Processing 'FIFO_RPTR_EMPTY'
  Processing 'FIFO_MEMORY'
  Processing 'FIFO_TOP_DATA_WIDTH8'
  Processing 'DATA_SYNC_NUM_STAGES2_BUS_WIDTH8'
  Processing 'RST_SYNC_NUM_STAGES2_0'
  Processing 'SYS_TOP'

  Updating timing information
Information: Updating design information... (UID-85)

  Beginning Implementation Selection
  ----------------------------------
  Processing 'ALU_DW_div_uns_0'
  Processing 'ALU_DW01_sub_0'
  Processing 'ALU_DW01_add_0'
  Processing 'ALU_DW01_cmp6_0'
  Processing 'deserializer_DATA_WIDTH8_DW01_cmp6_0'
  Processing 'deserializer_DATA_WIDTH8_DW01_dec_0'
  Processing 'data_sampling_DW01_cmp6_0'
  Processing 'data_sampling_DW01_cmp6_1'
  Processing 'data_sampling_DW01_cmp6_2'
  Processing 'data_sampling_DW01_dec_0'
  Processing 'data_sampling_DW01_inc_0'
  Processing 'data_sampling_DW01_dec_1'
  Processing 'edge_bit_counter_DW01_inc_0'
  Processing 'edge_bit_counter_DW01_cmp6_0'
  Processing 'edge_bit_counter_DW01_dec_0'
  Processing 'uart_rx_fsm_DATA_WIDTH8_DW01_cmp6_0'
  Processing 'uart_rx_fsm_DATA_WIDTH8_DW01_sub_0'
  Processing 'uart_rx_fsm_DATA_WIDTH8_DW01_cmp6_1'
  Processing 'uart_rx_fsm_DATA_WIDTH8_DW01_dec_0'
  Processing 'ClkDiv_1_DW01_inc_0'
  Processing 'ClkDiv_1_DW01_cmp6_0'
  Processing 'ClkDiv_1_DW01_cmp6_1'
  Processing 'ClkDiv_1_DW01_dec_0'
  Processing 'ClkDiv_0_DW01_inc_0'
  Processing 'ClkDiv_0_DW01_cmp6_0'
  Processing 'ClkDiv_0_DW01_cmp6_1'
  Processing 'ClkDiv_0_DW01_dec_0'
  Processing 'ALU_DW02_mult_0'
  Processing 'ALU_DW01_add_1'

  Beginning Mapping Optimizations  (Medium effort)
  -------------------------------
  Mapping Optimization (Phase 1)

                                  TOTAL                                      
   ELAPSED            WORST NEG   SETUP    DESIGN                            
    TIME      AREA      SLACK     COST    RULE COST         ENDPOINT         
  --------- --------- --------- --------- --------- -------------------------
    0:00:04   43389.6      0.00       0.0       0.5                          
    0:00:04   43389.6      0.00       0.0       0.5                          
    0:00:04   43389.6      0.00       0.0       0.5                          
    0:00:04   43389.6      0.00       0.0       0.5                          
    0:00:04   43389.6      0.00       0.0       0.5                          
    0:00:05   22597.3      0.00       0.0       0.0                          
    0:00:05   22551.5      0.00       0.0       0.0                          
    0:00:05   22551.5      0.00       0.0       0.0                          
    0:00:05   22551.5      0.00       0.0       0.0                          
    0:00:05   22532.6      0.00       0.0       0.0                          
    0:00:05   22532.6      0.00       0.0       0.0                          
    0:00:05   22532.6      0.00       0.0       0.0                          
    0:00:05   22532.6      0.00       0.0       0.0                          
    0:00:05   22532.6      0.00       0.0       0.0                          



  Beginning Delay Optimization Phase
  ----------------------------------

                                  TOTAL                                      
   ELAPSED            WORST NEG   SETUP    DESIGN                            
    TIME      AREA      SLACK     COST    RULE COST         ENDPOINT         
  --------- --------- --------- --------- --------- -------------------------
    0:00:05   22532.6      0.00       0.0       0.0                          
    0:00:05   22532.6      0.00       0.0       0.0                          
    0:00:06   22532.6      0.00       0.0       0.0                          


  Beginning Area-Recovery Phase  (cleanup)
  -----------------------------

                                  TOTAL                                      
   ELAPSED            WORST NEG   SETUP    DESIGN                            
    TIME      AREA      SLACK     COST    RULE COST         ENDPOINT         
  --------- --------- --------- --------- --------- -------------------------
    0:00:06   22532.6      0.00       0.0       0.0                          
    0:00:06   22532.6      0.00       0.0       0.0                          
    0:00:06   22462.0      0.00       0.0       0.0                          
    0:00:06   22437.3      0.00       0.0       0.0                          
    0:00:06   22422.0      0.00       0.0       0.0                          
    0:00:06   22411.4      0.00       0.0       0.0                          
    0:00:06   22407.9      0.00       0.0       0.0                          
    0:00:06   22407.9      0.00       0.0       0.0                          
    0:00:06   22407.9      0.00       0.0       0.0                          
    0:00:06   22407.9      0.00       0.0       0.0                          
    0:00:06   22407.9      0.00       0.0       0.0                          
    0:00:06   22407.9      0.00       0.0       0.0                          
    0:00:06   22407.9      0.00       0.0       0.0                          
    0:00:06   22407.9      0.00       0.0       0.0                          
    0:00:06   22425.5      0.00       0.0       0.0                          
Loading db file '/home/IC/tsmc_fb_cl013g_sc/aci/sc-m/synopsys/scmetro_tsmc_cl013g_rvt_ss_1p08v_125c.db'
Loading db file '/home/IC/tsmc_fb_cl013g_sc/aci/sc-m/synopsys/scmetro_tsmc_cl013g_rvt_tt_1p2v_25c.db'
Loading db file '/home/IC/tsmc_fb_cl013g_sc/aci/sc-m/synopsys/scmetro_tsmc_cl013g_rvt_ff_1p32v_m40c.db'


Note: Symbol # after min delay cost means estimated hold TNS across all active scenarios 


  Optimization Complete
  ---------------------
1
set_svf -off
1
#############################################################################
# Write out files
#############################################################################
write_file -format verilog -hierarchy -output netlists/$top_module.ddc
Writing verilog file '/home/IC/Projects/System/Synthesis/netlists/SYS_TOP.ddc'.
Warning: Verilog 'assign' or 'tran' statements are written out. (VO-4)
Warning: Verilog writer has added 4 nets to module SYS_TOP using SYNOPSYS_UNCONNECTED_ as prefix.  Please use the change_names command to make the correct changes before invoking the verilog writer.  (VO-11)
1
write_file -format verilog -hierarchy -output netlists/$top_module.v
Writing verilog file '/home/IC/Projects/System/Synthesis/netlists/SYS_TOP.v'.
Warning: Verilog 'assign' or 'tran' statements are written out. (VO-4)
Warning: Verilog writer has added 4 nets to module SYS_TOP using SYNOPSYS_UNCONNECTED_ as prefix.  Please use the change_names command to make the correct changes before invoking the verilog writer.  (VO-11)
1
write_sdf  sdf/$top_module.sdf
Information: Annotated 'cell' delays are assumed to include load delay. (UID-282)
Information: Writing timing information to file '/home/IC/Projects/System/Synthesis/sdf/SYS_TOP.sdf'. (WT-3)
Information: Updating design information... (UID-85)
1
write_sdc  -nosplit sdc/$top_module.sdc
1
####################### reporting ##########################################
report_area -hierarchy > reports/area.rpt
report_power -hierarchy > reports/power.rpt
report_timing -delay_type min > reports/hold.rpt
report_timing -delay_type max > reports/setup.rpt
report_clock -attributes > reports/clocks.rpt
report_constraint -all_violators -nosplit > reports/constraints.rpt
check_design >> reports/check_design.rpt
################# starting graphical user interface #######################
#gui_start
#exit
dc_shell> exit

Memory usage for main task 288 Mbytes.
Memory usage for this session 288 Mbytes.
CPU usage for this session 11 seconds ( 0.00 hours ).

Thank you...
