 
****************************************
Report : area
Design : SYS_TOP_dft
Version: K-2015.06
Date   : Sat Sep 27 11:37:55 2025
****************************************

Library(s) Used:

    scmetro_tsmc_cl013g_rvt_ss_1p08v_125c (File: /home/IC/tsmc_fb_cl013g_sc/aci/sc-m/synopsys/scmetro_tsmc_cl013g_rvt_ss_1p08v_125c.db)

Number of ports:                          886
Number of nets:                          2785
Number of cells:                         1875
Number of combinational cells:           1462
Number of sequential cells:               368
Number of macros/black boxes:               0
Number of buf/inv:                        285
Number of references:                      25

Combinational area:              13656.780432
Buf/Inv area:                     1120.218423
Noncombinational area:           11488.122505
Macro/Black Box area:                0.000000
Net Interconnect area:      undefined  (No wire load specified)

Total cell area:                 25144.902937
Total area:                 undefined

Hierarchical area distribution
------------------------------

                                  Global cell area            Local cell area
                                  -------------------  ------------------------------ 
Hierarchical cell                 Absolute    Percent  Combi-      Noncombi-   Black-
                                  Total       Total    national    national    boxes   Design
--------------------------------  ----------  -------  ----------  ----------  ------  ---------------------------------------
SYS_TOP_dft                       25144.9029    100.0    127.0836      0.0000  0.0000  SYS_TOP_dft
U0_ALU                             5671.6941     22.6   1023.7290    560.1092  0.0000  ALU_test_1
U0_ALU/add_43                       231.8099      0.9    231.8099      0.0000  0.0000  ALU_DW01_add_0
U0_ALU/div_52                      1434.3973      5.7   1434.3973      0.0000  0.0000  ALU_DW_div_uns_0
U0_ALU/mult_49                     2155.7144      8.6   1914.4909      0.0000  0.0000  ALU_DW02_mult_0
U0_ALU/mult_49/FS_1                 241.2235      1.0    241.2235      0.0000  0.0000  ALU_DW01_add_1
U0_ALU/sub_46                       265.9342      1.1    265.9342      0.0000  0.0000  ALU_DW01_sub_0
U0_CLKDIV_MUX                        88.2525      0.4     88.2525      0.0000  0.0000  CLKDIV_MUX
U0_CLK_GATE                          45.8913      0.2      5.8835     40.0078  0.0000  CLK_GATE
U0_ClkDiv                           829.5735      3.3    442.4392    295.3517  0.0000  ClkDiv_test_0
U0_ClkDiv/add_49                     91.7826      0.4     91.7826      0.0000  0.0000  ClkDiv_0_DW01_inc_0
U0_PULSE_GEN                         71.7787      0.3      5.8835     65.8952  0.0000  PULSE_GEN_test_1
U0_RST_SYNC                          65.8952      0.3      0.0000     65.8952  0.0000  RST_SYNC_NUM_STAGES2_test_0
U0_RegFile                         7087.2644     28.2   2576.9731   4510.2913  0.0000  RegFile_test_1
U0_SYS_CTRL                        1526.1799      6.1    720.1404    806.0395  0.0000  SYS_CTRL_test_1
U0_UART                            3679.5410     14.6      7.0602      0.0000  0.0000  UART_test_1
U0_UART/U0_UART_RX                 2671.1091     10.6     14.1204      0.0000  0.0000  UART_RX_test_1
U0_UART/U0_UART_RX/U0_data_sampling
                                    602.4704      2.4    470.6800    131.7904  0.0000  data_sampling_test_1
U0_UART/U0_UART_RX/U0_deserializer
                                    516.5713      2.1    252.9905    263.5808  0.0000  deserializer_DATA_WIDTH8_test_1
U0_UART/U0_UART_RX/U0_edge_bit_counter
                                    694.2530      2.8    363.6003    330.6527  0.0000  edge_bit_counter_test_1
U0_UART/U0_UART_RX/U0_par_chk       143.5574      0.6    110.6098     32.9476  0.0000  par_chk_DATA_WIDTH8_test_1
U0_UART/U0_UART_RX/U0_stp_chk        50.5981      0.2     15.2971     35.3010  0.0000  stp_chk_test_1
U0_UART/U0_UART_RX/U0_strt_chk       44.7146      0.2     11.7670     32.9476  0.0000  strt_chk_test_1
U0_UART/U0_UART_RX/U0_uart_fsm      604.8238      2.4    505.9810     98.8428  0.0000  uart_rx_fsm_DATA_WIDTH8_test_1
U0_UART/U0_UART_TX                 1001.3717      4.0      0.0000      0.0000  0.0000  UART_TX_test_1
U0_UART/U0_UART_TX/U1               157.6778      0.6     58.8350     98.8428  0.0000  FSM_test_1
U0_UART/U0_UART_TX/U2                34.1243      0.1     34.1243      0.0000  0.0000  MUX
U0_UART/U0_UART_TX/U3               134.1438      0.5    101.1962     32.9476  0.0000  Parity_Calc_test_1
U0_UART/U0_UART_TX/U4               675.4258      2.7    247.1070    428.3188  0.0000  Serializer_test_1
U0_UART_FIFO                       4483.2272     17.8      7.0602      0.0000  0.0000  FIFO_TOP_DATA_WIDTH8_test_1
U0_UART_FIFO/U1                    3363.0087     13.4   1254.3622   2108.6465  0.0000  FIFO_MEMORY_test_1
U0_UART_FIFO/U2                     292.9983      1.2    160.0312    132.9671  0.0000  FIFO_RPTR_EMPTY_test_1
U0_UART_FIFO/U3                     263.5808      1.0      0.0000    263.5808  0.0000  DATA_SYNC_FIFO_test_0
U0_UART_FIFO/U4                     292.9983      1.2    160.0312    132.9671  0.0000  FIFO_WPTR_FULL_test_1
U0_UART_FIFO/U5                     263.5808      1.0      0.0000    263.5808  0.0000  DATA_SYNC_FIFO_test_1
U0_ref_sync                         480.0936      1.9     84.7224    395.3712  0.0000  DATA_SYNC_NUM_STAGES2_BUS_WIDTH8_test_1
U1_ClkDiv                           829.5735      3.3    442.4392    295.3517  0.0000  ClkDiv_test_1
U1_ClkDiv/add_49                     91.7826      0.4     91.7826      0.0000  0.0000  ClkDiv_1_DW01_inc_0
U1_RST_SYNC                          65.8952      0.3      0.0000     65.8952  0.0000  RST_SYNC_NUM_STAGES2_test_1
mux_ref_clk                          15.2971      0.1     15.2971      0.0000  0.0000  mux2X1_0
mux_ref_rst                          18.8272      0.1     18.8272      0.0000  0.0000  mux2X1_1
mux_rst_n                            11.7670      0.0     11.7670      0.0000  0.0000  mux2X1_3
mux_rx_clk                           11.7670      0.0     11.7670      0.0000  0.0000  mux2X1_5
mux_tx_clk                           11.7670      0.0     11.7670      0.0000  0.0000  mux2X1_4
mux_uart_clk                         11.7670      0.0     11.7670      0.0000  0.0000  mux2X1_6
mux_uart_rst                         11.7670      0.0     11.7670      0.0000  0.0000  mux2X1_2
--------------------------------  ----------  -------  ----------  ----------  ------  ---------------------------------------
Total                                                  13656.7804  11488.1225  0.0000

1
