 
****************************************
Report : timing
        -path full
        -delay min
        -max_paths 1
Design : SYS_TOP_dft
Version: K-2015.06
Date   : Sat Sep 27 11:37:56 2025
****************************************

Operating Conditions: scmetro_tsmc_cl013g_rvt_ff_1p32v_m40c   Library: scmetro_tsmc_cl013g_rvt_ff_1p32v_m40c
Wire Load Model Mode: top

  Startpoint: U0_ALU/ALU_OUT_reg[0]
              (rising edge-triggered flip-flop clocked by ALU_CLK)
  Endpoint: U0_ALU/ALU_OUT_reg[1]
            (rising edge-triggered flip-flop clocked by ALU_CLK)
  Path Group: ALU_CLK
  Path Type: min

  Point                                                   Incr       Path
  --------------------------------------------------------------------------
  clock ALU_CLK (rise edge)                               0.00       0.00
  clock network delay (ideal)                             0.00       0.00
  U0_ALU/ALU_OUT_reg[0]/CK (SDFFRQX2M)                    0.00       0.00 r
  U0_ALU/ALU_OUT_reg[0]/Q (SDFFRQX2M)                     0.34       0.34 r
  U0_ALU/ALU_OUT_reg[1]/SI (SDFFRQX2M)                    0.00       0.34 r
  data arrival time                                                  0.34

  clock ALU_CLK (rise edge)                               0.00       0.00
  clock network delay (ideal)                             0.00       0.00
  clock uncertainty                                       0.10       0.10
  U0_ALU/ALU_OUT_reg[1]/CK (SDFFRQX2M)                    0.00       0.10 r
  library hold time                                      -0.18      -0.08
  data required time                                                -0.08
  --------------------------------------------------------------------------
  data required time                                                -0.08
  data arrival time                                                 -0.34
  --------------------------------------------------------------------------
  slack (MET)                                                        0.42


  Startpoint: SI[2] (input port clocked by SCAN_CLK)
  Endpoint: U0_RegFile/regArr_reg[6][0]
            (rising edge-triggered flip-flop clocked by SCAN_CLK)
  Path Group: INREG
  Path Type: min

  Point                                                   Incr       Path
  --------------------------------------------------------------------------
  clock SCAN_CLK (rise edge)                              0.00       0.00
  clock network delay (ideal)                             0.00       0.00
  input external delay                                   20.00      20.00 r
  SI[2] (in)                                              0.01      20.01 r
  U0_RegFile/test_si2 (RegFile_test_1)                    0.00      20.01 r
  U0_RegFile/regArr_reg[6][0]/SI (SDFFRQX2M)              0.00      20.01 r
  data arrival time                                                 20.01

  clock SCAN_CLK (rise edge)                              0.00       0.00
  clock network delay (ideal)                             0.00       0.00
  clock uncertainty                                       0.10       0.10
  U0_RegFile/regArr_reg[6][0]/CK (SDFFRQX2M)              0.00       0.10 r
  library hold time                                      -0.17      -0.07
  data required time                                                -0.07
  --------------------------------------------------------------------------
  data required time                                                -0.07
  data arrival time                                                -20.01
  --------------------------------------------------------------------------
  slack (MET)                                                       20.08


  Startpoint: U0_SYS_CTRL/stored_addr_reg[2]
              (rising edge-triggered flip-flop clocked by SCAN_CLK)
  Endpoint: SO[2] (output port clocked by SCAN_CLK)
  Path Group: REGOUT
  Path Type: min

  Point                                                   Incr       Path
  --------------------------------------------------------------------------
  clock SCAN_CLK (rise edge)                              0.00       0.00
  clock network delay (ideal)                             0.00       0.00
  U0_SYS_CTRL/stored_addr_reg[2]/CK (SDFFRX2M)            0.00       0.00 r
  U0_SYS_CTRL/stored_addr_reg[2]/Q (SDFFRX2M)             0.74       0.74 f
  U0_SYS_CTRL/test_so1 (SYS_CTRL_test_1)                  0.00       0.74 f
  SO[2] (out)                                             0.00       0.74 f
  data arrival time                                                  0.74

  clock SCAN_CLK (rise edge)                              0.00       0.00
  clock network delay (ideal)                             0.00       0.00
  clock uncertainty                                       0.10       0.10
  output external delay                                 -20.00     -19.90
  data required time                                               -19.90
  --------------------------------------------------------------------------
  data required time                                               -19.90
  data arrival time                                                 -0.74
  --------------------------------------------------------------------------
  slack (MET)                                                       20.64


  Startpoint: U0_UART/U0_UART_RX/U0_edge_bit_counter/bit_count_reg[3]
              (rising edge-triggered flip-flop clocked by SCAN_CLK)
  Endpoint: U0_UART/U0_UART_RX/U0_edge_bit_counter/edge_count_reg[0]
            (rising edge-triggered flip-flop clocked by SCAN_CLK)
  Path Group: SCAN_CLK
  Path Type: min

  Point                                                   Incr       Path
  --------------------------------------------------------------------------
  clock SCAN_CLK (rise edge)                              0.00       0.00
  clock network delay (ideal)                             0.00       0.00
  U0_UART/U0_UART_RX/U0_edge_bit_counter/bit_count_reg[3]/CK (SDFFRX1M)
                                                          0.00       0.00 r
  U0_UART/U0_UART_RX/U0_edge_bit_counter/bit_count_reg[3]/QN (SDFFRX1M)
                                                          0.32       0.32 r
  U0_UART/U0_UART_RX/U0_edge_bit_counter/edge_count_reg[0]/SI (SDFFRQX2M)
                                                          0.00       0.32 r
  data arrival time                                                  0.32

  clock SCAN_CLK (rise edge)                              0.00       0.00
  clock network delay (ideal)                             0.00       0.00
  clock uncertainty                                       0.10       0.10
  U0_UART/U0_UART_RX/U0_edge_bit_counter/edge_count_reg[0]/CK (SDFFRQX2M)
                                                          0.00       0.10 r
  library hold time                                      -0.19      -0.09
  data required time                                                -0.09
  --------------------------------------------------------------------------
  data required time                                                -0.09
  data arrival time                                                 -0.32
  --------------------------------------------------------------------------
  slack (MET)                                                        0.40


1
