Information: Propagating switching activity (low effort zero delay simulation). (PWR-6)
Warning: Design has unannotated primary inputs. (PWR-414)
Warning: Design has unannotated sequential cell outputs. (PWR-415)
 
****************************************
Report : power
        -hier
        -analysis_effort low
Design : SYS_TOP_dft
Version: K-2015.06
Date   : Sat Sep 27 11:37:56 2025
****************************************


Library(s) Used:

    scmetro_tsmc_cl013g_rvt_ss_1p08v_125c (File: /home/IC/tsmc_fb_cl013g_sc/aci/sc-m/synopsys/scmetro_tsmc_cl013g_rvt_ss_1p08v_125c.db)


Operating Conditions: scmetro_tsmc_cl013g_rvt_ss_1p08v_125c   Library: scmetro_tsmc_cl013g_rvt_ss_1p08v_125c
Wire Load Model Mode: top


Global Operating Voltage = 1.08 
Power-specific unit information :
    Voltage Units = 1V
    Capacitance Units = 1.000000pf
    Time Units = 1ns
    Dynamic Power Units = 1mW    (derived from V,C,T units)
    Leakage Power Units = 1pW


--------------------------------------------------------------------------------
                                       Switch   Int      Leak     Total
Hierarchy                              Power    Power    Power    Power    %
--------------------------------------------------------------------------------
SYS_TOP_dft                            2.08e-02    0.102 1.50e+07    0.137 100.0
  U0_CLK_GATE (CLK_GATE)               1.84e-03 2.68e-03 4.21e+04 4.56e-03   3.3
  U0_ALU (ALU_test_1)                  2.97e-04 1.55e-02 4.27e+06 2.00e-02  14.6
    mult_49 (ALU_DW02_mult_0)          4.81e-05 5.18e-05 1.65e+06 1.75e-03   1.3
    add_43 (ALU_DW01_add_0)            5.76e-06 5.18e-05 2.06e+05 2.63e-04   0.2
    sub_46 (ALU_DW01_sub_0)            7.45e-06 5.29e-05 2.48e+05 3.08e-04   0.2
    div_52 (ALU_DW_div_uns_0)          7.61e-05 2.96e-04 1.25e+06 1.62e-03   1.2
  U0_RegFile (RegFile_test_1)          3.53e-03 3.16e-02 3.68e+06 3.88e-02  28.2
  U0_SYS_CTRL (SYS_CTRL_test_1)        4.82e-04 6.89e-03 7.36e+05 8.11e-03   5.9
  U0_UART (UART_test_1)                2.55e-03 1.41e-02 2.22e+06 1.89e-02  13.7
    U0_UART_RX (UART_RX_test_1)        1.80e-03 9.36e-03 1.66e+06 1.28e-02   9.3
      U0_stp_chk (stp_chk_test_1)      1.51e-05 2.38e-04 2.66e+04 2.79e-04   0.2
      U0_par_chk (par_chk_DATA_WIDTH8_test_1)
                                       4.00e-05 2.96e-04 1.21e+05 4.58e-04   0.3
      U0_strt_chk (strt_chk_test_1)    1.72e-06 2.17e-04 2.11e+04 2.40e-04   0.2
      U0_deserializer (deserializer_DATA_WIDTH8_test_1)
                                       2.17e-04 2.60e-03 2.82e+05 3.10e-03   2.3
      U0_data_sampling (data_sampling_test_1)
                                       1.60e-04 1.29e-03 3.90e+05 1.84e-03   1.3
      U0_edge_bit_counter (edge_bit_counter_test_1)
                                       6.42e-04 3.40e-03 4.05e+05 4.44e-03   3.2
      U0_uart_fsm (uart_rx_fsm_DATA_WIDTH8_test_1)
                                       3.02e-04 1.29e-03 4.03e+05 2.00e-03   1.5
    U0_UART_TX (UART_TX_test_1)        6.48e-04 4.71e-03 5.60e+05 5.92e-03   4.3
      U4 (Serializer_test_1)           4.77e-04 3.35e-03 3.36e+05 4.16e-03   3.0
      U3 (Parity_Calc_test_1)          1.68e-05 3.42e-04 1.16e+05 4.75e-04   0.3
      U2 (MUX)                         4.73e-05 1.99e-05 2.79e+04 9.51e-05   0.1
      U1 (FSM_test_1)                  1.07e-04 1.00e-03 8.10e+04 1.19e-03   0.9
  U1_ClkDiv (ClkDiv_test_1)            3.96e-05 1.99e-03 5.79e+05 2.61e-03   1.9
    add_49 (ClkDiv_1_DW01_inc_0)       2.32e-08 1.72e-07 8.37e+04 8.39e-05   0.1
  U0_CLKDIV_MUX (CLKDIV_MUX)           1.86e-05 1.61e-05 4.55e+04 8.02e-05   0.1
  U0_ClkDiv (ClkDiv_test_0)            2.41e-04 2.84e-03 5.47e+05 3.63e-03   2.6
    add_49 (ClkDiv_0_DW01_inc_0)       1.30e-05 4.64e-05 8.34e+04 1.43e-04   0.1
  U0_PULSE_GEN (PULSE_GEN_test_1)      3.30e-06 5.02e-04 3.17e+04 5.37e-04   0.4
  U0_UART_FIFO (FIFO_TOP_DATA_WIDTH8_test_1)
                                       1.99e-03 2.06e-02 2.39e+06 2.50e-02  18.2
    U5 (DATA_SYNC_FIFO_test_1)         7.31e-06 1.77e-03 1.09e+05 1.89e-03   1.4
    U4 (FIFO_WPTR_FULL_test_1)         1.39e-05 8.51e-04 2.00e+05 1.07e-03   0.8
    U3 (DATA_SYNC_FIFO_test_0)         5.08e-06 1.71e-03 1.05e+05 1.82e-03   1.3
    U2 (FIFO_RPTR_EMPTY_test_1)        2.74e-04 1.31e-03 2.09e+05 1.79e-03   1.3
    U1 (FIFO_MEMORY_test_1)            1.49e-03 1.49e-02 1.76e+06 1.82e-02  13.2
  U0_ref_sync (DATA_SYNC_NUM_STAGES2_BUS_WIDTH8_test_1)
                                       5.30e-06 2.40e-03 2.05e+05 2.61e-03   1.9
  U1_RST_SYNC (RST_SYNC_NUM_STAGES2_test_1)
                                       9.77e-06 6.55e-04 2.88e+04 6.94e-04   0.5
  U0_RST_SYNC (RST_SYNC_NUM_STAGES2_test_0)
                                       7.27e-06 5.63e-04 2.87e+04 5.99e-04   0.4
  mux_ref_rst (mux2X1_1)               1.66e-05 4.81e-05 1.59e+04 8.06e-05   0.1
  mux_uart_rst (mux2X1_2)              9.90e-06 4.29e-05 1.29e+04 6.57e-05   0.0
  mux_rst_n (mux2X1_3)                 5.90e-05 4.63e-05 1.15e+04 1.17e-04   0.1
  mux_tx_clk (mux2X1_4)                6.66e-04 1.89e-04 1.15e+04 8.67e-04   0.6
  mux_rx_clk (mux2X1_5)                6.05e-04 1.88e-04 1.15e+04 8.05e-04   0.6
  mux_uart_clk (mux2X1_6)              5.14e-04 1.87e-04 1.15e+04 7.13e-04   0.5
  mux_ref_clk (mux2X1_0)               5.52e-03 4.13e-04 1.88e+04 5.95e-03   4.3
1
