 
****************************************
Report : timing
        -path full
        -delay max
        -max_paths 1
Design : SYS_TOP_dft
Version: K-2015.06
Date   : Sat Sep 27 11:37:56 2025
****************************************

Operating Conditions: scmetro_tsmc_cl013g_rvt_ss_1p08v_125c   Library: scmetro_tsmc_cl013g_rvt_ss_1p08v_125c
Wire Load Model Mode: top

  Startpoint: U0_ALU/ALU_OUT_reg[8]
              (rising edge-triggered flip-flop clocked by ALU_CLK)
  Endpoint: U0_ALU/ALU_OUT_reg[9]
            (rising edge-triggered flip-flop clocked by ALU_CLK)
  Path Group: ALU_CLK
  Path Type: max

  Point                                                   Incr       Path
  --------------------------------------------------------------------------
  clock ALU_CLK (rise edge)                               0.00       0.00
  clock network delay (ideal)                             0.00       0.00
  U0_ALU/ALU_OUT_reg[8]/CK (SDFFRQX2M)                    0.00       0.00 r
  U0_ALU/ALU_OUT_reg[8]/Q (SDFFRQX2M)                     0.42       0.42 f
  U0_ALU/ALU_OUT_reg[9]/SI (SDFFRQX2M)                    0.00       0.42 f
  data arrival time                                                  0.42

  clock ALU_CLK (rise edge)                              20.00      20.00
  clock network delay (ideal)                             0.00      20.00
  clock uncertainty                                      -0.20      19.80
  U0_ALU/ALU_OUT_reg[9]/CK (SDFFRQX2M)                    0.00      19.80 r
  library setup time                                     -0.52      19.28
  data required time                                                19.28
  --------------------------------------------------------------------------
  data required time                                                19.28
  data arrival time                                                 -0.42
  --------------------------------------------------------------------------
  slack (MET)                                                       18.87


  Startpoint: SE (input port clocked by SCAN_CLK)
  Endpoint: U0_UART/U0_UART_TX/U4/ser_counter_reg[2]
            (rising edge-triggered flip-flop clocked by SCAN_CLK)
  Path Group: INREG
  Path Type: max

  Point                                                   Incr       Path
  --------------------------------------------------------------------------
  clock SCAN_CLK (rise edge)                              0.00       0.00
  clock network delay (ideal)                             0.00       0.00
  input external delay                                   20.00      20.00 r
  SE (in)                                                 0.78      20.78 r
  U32/Y (INVXLM)                                          0.22      21.00 f
  U19/Y (INVXLM)                                          0.13      21.13 r
  U18/Y (DLY1X1M)                                         1.01      22.14 r
  U0_UART/test_se (UART_test_1)                           0.00      22.14 r
  U0_UART/U0_UART_TX/test_se (UART_TX_test_1)             0.00      22.14 r
  U0_UART/U0_UART_TX/U4/test_se (Serializer_test_1)       0.00      22.14 r
  U0_UART/U0_UART_TX/U4/U56/Y (INVXLM)                    0.10      22.24 f
  U0_UART/U0_UART_TX/U4/U57/Y (INVXLM)                    0.50      22.74 r
  U0_UART/U0_UART_TX/U4/ser_counter_reg[2]/SE (SDFFRQX2M)
                                                          0.00      22.74 r
  data arrival time                                                 22.74

  clock SCAN_CLK (rise edge)                            100.00     100.00
  clock network delay (ideal)                             0.00     100.00
  clock uncertainty                                      -0.20      99.80
  U0_UART/U0_UART_TX/U4/ser_counter_reg[2]/CK (SDFFRQX2M)
                                                          0.00      99.80 r
  library setup time                                     -0.60      99.20
  data required time                                                99.20
  --------------------------------------------------------------------------
  data required time                                                99.20
  data arrival time                                                -22.74
  --------------------------------------------------------------------------
  slack (MET)                                                       76.46


  Startpoint: U1_RST_SYNC/sync_reg_reg[1]
              (rising edge-triggered flip-flop clocked by SCAN_CLK)
  Endpoint: SO[0] (output port clocked by SCAN_CLK)
  Path Group: REGOUT
  Path Type: max

  Point                                                   Incr       Path
  --------------------------------------------------------------------------
  clock SCAN_CLK (rise edge)                              0.00       0.00
  clock network delay (ideal)                             0.00       0.00
  U1_RST_SYNC/sync_reg_reg[1]/CK (SDFFRQX1M)              0.00       0.00 r
  U1_RST_SYNC/sync_reg_reg[1]/Q (SDFFRQX1M)               0.38       0.38 r
  U1_RST_SYNC/SYNC_RST (RST_SYNC_NUM_STAGES2_test_1)      0.00       0.38 r
  U15/Y (BUFX2M)                                          0.62       1.00 r
  SO[0] (out)                                             0.00       1.00 r
  data arrival time                                                  1.00

  clock SCAN_CLK (rise edge)                            100.00     100.00
  clock network delay (ideal)                             0.00     100.00
  clock uncertainty                                      -0.20      99.80
  output external delay                                 -20.00      79.80
  data required time                                                79.80
  --------------------------------------------------------------------------
  data required time                                                79.80
  data arrival time                                                 -1.00
  --------------------------------------------------------------------------
  slack (MET)                                                       78.80


  Startpoint: U0_SYS_CTRL/C_S_reg[1]
              (rising edge-triggered flip-flop clocked by SCAN_CLK)
  Endpoint: U0_RegFile/RdData_reg[2]
            (rising edge-triggered flip-flop clocked by SCAN_CLK)
  Path Group: SCAN_CLK
  Path Type: max

  Point                                                   Incr       Path
  --------------------------------------------------------------------------
  clock SCAN_CLK (rise edge)                              0.00       0.00
  clock network delay (ideal)                             0.00       0.00
  U0_SYS_CTRL/C_S_reg[1]/CK (SDFFRQX1M)                   0.00       0.00 r
  U0_SYS_CTRL/C_S_reg[1]/Q (SDFFRQX1M)                    0.50       0.50 r
  U0_SYS_CTRL/U76/Y (INVX2M)                              0.15       0.65 f
  U0_SYS_CTRL/U75/Y (NOR3X2M)                             0.28       0.93 r
  U0_SYS_CTRL/U55/Y (NAND2X2M)                            0.12       1.05 f
  U0_SYS_CTRL/U52/Y (OA21X2M)                             0.40       1.44 f
  U0_SYS_CTRL/U81/Y (OAI21X2M)                            0.15       1.59 r
  U0_SYS_CTRL/RF_Address[0] (SYS_CTRL_test_1)             0.00       1.59 r
  U4/Y (BUFX2M)                                           0.40       1.99 r
  U0_RegFile/Address[0] (RegFile_test_1)                  0.00       1.99 r
  U0_RegFile/U375/Y (INVX2M)                              0.13       2.12 f
  U0_RegFile/U155/Y (BUFX2M)                              0.17       2.28 f
  U0_RegFile/U152/Y (INVX2M)                              0.77       3.06 r
  U0_RegFile/U337/Y (MX4X1M)                              0.49       3.55 f
  U0_RegFile/U352/Y (MX4X1M)                              0.34       3.89 f
  U0_RegFile/U351/Y (AO22X1M)                             0.32       4.21 f
  U0_RegFile/RdData_reg[2]/D (SDFFRQX2M)                  0.00       4.21 f
  data arrival time                                                  4.21

  clock SCAN_CLK (rise edge)                            100.00     100.00
  clock network delay (ideal)                             0.00     100.00
  clock uncertainty                                      -0.20      99.80
  U0_RegFile/RdData_reg[2]/CK (SDFFRQX2M)                 0.00      99.80 r
  library setup time                                     -0.41      99.39
  data required time                                                99.39
  --------------------------------------------------------------------------
  data required time                                                99.39
  data arrival time                                                 -4.21
  --------------------------------------------------------------------------
  slack (MET)                                                       95.19


1
