 
****************************************
Report : area
Design : SYS_TOP
Version: K-2015.06
Date   : Sat Sep 27 05:06:54 2025
****************************************

Library(s) Used:

    scmetro_tsmc_cl013g_rvt_ss_1p08v_125c (File: /home/IC/tsmc_fb_cl013g_sc/aci/sc-m/synopsys/scmetro_tsmc_cl013g_rvt_ss_1p08v_125c.db)

Number of ports:                          768
Number of nets:                          2614
Number of cells:                         1824
Number of combinational cells:           1418
Number of sequential cells:               368
Number of macros/black boxes:               0
Number of buf/inv:                        249
Number of references:                      16

Combinational area:              13384.962728
Buf/Inv area:                      940.183321
Noncombinational area:            9040.585997
Macro/Black Box area:                0.000000
Net Interconnect area:      undefined  (No wire load specified)

Total cell area:                 22425.548725
Total area:                 undefined

Hierarchical area distribution
------------------------------

                                  Global cell area            Local cell area
                                  -------------------  ----------------------------- 
Hierarchical cell                 Absolute    Percent  Combi-      Noncombi-  Black-
                                  Total       Total    national    national   boxes   Design
--------------------------------  ----------  -------  ----------  ---------  ------  --------------------------------
SYS_TOP                           22425.5487    100.0     28.2408     0.0000  0.0000  SYS_TOP
U0_ALU                             5551.6706     24.8   1023.7290   440.0858  0.0000  ALU
U0_ALU/add_43                       231.8099      1.0    231.8099     0.0000  0.0000  ALU_DW01_add_0
U0_ALU/div_52                      1434.3973      6.4   1434.3973     0.0000  0.0000  ALU_DW_div_uns_0
U0_ALU/mult_49                     2155.7144      9.6   1914.4909     0.0000  0.0000  ALU_DW02_mult_0
U0_ALU/mult_49/FS_1                 241.2235      1.1    241.2235     0.0000  0.0000  ALU_DW01_add_1
U0_ALU/sub_46                       265.9342      1.2    265.9342     0.0000  0.0000  ALU_DW01_sub_0
U0_CLKDIV_MUX                        88.2525      0.4     88.2525     0.0000  0.0000  CLKDIV_MUX
U0_CLK_GATE                          40.0078      0.2      0.0000    40.0078  0.0000  CLK_GATE
U0_ClkDiv                           767.2084      3.4    442.4392   232.9866  0.0000  ClkDiv_0
U0_ClkDiv/add_49                     91.7826      0.4     91.7826     0.0000  0.0000  ClkDiv_0_DW01_inc_0
U0_PULSE_GEN                         57.6583      0.3      5.8835    51.7748  0.0000  PULSE_GEN
U0_RST_SYNC                          51.7748      0.2      0.0000    51.7748  0.0000  RST_SYNC_NUM_STAGES2_0
U0_RegFile                         6085.8924     27.1   2539.3187  3546.5738  0.0000  RegFile
U0_SYS_CTRL                        1355.5584      6.0    720.1404   635.4180  0.0000  SYS_CTRL
U0_UART                            3337.1212     14.9      7.0602     0.0000  0.0000  UART
U0_UART/U0_UART_RX                 2460.4797     11.0      7.0602     0.0000  0.0000  UART_RX
U0_UART/U0_UART_RX/U0_data_sampling
                                    574.2296      2.6    470.6800   103.5496  0.0000  data_sampling
U0_UART/U0_UART_RX/U0_deserializer
                                    460.0897      2.1    252.9905   207.0992  0.0000  deserializer_DATA_WIDTH8
U0_UART/U0_UART_RX/U0_edge_bit_counter
                                    623.6510      2.8    363.6003   260.0507  0.0000  edge_bit_counter
U0_UART/U0_UART_RX/U0_par_chk       136.4972      0.6    110.6098    25.8874  0.0000  par_chk_DATA_WIDTH8
U0_UART/U0_UART_RX/U0_stp_chk        37.6544      0.2     11.7670    25.8874  0.0000  stp_chk
U0_UART/U0_UART_RX/U0_strt_chk       37.6544      0.2     11.7670    25.8874  0.0000  strt_chk
U0_UART/U0_UART_RX/U0_uart_fsm      583.6432      2.6    505.9810    77.6622  0.0000  uart_rx_fsm_DATA_WIDTH8
U0_UART/U0_UART_TX                  869.5813      3.9      0.0000     0.0000  0.0000  UART_TX
U0_UART/U0_UART_TX/U1               136.4972      0.6     58.8350    77.6622  0.0000  FSM
U0_UART/U0_UART_TX/U2                34.1243      0.2     34.1243     0.0000  0.0000  MUX
U0_UART/U0_UART_TX/U3               127.0836      0.6    101.1962    25.8874  0.0000  Parity_Calc
U0_UART/U0_UART_TX/U4               571.8762      2.6    235.3400   336.5362  0.0000  Serializer
U0_UART_FIFO                       3847.8090     17.2      7.0602     0.0000  0.0000  FIFO_TOP_DATA_WIDTH8
U0_UART_FIFO/U1                    2897.0354     12.9   1240.2418  1656.7936  0.0000  FIFO_MEMORY
U0_UART_FIFO/U2                     264.7575      1.2    160.0312   104.7263  0.0000  FIFO_RPTR_EMPTY
U0_UART_FIFO/U3                     207.0992      0.9      0.0000   207.0992  0.0000  DATA_SYNC_FIFO_0
U0_UART_FIFO/U4                     264.7575      1.2    160.0312   104.7263  0.0000  FIFO_WPTR_FULL
U0_UART_FIFO/U5                     207.0992      0.9      0.0000   207.0992  0.0000  DATA_SYNC_FIFO_1
U0_ref_sync                         395.3712      1.8     84.7224   310.6488  0.0000  DATA_SYNC_NUM_STAGES2_BUS_WIDTH8
U1_ClkDiv                           767.2084      3.4    442.4392   232.9866  0.0000  ClkDiv_1
U1_ClkDiv/add_49                     91.7826      0.4     91.7826     0.0000  0.0000  ClkDiv_1_DW01_inc_0
U1_RST_SYNC                          51.7748      0.2      0.0000    51.7748  0.0000  RST_SYNC_NUM_STAGES2_1
--------------------------------  ----------  -------  ----------  ---------  ------  --------------------------------
Total                                                  13384.9627  9040.5860  0.0000

1
