 
****************************************
Report : timing
        -path full
        -delay min
        -max_paths 1
Design : SYS_TOP
Version: K-2015.06
Date   : Sat Sep 27 05:06:54 2025
****************************************

Operating Conditions: scmetro_tsmc_cl013g_rvt_ff_1p32v_m40c   Library: scmetro_tsmc_cl013g_rvt_ff_1p32v_m40c
Wire Load Model Mode: top

  Startpoint: U0_ref_sync/enable_pulse_reg
              (rising edge-triggered flip-flop clocked by REF_CLK)
  Endpoint: U0_ALU/OUT_VALID_reg
            (rising edge-triggered flip-flop clocked by ALU_CLK)
  Path Group: ALU_CLK
  Path Type: min

  Point                                                   Incr       Path
  --------------------------------------------------------------------------
  clock REF_CLK (rise edge)                               0.00       0.00
  clock network delay (ideal)                             0.00       0.00
  U0_ref_sync/enable_pulse_reg/CK (DFFRQX2M)              0.00       0.00 r
  U0_ref_sync/enable_pulse_reg/Q (DFFRQX2M)               0.53       0.53 f
  U0_ref_sync/enable_pulse (DATA_SYNC_NUM_STAGES2_BUS_WIDTH8)
                                                          0.00       0.53 f
  U0_SYS_CTRL/UART_RX_VLD (SYS_CTRL)                      0.00       0.53 f
  U0_SYS_CTRL/U50/Y (INVX2M)                              0.17       0.69 r
  U0_SYS_CTRL/U27/Y (NOR2X2M)                             0.09       0.79 f
  U0_SYS_CTRL/ALU_EN (SYS_CTRL)                           0.00       0.79 f
  U0_ALU/EN (ALU)                                         0.00       0.79 f
  U0_ALU/OUT_VALID_reg/D (DFFRQX2M)                       0.00       0.79 f
  data arrival time                                                  0.79

  clock ALU_CLK (rise edge)                               0.00       0.00
  clock network delay (ideal)                             0.00       0.00
  clock uncertainty                                       0.10       0.10
  U0_ALU/OUT_VALID_reg/CK (DFFRQX2M)                      0.00       0.10 r
  library hold time                                      -0.03       0.07
  data required time                                                 0.07
  --------------------------------------------------------------------------
  data required time                                                 0.07
  data arrival time                                                 -0.79
  --------------------------------------------------------------------------
  slack (MET)                                                        0.72


  Startpoint: U0_SYS_CTRL/stored_addr_reg[0]
              (rising edge-triggered flip-flop clocked by REF_CLK)
  Endpoint: U0_SYS_CTRL/stored_addr_reg[0]
            (rising edge-triggered flip-flop clocked by REF_CLK)
  Path Group: REF_CLK
  Path Type: min

  Point                                                   Incr       Path
  --------------------------------------------------------------------------
  clock REF_CLK (rise edge)                               0.00       0.00
  clock network delay (ideal)                             0.00       0.00
  U0_SYS_CTRL/stored_addr_reg[0]/CK (DFFRX1M)             0.00       0.00 r
  U0_SYS_CTRL/stored_addr_reg[0]/QN (DFFRX1M)             0.36       0.36 r
  U0_SYS_CTRL/U102/Y (OAI22X1M)                           0.09       0.45 f
  U0_SYS_CTRL/stored_addr_reg[0]/D (DFFRX1M)              0.00       0.45 f
  data arrival time                                                  0.45

  clock REF_CLK (rise edge)                               0.00       0.00
  clock network delay (ideal)                             0.00       0.00
  clock uncertainty                                       0.10       0.10
  U0_SYS_CTRL/stored_addr_reg[0]/CK (DFFRX1M)             0.00       0.10 r
  library hold time                                      -0.01       0.09
  data required time                                                 0.09
  --------------------------------------------------------------------------
  data required time                                                 0.09
  data arrival time                                                 -0.45
  --------------------------------------------------------------------------
  slack (MET)                                                        0.37


  Startpoint: U0_UART/U0_UART_RX/U0_edge_bit_counter/bit_count_reg[3]
              (rising edge-triggered flip-flop clocked by RX_CLK)
  Endpoint: U0_UART/U0_UART_RX/U0_edge_bit_counter/bit_count_reg[3]
            (rising edge-triggered flip-flop clocked by RX_CLK)
  Path Group: RX_CLK
  Path Type: min

  Point                                                   Incr       Path
  --------------------------------------------------------------------------
  clock RX_CLK (rise edge)                                0.00       0.00
  clock network delay (ideal)                             0.00       0.00
  U0_UART/U0_UART_RX/U0_edge_bit_counter/bit_count_reg[3]/CK (DFFRX1M)
                                                          0.00       0.00 r
  U0_UART/U0_UART_RX/U0_edge_bit_counter/bit_count_reg[3]/QN (DFFRX1M)
                                                          0.35       0.35 r
  U0_UART/U0_UART_RX/U0_edge_bit_counter/U15/Y (OAI32X1M)
                                                          0.07       0.42 f
  U0_UART/U0_UART_RX/U0_edge_bit_counter/bit_count_reg[3]/D (DFFRX1M)
                                                          0.00       0.42 f
  data arrival time                                                  0.42

  clock RX_CLK (rise edge)                                0.00       0.00
  clock network delay (ideal)                             0.00       0.00
  clock uncertainty                                       0.10       0.10
  U0_UART/U0_UART_RX/U0_edge_bit_counter/bit_count_reg[3]/CK (DFFRX1M)
                                                          0.00       0.10 r
  library hold time                                      -0.02       0.08
  data required time                                                 0.08
  --------------------------------------------------------------------------
  data required time                                                 0.08
  data arrival time                                                 -0.42
  --------------------------------------------------------------------------
  slack (MET)                                                        0.34


  Startpoint: U0_UART_FIFO/U3/sync_reg_reg[0][0]
              (rising edge-triggered flip-flop clocked by TX_CLK)
  Endpoint: U0_UART_FIFO/U3/sync_reg_reg[0][1]
            (rising edge-triggered flip-flop clocked by TX_CLK)
  Path Group: TX_CLK
  Path Type: min

  Point                                                   Incr       Path
  --------------------------------------------------------------------------
  clock TX_CLK (rise edge)                                0.00       0.00
  clock network delay (ideal)                             0.00       0.00
  U0_UART_FIFO/U3/sync_reg_reg[0][0]/CK (DFFRQX2M)        0.00       0.00 r
  U0_UART_FIFO/U3/sync_reg_reg[0][0]/Q (DFFRQX2M)         0.45       0.45 f
  U0_UART_FIFO/U3/sync_reg_reg[0][1]/D (DFFRQX2M)         0.00       0.45 f
  data arrival time                                                  0.45

  clock TX_CLK (rise edge)                                0.00       0.00
  clock network delay (ideal)                             0.00       0.00
  clock uncertainty                                       0.10       0.10
  U0_UART_FIFO/U3/sync_reg_reg[0][1]/CK (DFFRQX2M)        0.00       0.10 r
  library hold time                                      -0.03       0.07
  data required time                                                 0.07
  --------------------------------------------------------------------------
  data required time                                                 0.07
  data arrival time                                                 -0.45
  --------------------------------------------------------------------------
  slack (MET)                                                        0.37


  Startpoint: U0_RST_SYNC/sync_reg_reg[0]/CK
              (internal path startpoint clocked by UART_CLK)
  Endpoint: U0_RST_SYNC/sync_reg_reg[1]
            (rising edge-triggered flip-flop clocked by UART_CLK)
  Path Group: UART_CLK
  Path Type: min

  Point                                                   Incr       Path
  --------------------------------------------------------------------------
  clock UART_CLK (rise edge)                              0.00       0.00
  clock network delay (ideal)                             0.00       0.00
  input external delay                                    0.00       0.00 r
  U0_RST_SYNC/sync_reg_reg[0]/CK (DFFRQX2M)               0.00       0.00 r
  U0_RST_SYNC/sync_reg_reg[0]/Q (DFFRQX2M)                0.46       0.46 f
  U0_RST_SYNC/sync_reg_reg[1]/D (DFFRQX2M)                0.00       0.46 f
  data arrival time                                                  0.46

  clock UART_CLK (rise edge)                              0.00       0.00
  clock network delay (ideal)                             0.00       0.00
  clock uncertainty                                       0.10       0.10
  U0_RST_SYNC/sync_reg_reg[1]/CK (DFFRQX2M)               0.00       0.10 r
  library hold time                                      -0.02       0.08
  data required time                                                 0.08
  --------------------------------------------------------------------------
  data required time                                                 0.08
  data arrival time                                                 -0.46
  --------------------------------------------------------------------------
  slack (MET)                                                        0.38


1
