 
****************************************
Report : timing
        -path full
        -delay max
        -max_paths 1
Design : SYS_TOP
Version: K-2015.06
Date   : Sat Sep 27 05:06:54 2025
****************************************

Operating Conditions: scmetro_tsmc_cl013g_rvt_ss_1p08v_125c   Library: scmetro_tsmc_cl013g_rvt_ss_1p08v_125c
Wire Load Model Mode: top

  Startpoint: U0_RegFile/regArr_reg[1][6]
              (rising edge-triggered flip-flop clocked by REF_CLK)
  Endpoint: U0_ALU/ALU_OUT_reg[0]
            (rising edge-triggered flip-flop clocked by ALU_CLK)
  Path Group: ALU_CLK
  Path Type: max

  Point                                                   Incr       Path
  --------------------------------------------------------------------------
  clock REF_CLK (rise edge)                               0.00       0.00
  clock network delay (ideal)                             0.00       0.00
  U0_RegFile/regArr_reg[1][6]/CK (DFFRQX2M)               0.00       0.00 r
  U0_RegFile/regArr_reg[1][6]/Q (DFFRQX2M)                0.48       0.48 f
  U0_RegFile/REG1[6] (RegFile)                            0.00       0.48 f
  U0_ALU/B[6] (ALU)                                       0.00       0.48 f
  U0_ALU/U91/Y (BUFX2M)                                   0.21       0.70 f
  U0_ALU/div_52/b[6] (ALU_DW_div_uns_0)                   0.00       0.70 f
  U0_ALU/div_52/U70/Y (NOR2X1M)                           0.16       0.86 r
  U0_ALU/div_52/U67/Y (AND3X1M)                           0.20       1.06 r
  U0_ALU/div_52/U65/Y (AND2X1M)                           0.16       1.22 r
  U0_ALU/div_52/U62/Y (AND4X1M)                           0.25       1.47 r
  U0_ALU/div_52/U40/Y (CLKMX2X2M)                         0.24       1.72 f
  U0_ALU/div_52/u_div/u_fa_PartRem_0_6_1/CO (ADDFX2M)     0.44       2.15 f
  U0_ALU/div_52/U63/Y (AND3X1M)                           0.32       2.47 f
  U0_ALU/div_52/U46/Y (CLKMX2X2M)                         0.24       2.71 r
  U0_ALU/div_52/u_div/u_fa_PartRem_0_5_1/CO (ADDFX2M)     0.49       3.20 r
  U0_ALU/div_52/u_div/u_fa_PartRem_0_5_2/CO (ADDFX2M)     0.24       3.43 r
  U0_ALU/div_52/U64/Y (AND2X1M)                           0.24       3.68 r
  U0_ALU/div_52/U51/Y (CLKMX2X2M)                         0.27       3.94 f
  U0_ALU/div_52/u_div/u_fa_PartRem_0_4_1/CO (ADDFX2M)     0.46       4.40 f
  U0_ALU/div_52/u_div/u_fa_PartRem_0_4_2/CO (ADDFX2M)     0.33       4.73 f
  U0_ALU/div_52/u_div/u_fa_PartRem_0_4_3/CO (ADDFX2M)     0.31       5.04 f
  U0_ALU/div_52/U66/Y (AND2X1M)                           0.28       5.31 f
  U0_ALU/div_52/U55/Y (CLKMX2X2M)                         0.24       5.55 f
  U0_ALU/div_52/u_div/u_fa_PartRem_0_3_1/CO (ADDFX2M)     0.46       6.01 f
  U0_ALU/div_52/u_div/u_fa_PartRem_0_3_2/CO (ADDFX2M)     0.33       6.33 f
  U0_ALU/div_52/u_div/u_fa_PartRem_0_3_3/CO (ADDFX2M)     0.33       6.66 f
  U0_ALU/div_52/u_div/u_fa_PartRem_0_3_4/CO (ADDFX2M)     0.31       6.97 f
  U0_ALU/div_52/U68/Y (AND3X1M)                           0.39       7.36 f
  U0_ALU/div_52/U58/Y (CLKMX2X2M)                         0.25       7.61 f
  U0_ALU/div_52/u_div/u_fa_PartRem_0_2_1/CO (ADDFX2M)     0.46       8.06 f
  U0_ALU/div_52/u_div/u_fa_PartRem_0_2_2/CO (ADDFX2M)     0.33       8.39 f
  U0_ALU/div_52/u_div/u_fa_PartRem_0_2_3/CO (ADDFX2M)     0.33       8.72 f
  U0_ALU/div_52/u_div/u_fa_PartRem_0_2_4/CO (ADDFX2M)     0.33       9.05 f
  U0_ALU/div_52/u_div/u_fa_PartRem_0_2_5/CO (ADDFX2M)     0.31       9.36 f
  U0_ALU/div_52/U69/Y (AND2X1M)                           0.32       9.68 f
  U0_ALU/div_52/U60/Y (CLKMX2X2M)                         0.25       9.93 f
  U0_ALU/div_52/u_div/u_fa_PartRem_0_1_1/CO (ADDFX2M)     0.46      10.39 f
  U0_ALU/div_52/u_div/u_fa_PartRem_0_1_2/CO (ADDFX2M)     0.33      10.71 f
  U0_ALU/div_52/u_div/u_fa_PartRem_0_1_3/CO (ADDFX2M)     0.33      11.04 f
  U0_ALU/div_52/u_div/u_fa_PartRem_0_1_4/CO (ADDFX2M)     0.33      11.37 f
  U0_ALU/div_52/u_div/u_fa_PartRem_0_1_5/CO (ADDFX2M)     0.33      11.70 f
  U0_ALU/div_52/u_div/u_fa_PartRem_0_1_6/CO (ADDFX2M)     0.31      12.01 f
  U0_ALU/div_52/U71/Y (AND2X1M)                           0.34      12.35 f
  U0_ALU/div_52/U61/Y (CLKMX2X2M)                         0.24      12.59 f
  U0_ALU/div_52/u_div/u_fa_PartRem_0_0_1/CO (ADDFX2M)     0.45      13.04 f
  U0_ALU/div_52/u_div/u_fa_PartRem_0_0_2/CO (ADDFX2M)     0.33      13.37 f
  U0_ALU/div_52/u_div/u_fa_PartRem_0_0_3/CO (ADDFX2M)     0.33      13.70 f
  U0_ALU/div_52/u_div/u_fa_PartRem_0_0_4/CO (ADDFX2M)     0.33      14.02 f
  U0_ALU/div_52/u_div/u_fa_PartRem_0_0_5/CO (ADDFX2M)     0.33      14.35 f
  U0_ALU/div_52/u_div/u_fa_PartRem_0_0_6/CO (ADDFX2M)     0.33      14.68 f
  U0_ALU/div_52/u_div/u_fa_PartRem_0_0_7/CO (ADDFX2M)     0.32      15.00 f
  U0_ALU/div_52/quotient[0] (ALU_DW_div_uns_0)            0.00      15.00 f
  U0_ALU/U43/Y (AOI222X1M)                                0.41      15.41 r
  U0_ALU/U40/Y (AOI31X2M)                                 0.14      15.55 f
  U0_ALU/ALU_OUT_reg[0]/D (DFFRQX2M)                      0.00      15.55 f
  data arrival time                                                 15.55

  clock ALU_CLK (rise edge)                              20.00      20.00
  clock network delay (ideal)                             0.00      20.00
  clock uncertainty                                      -0.20      19.80
  U0_ALU/ALU_OUT_reg[0]/CK (DFFRQX2M)                     0.00      19.80 r
  library setup time                                     -0.17      19.63
  data required time                                                19.63
  --------------------------------------------------------------------------
  data required time                                                19.63
  data arrival time                                                -15.55
  --------------------------------------------------------------------------
  slack (MET)                                                        4.08


  Startpoint: U0_SYS_CTRL/C_S_reg[1]
              (rising edge-triggered flip-flop clocked by REF_CLK)
  Endpoint: U0_RegFile/RdData_reg[0]
            (rising edge-triggered flip-flop clocked by REF_CLK)
  Path Group: REF_CLK
  Path Type: max

  Point                                                   Incr       Path
  --------------------------------------------------------------------------
  clock REF_CLK (rise edge)                               0.00       0.00
  clock network delay (ideal)                             0.00       0.00
  U0_SYS_CTRL/C_S_reg[1]/CK (DFFRQX2M)                    0.00       0.00 r
  U0_SYS_CTRL/C_S_reg[1]/Q (DFFRQX2M)                     0.45       0.45 r
  U0_SYS_CTRL/U39/Y (INVX2M)                              0.13       0.58 f
  U0_SYS_CTRL/U38/Y (NOR3X2M)                             0.28       0.86 r
  U0_SYS_CTRL/U21/Y (NAND2X2M)                            0.12       0.98 f
  U0_SYS_CTRL/U15/Y (OA21X2M)                             0.40       1.37 f
  U0_SYS_CTRL/U40/Y (OAI21X2M)                            0.15       1.52 r
  U0_SYS_CTRL/RF_Address[0] (SYS_CTRL)                    0.00       1.52 r
  U4/Y (BUFX2M)                                           0.38       1.90 r
  U0_RegFile/Address[0] (RegFile)                         0.00       1.90 r
  U0_RegFile/U60/Y (INVX2M)                               0.12       2.02 f
  U0_RegFile/U17/Y (BUFX2M)                               0.17       2.19 f
  U0_RegFile/U16/Y (INVX2M)                               0.77       2.96 r
  U0_RegFile/U198/Y (MX4X1M)                              0.49       3.46 f
  U0_RegFile/U206/Y (MX4X1M)                              0.34       3.80 f
  U0_RegFile/U205/Y (AO22X1M)                             0.32       4.12 f
  U0_RegFile/RdData_reg[0]/D (DFFRQX2M)                   0.00       4.12 f
  data arrival time                                                  4.12

  clock REF_CLK (rise edge)                              20.00      20.00
  clock network delay (ideal)                             0.00      20.00
  clock uncertainty                                      -0.20      19.80
  U0_RegFile/RdData_reg[0]/CK (DFFRQX2M)                  0.00      19.80 r
  library setup time                                     -0.15      19.65
  data required time                                                19.65
  --------------------------------------------------------------------------
  data required time                                                19.65
  data arrival time                                                 -4.12
  --------------------------------------------------------------------------
  slack (MET)                                                       15.53


  Startpoint: UART_RX_IN (input port clocked by RX_CLK)
  Endpoint: U0_UART/U0_UART_RX/U0_edge_bit_counter/bit_count_reg[2]
            (rising edge-triggered flip-flop clocked by RX_CLK)
  Path Group: RX_CLK
  Path Type: max

  Point                                                   Incr       Path
  --------------------------------------------------------------------------
  clock RX_CLK (rise edge)                                0.00       0.00
  clock network delay (ideal)                             0.00       0.00
  input external delay                                   54.26      54.26 r
  UART_RX_IN (in)                                         0.05      54.31 r
  U0_UART/RX_IN_S (UART)                                  0.00      54.31 r
  U0_UART/U0_UART_RX/RX_IN (UART_RX)                      0.00      54.31 r
  U0_UART/U0_UART_RX/U0_uart_fsm/S_DATA (uart_rx_fsm_DATA_WIDTH8)
                                                          0.00      54.31 r
  U0_UART/U0_UART_RX/U0_uart_fsm/U70/Y (AO21XLM)          0.26      54.57 r
  U0_UART/U0_UART_RX/U0_uart_fsm/U62/Y (CLKNAND2X2M)      0.19      54.76 f
  U0_UART/U0_UART_RX/U0_uart_fsm/edge_bit_en (uart_rx_fsm_DATA_WIDTH8)
                                                          0.00      54.76 f
  U0_UART/U0_UART_RX/U0_edge_bit_counter/Enable (edge_bit_counter)
                                                          0.00      54.76 f
  U0_UART/U0_UART_RX/U0_edge_bit_counter/U4/Y (INVX2M)
                                                          0.14      54.89 r
  U0_UART/U0_UART_RX/U0_edge_bit_counter/U5/Y (NOR2X2M)
                                                          0.08      54.98 f
  U0_UART/U0_UART_RX/U0_edge_bit_counter/U3/Y (INVX2M)
                                                          0.19      55.17 r
  U0_UART/U0_UART_RX/U0_edge_bit_counter/U13/Y (NAND3X2M)
                                                          0.13      55.30 f
  U0_UART/U0_UART_RX/U0_edge_bit_counter/U11/Y (OAI32X1M)
                                                          0.24      55.53 r
  U0_UART/U0_UART_RX/U0_edge_bit_counter/bit_count_reg[2]/D (DFFRQX2M)
                                                          0.00      55.53 r
  data arrival time                                                 55.53

  clock RX_CLK (rise edge)                              271.30     271.30
  clock network delay (ideal)                             0.00     271.30
  clock uncertainty                                      -0.20     271.10
  U0_UART/U0_UART_RX/U0_edge_bit_counter/bit_count_reg[2]/CK (DFFRQX2M)
                                                          0.00     271.10 r
  library setup time                                     -0.35     270.75
  data required time                                               270.75
  --------------------------------------------------------------------------
  data required time                                               270.75
  data arrival time                                                -55.53
  --------------------------------------------------------------------------
  slack (MET)                                                      215.21


  Startpoint: U0_UART/U0_UART_TX/U1/C_S_reg[2]
              (rising edge-triggered flip-flop clocked by TX_CLK)
  Endpoint: UART_TX_O (output port clocked by TX_CLK)
  Path Group: TX_CLK
  Path Type: max

  Point                                                   Incr       Path
  --------------------------------------------------------------------------
  clock TX_CLK (rise edge)                                0.00       0.00
  clock network delay (ideal)                             0.00       0.00
  U0_UART/U0_UART_TX/U1/C_S_reg[2]/CK (DFFRQX2M)          0.00       0.00 r
  U0_UART/U0_UART_TX/U1/C_S_reg[2]/Q (DFFRQX2M)           0.50       0.50 f
  U0_UART/U0_UART_TX/U1/U4/Y (NOR2X2M)                    0.20       0.69 r
  U0_UART/U0_UART_TX/U1/U3/Y (INVX2M)                     0.13       0.82 f
  U0_UART/U0_UART_TX/U1/mux_sel[0] (FSM)                  0.00       0.82 f
  U0_UART/U0_UART_TX/U2/mux_sel[0] (MUX)                  0.00       0.82 f
  U0_UART/U0_UART_TX/U2/U4/Y (INVX2M)                     0.08       0.90 r
  U0_UART/U0_UART_TX/U2/U3/Y (AOI22X1M)                   0.12       1.02 f
  U0_UART/U0_UART_TX/U2/U1/Y (OAI2B2X4M)                  0.70       1.72 r
  U0_UART/U0_UART_TX/U2/TX_OUT (MUX)                      0.00       1.72 r
  U0_UART/U0_UART_TX/TX_OUT (UART_TX)                     0.00       1.72 r
  U0_UART/TX_OUT_S (UART)                                 0.00       1.72 r
  UART_TX_O (out)                                         0.00       1.72 r
  data arrival time                                                  1.72

  clock TX_CLK (rise edge)                             8681.50    8681.50
  clock network delay (ideal)                             0.00    8681.50
  clock uncertainty                                      -0.20    8681.30
  output external delay                               -1736.30    6945.00
  data required time                                              6945.00
  --------------------------------------------------------------------------
  data required time                                              6945.00
  data arrival time                                                 -1.72
  --------------------------------------------------------------------------
  slack (MET)                                                     6943.28


  Startpoint: U1_ClkDiv/count_reg[2]
              (rising edge-triggered flip-flop clocked by UART_CLK)
  Endpoint: U1_ClkDiv/count_reg[0]
            (rising edge-triggered flip-flop clocked by UART_CLK)
  Path Group: UART_CLK
  Path Type: max

  Point                                                   Incr       Path
  --------------------------------------------------------------------------
  clock UART_CLK (rise edge)                              0.00       0.00
  clock network delay (ideal)                             0.00       0.00
  U1_ClkDiv/count_reg[2]/CK (DFFRQX2M)                    0.00       0.00 r
  U1_ClkDiv/count_reg[2]/Q (DFFRQX2M)                     0.50       0.50 f
  U1_ClkDiv/U35/Y (CLKXOR2X2M)                            0.23       0.73 f
  U1_ClkDiv/U34/Y (NOR4X1M)                               0.26       0.99 r
  U1_ClkDiv/U33/Y (NAND4X1M)                              0.20       1.19 f
  U1_ClkDiv/U32/Y (MXI2X1M)                               0.18       1.37 r
  U1_ClkDiv/U31/Y (CLKNAND2X2M)                           0.13       1.50 f
  U1_ClkDiv/U25/Y (AND3X1M)                               0.30       1.80 f
  U1_ClkDiv/U18/Y (AO22X1M)                               0.41       2.21 f
  U1_ClkDiv/count_reg[0]/D (DFFRQX2M)                     0.00       2.21 f
  data arrival time                                                  2.21

  clock UART_CLK (rise edge)                            271.30     271.30
  clock network delay (ideal)                             0.00     271.30
  clock uncertainty                                      -0.20     271.10
  U1_ClkDiv/count_reg[0]/CK (DFFRQX2M)                    0.00     271.10 r
  library setup time                                     -0.15     270.94
  data required time                                               270.94
  --------------------------------------------------------------------------
  data required time                                               270.94
  data arrival time                                                 -2.21
  --------------------------------------------------------------------------
  slack (MET)                                                      268.73


1
